122.176.162.7 - - [13/May/2016:03:09:20 -0500] "GET /desktop/img/page-search/mock-card.jpg HTTP/2.0" 200 5107 "https://www.stayzilla.com/desktop/bundles/61740c8f.main.cache.css" "Mozilla/5.0 (Windows NT 6.1) AppleWebKit/537.36 (KHTML, like Gecko) Chrome/50.0.2661.102 Safari/537.36"
103.230.222.134 - - [13/May/2016:03:09:20 -0500] "GET /mobile/img/sz-loader.svg HTTP/2.0" 200 922 "https://www.stayzilla.com/search?&queryText=Madurai&utm_campaign=384494564&utm_medium=27353604524&utm_term=%2Bmadurai%20%2Bhotel&utm_source=adwords&device=m&gclid=Cj0KEQjw9tW5BRDk29KDnqWu4fMBEiQAKj7sp_5K0lu4V3t9_p1I7418Ggn9JB79m5gCO78uS9c0w70aAt628P8HAQ" "Mozilla/5.0 (Linux; Android 6.0; XT1068 Build/MPB24.65-34) AppleWebKit/537.36 (KHTML, like Gecko) Chrome/50.0.2661.89 Mobile Safari/537.36"
103.236.115.202 - - [13/May/2016:03:09:20 -0500] "GET /mobile/img/down-arrow.png HTTP/2.0" 200 550 "https://www.stayzilla.com/mobile/bundles/main.84659e23.css" "Mozilla/5.0 (Linux; Android 6.0.1; Nexus 5 Build/MOB30H) AppleWebKit/537.36 (KHTML, like Gecko) Chrome/50.0.2661.89 Mobile Safari/537.36"
122.176.162.7 - - [13/May/2016:03:09:20 -0500] "GET /desktop/img/footer-watermark.png HTTP/2.0" 200 31478 "https://www.stayzilla.com/desktop/bundles/61740c8f.main.cache.css" "Mozilla/5.0 (Windows NT 6.1) AppleWebKit/537.36 (KHTML, like Gecko) Chrome/50.0.2661.102 Safari/537.36"
122.176.162.7 - - [13/May/2016:03:09:20 -0500] "GET /desktop/img/fullscreenicon.svg HTTP/2.0" 200 1449 "https://www.stayzilla.com/search?checkInDate=15-05-2016&checkOutDate=16-05-2016&np=1&queryText=Lansdowne&sorting=id%3Drelevance%26order%3DDESC" "Mozilla/5.0 (Windows NT 6.1) AppleWebKit/537.36 (KHTML, like Gecko) Chrome/50.0.2661.102 Safari/537.36"
122.176.162.7 - - [13/May/2016:03:09:20 -0500] "GET /desktop/img/property-card/verified.svg HTTP/2.0" 200 723 "https://www.stayzilla.com/search?checkInDate=15-05-2016&checkOutDate=16-05-2016&np=1&queryText=Lansdowne&sorting=id%3Drelevance%26order%3DDESC" "Mozilla/5.0 (Windows NT 6.1) AppleWebKit/537.36 (KHTML, like Gecko) Chrome/50.0.2661.102 Safari/537.36"
106.219.19.205 - - [13/May/2016:03:09:21 -0500] "GET /mobile/img/body-bg.png HTTP/1.1" 200 1189 "https://www.stayzilla.com/search?&queryText=Nainital&utm_campaign=384494204&utm_medium=27353609924&utm_term=%2Bnainital%20%2Bhotel&utm_source=adwords&device=m&gclid=COKz5MrM1swCFQF7vQodtWwHgw" "Mozilla/5.0 (Windows Phone 8.1; ARM; Trident/7.0; Touch; rv:11.0; IEMobile/11.0; NOKIA; Lumia 630) like Gecko"
103.194.138.106 - - [13/May/2016:03:09:21 -0500] "GET /search?&queryText=Chennai&filters=stay%255B%255D%3Dresort&utm_campaign=384488924&utm_medium=27353611964&utm_term=%2Bchennai%20%2Bresort&utm_source=adwords&device=c&gclid=Cj0KEQjw9tW5BRDk29KDnqWu4fMBEiQAKj7sp1UUudK9S2yHYnK9gHGKqmwOVFhmt0NmV4TjXDivCrIaArjT8P8HAQ HTTP/1.1" 200 1906 "http://www.google.co.in/aclk?sa=l&ai=CzR33xYg1V7u9ENKM8AXTt6_YAtzms9JE1OrirdQCkeaKxIsBCAMQAygDYOWS6IPYDqABraKa1QPIAQGpAp2zG1xBF1A-qgQoT9D6Apar0JLgWYdXssfN51eGgPHe-H4TG2-4kx9BFkieED6p8fo3YIAHnL7XM4gHAZAHAqgHpr4b2AcB&sig=AOD64_05iTtCe_08yHebk_atpwgOUpF6PA&clui=11&rct=j&q=&ved=0ahUKEwiQ7rvxydbMAhVLMI8KHYP1D-gQ0QwIqwE&adurl=http://stayzilla.com/search%3F%26queryText%3DChennai%26filters%3Dstay%25255B%25255D%253Dresort%26utm_campaign%3D384488924%26utm_medium%3D27353611964%26utm_term%3D%252Bchennai%2520%252Bresort%26utm_source%3Dadwords%26device%3Dc" "Mozilla/5.0 (Windows NT 6.1; rv:15.0) Gecko/20100101 Firefox/15.0"
122.15.80.195 - - [13/May/2016:03:09:21 -0500] "GET /search?area=Solan&queryText=Solan&np=2&checkInDate=20-7-2016&checkOutDate=21-7-2016 HTTP/2.0" 200 2114 "-" "Mozilla/5.0 (Windows NT 6.1; WOW64) AppleWebKit/537.36 (KHTML, like Gecko) Chrome/50.0.2661.94 Safari/537.36"
103.194.138.106 - - [13/May/2016:03:09:22 -0500] "GET /desktop/bundles/61740c8f.main.cache.css HTTP/1.1" 200 25101 "https://www.stayzilla.com/search?&queryText=Chennai&filters=stay%255B%255D%3Dresort&utm_campaign=384488924&utm_medium=27353611964&utm_term=%2Bchennai%20%2Bresort&utm_source=adwords&device=c&gclid=Cj0KEQjw9tW5BRDk29KDnqWu4fMBEiQAKj7sp1UUudK9S2yHYnK9gHGKqmwOVFhmt0NmV4TjXDivCrIaArjT8P8HAQ" "Mozilla/5.0 (Windows NT 6.1; rv:15.0) Gecko/20100101 Firefox/15.0"
103.194.138.106 - - [13/May/2016:03:09:22 -0500] "GET /common/jquery-2.1.4.min.js HTTP/1.1" 200 30374 "https://www.stayzilla.com/search?&queryText=Chennai&filters=stay%255B%255D%3Dresort&utm_campaign=384488924&utm_medium=27353611964&utm_term=%2Bchennai%20%2Bresort&utm_source=adwords&device=c&gclid=Cj0KEQjw9tW5BRDk29KDnqWu4fMBEiQAKj7sp1UUudK9S2yHYnK9gHGKqmwOVFhmt0NmV4TjXDivCrIaArjT8P8HAQ" "Mozilla/5.0 (Windows NT 6.1; rv:15.0) Gecko/20100101 Firefox/15.0"
103.194.138.106 - - [13/May/2016:03:09:22 -0500] "GET /desktop/img/favicons/sz-favicon36x36.png HTTP/1.1" 200 2713 "-" "Mozilla/5.0 (Windows NT 6.1; rv:15.0) Gecko/20100101 Firefox/15.0"
103.194.138.106 - - [13/May/2016:03:09:22 -0500] "GET /desktop/img/favicons/sz-favicon.ico HTTP/1.1" 200 32038 "-" "Mozilla/5.0 (Windows NT 6.1; rv:15.0) Gecko/20100101 Firefox/15.0"
27.107.212.99 - - [13/May/2016:03:09:22 -0500] "GET /mobile/img/sz-loader.svg HTTP/1.1" 200 707 "https://www.stayzilla.com/search?&queryText=Munnar&filters=stay%255B%255D%3Dresort&utm_campaign=384494084&utm_medium=27353614364&utm_term=%2Bmunnar%20%2Bresort&utm_source=adwords&device=m&gclid=CMfks87M1swCFQt6vQodCyoL8g" "Mozilla/5.0 (Linux; Android 4.0.4; GT-S7562 Build/IMM76I) AppleWebKit/537.36 (KHTML, like Gecko) Chrome/42.0.2311.111 Mobile Safari/537.36"
103.194.138.106 - - [13/May/2016:03:09:22 -0500] "GET /desktop/img/body-bg.png HTTP/1.1" 200 1189 "https://www.stayzilla.com/desktop/bundles/61740c8f.main.cache.css" "Mozilla/5.0 (Windows NT 6.1; rv:15.0) Gecko/20100101 Firefox/15.0"
106.219.63.120 - - [13/May/2016:03:09:23 -0500] "GET /mobile/bundles/app.a55b1412.js HTTP/2.0" 200 50971 "https://www.stayzilla.com/search?&queryText=Mussoorie&utm_campaign=384496004&utm_medium=27353608244&utm_term=%2Bmussoorie%20%2Bhotel&utm_source=adwords&device=m&gclid=Cj0KEQjw9tW5BRDk29KDnqWu4fMBEiQAKj7sp1vsq6XL-kaE5mJDCVW1fBN0OJbg-q1CgeETFqkAiUkaArwS8P8HAQ" "Mozilla/5.0 (Linux; Android 5.1.1; A33f Build/LMY47V) AppleWebKit/537.36 (KHTML, like Gecko) Chrome/43.0.2357.93 Mobile Safari/537.36"
106.219.63.120 - - [13/May/2016:03:09:23 -0500] "GET /mobile/img/body-bg.png HTTP/2.0" 200 1476 "https://www.stayzilla.com/mobile/bundles/main.84659e23.css" "Mozilla/5.0 (Linux; Android 5.1.1; A33f Build/LMY47V) AppleWebKit/537.36 (KHTML, like Gecko) Chrome/43.0.2357.93 Mobile Safari/537.36"
103.194.138.106 - - [13/May/2016:03:09:23 -0500] "GET /desktop/bundles/86a46f2b.app.cache.js HTTP/1.1" 200 192823 "https://www.stayzilla.com/search?&queryText=Chennai&filters=stay%255B%255D%3Dresort&utm_campaign=384488924&utm_medium=27353611964&utm_term=%2Bchennai%20%2Bresort&utm_source=adwords&device=c&gclid=Cj0KEQjw9tW5BRDk29KDnqWu4fMBEiQAKj7sp1UUudK9S2yHYnK9gHGKqmwOVFhmt0NmV4TjXDivCrIaArjT8P8HAQ" "Mozilla/5.0 (Windows NT 6.1; rv:15.0) Gecko/20100101 Firefox/15.0"
59.88.242.249 - - [13/May/2016:03:09:24 -0500] "GET /desktop/img/favicons/sz-favicon.ico HTTP/2.0" 200 32330 "https://www.stayzilla.com/search?checkInDate=15-05-2016&checkOutDate=16-05-2016&np=1&queryText=Vizag&sorting=id%3Drelevance%26order%3DDESC" "Mozilla/5.0 (Windows NT 6.1) AppleWebKit/537.36 (KHTML, like Gecko) Chrome/50.0.2661.102 Safari/537.36"
182.69.72.188 - - [13/May/2016:03:09:25 -0500] "GET /search?&queryText=Jim+Corbett&utm_campaign=387584084&utm_medium=27549439604&utm_term=%2Bjim%20%2Bcorbett%20%2Bresort&utm_source=adwords&device=c&gclid=CJLX9dbM1swCFdckvQodDGUOmA HTTP/2.0" 200 2114 "https://www.google.co.in/" "Mozilla/5.0 (Windows NT 6.1) AppleWebKit/537.36 (KHTML, like Gecko) Chrome/50.0.2661.94 Safari/537.36"
219.91.200.50 - - [13/May/2016:03:09:25 -0500] "GET / HTTP/2.0" 200 2114 "https://www.linkedin.com" "Mozilla/5.0 (Windows NT 6.3; WOW64; rv:46.0) Gecko/20100101 Firefox/46.0"
219.91.200.50 - - [13/May/2016:03:09:26 -0500] "GET /desktop/bundles/61740c8f.main.cache.css HTTP/2.0" 200 25413 "https://www.stayzilla.com/" "Mozilla/5.0 (Windows NT 6.3; WOW64; rv:46.0) Gecko/20100101 Firefox/46.0"
219.91.200.50 - - [13/May/2016:03:09:26 -0500] "GET /common/jquery-2.1.4.min.js HTTP/2.0" 200 30700 "https://www.stayzilla.com/" "Mozilla/5.0 (Windows NT 6.3; WOW64; rv:46.0) Gecko/20100101 Firefox/46.0"
219.91.200.50 - - [13/May/2016:03:09:26 -0500] "GET /desktop/img/favicons/sz-favicon36x36.png HTTP/2.0" 200 3000 "-" "Mozilla/5.0 (Windows NT 6.3; WOW64; rv:46.0) Gecko/20100101 Firefox/46.0"
219.91.200.50 - - [13/May/2016:03:09:26 -0500] "GET /desktop/img/favicons/sz-favicon.ico HTTP/2.0" 200 32330 "-" "Mozilla/5.0 (Windows NT 6.3; WOW64; rv:46.0) Gecko/20100101 Firefox/46.0"
219.91.200.50 - - [13/May/2016:03:09:26 -0500] "GET /desktop/bundles/86a46f2b.app.cache.js HTTP/2.0" 200 193151 "https://www.stayzilla.com/" "Mozilla/5.0 (Windows NT 6.3; WOW64; rv:46.0) Gecko/20100101 Firefox/46.0"
14.140.151.102 - - [13/May/2016:03:09:26 -0500] "POST /cloud_call_back_url.php HTTP/1.1" 405 176 "-" "python-requests/2.8.1"
61.246.203.6 - - [13/May/2016:03:09:26 -0500] "GET /desktop/img/page-search/quick-view-box-arrow.png HTTP/1.1" 200 484 "https://www.stayzilla.com/search?checkInDate=15-05-2016&checkOutDate=16-05-2016&np=1&queryText=Coonoor&sorting=id%3Drelevance%26order%3DDESC" "Mozilla/5.0 (Windows NT 6.1; WOW64; Trident/7.0; rv:11.0) like Gecko"
223.31.116.202 - - [13/May/2016:03:09:26 -0500] "GET /sync_cookie.php?cookiecheck=yes;j=yes;jsonp=cback_cook HTTP/1.1" 200 1899 "http://legacy.stayzilla.com/" "Mozilla/5.0 (X11; Ubuntu; Linux x86_64; rv:35.0) Gecko/20100101 Firefox/35.0"
219.91.200.50 - - [13/May/2016:03:09:26 -0500] "GET /desktop/img/body-bg.png HTTP/2.0" 200 1476 "https://www.stayzilla.com/desktop/bundles/61740c8f.main.cache.css" "Mozilla/5.0 (Windows NT 6.3; WOW64; rv:46.0) Gecko/20100101 Firefox/46.0"
66.249.71.120 - - [13/May/2016:03:09:27 -0500] "GET / HTTP/1.1" 400 274 "-" "Mozilla/5.0 (compatible; Googlebot/2.1; +http://www.google.com/bot.html)"
103.230.222.134 - - [13/May/2016:03:09:28 -0500] "GET /mobile/fonts/sz-icon-font.woff?88e901b9d2b11d7c459265418b164812 HTTP/2.0" 200 46946 "https://www.stayzilla.com/mobile/bundles/main.84659e23.css" "Mozilla/5.0 (Linux; Android 6.0; XT1068 Build/MPB24.65-34) AppleWebKit/537.36 (KHTML, like Gecko) Chrome/50.0.2661.89 Mobile Safari/537.36"
219.91.200.50 - - [13/May/2016:03:09:28 -0500] "GET /desktop/img/brand-logo-home.svg HTTP/2.0" 200 9229 "https://www.stayzilla.com/" "Mozilla/5.0 (Windows NT 6.3; WOW64; rv:46.0) Gecko/20100101 Firefox/46.0"
219.91.200.50 - - [13/May/2016:03:09:28 -0500] "GET /desktop/img/page-home/homestory-book1.png HTTP/2.0" 200 88297 "https://www.stayzilla.com/" "Mozilla/5.0 (Windows NT 6.3; WOW64; rv:46.0) Gecko/20100101 Firefox/46.0"
219.91.200.50 - - [13/May/2016:03:09:28 -0500] "GET /desktop/img/brand-logo.svg HTTP/2.0" 200 2857 "https://www.stayzilla.com/" "Mozilla/5.0 (Windows NT 6.3; WOW64; rv:46.0) Gecko/20100101 Firefox/46.0"
219.91.200.50 - - [13/May/2016:03:09:28 -0500] "GET /desktop/img/page-home/video-openup.jpg HTTP/2.0" 200 51342 "https://www.stayzilla.com/" "Mozilla/5.0 (Windows NT 6.3; WOW64; rv:46.0) Gecko/20100101 Firefox/46.0"
219.91.200.50 - - [13/May/2016:03:09:28 -0500] "GET /desktop/img/page-home/img-homestay-owner.jpg HTTP/2.0" 200 67322 "https://www.stayzilla.com/" "Mozilla/5.0 (Windows NT 6.3; WOW64; rv:46.0) Gecko/20100101 Firefox/46.0"
219.91.200.50 - - [13/May/2016:03:09:28 -0500] "GET /desktop/img/page-home/hot-cities/goa.jpg HTTP/2.0" 200 16291 "https://www.stayzilla.com/" "Mozilla/5.0 (Windows NT 6.3; WOW64; rv:46.0) Gecko/20100101 Firefox/46.0"
219.91.200.50 - - [13/May/2016:03:09:28 -0500] "GET /desktop/img/page-home/hot-cities/coorg.jpg HTTP/2.0" 200 32243 "https://www.stayzilla.com/" "Mozilla/5.0 (Windows NT 6.3; WOW64; rv:46.0) Gecko/20100101 Firefox/46.0"
219.91.200.50 - - [13/May/2016:03:09:28 -0500] "GET /desktop/img/page-home/hot-cities/alappuzha.jpg HTTP/2.0" 200 18592 "https://www.stayzilla.com/" "Mozilla/5.0 (Windows NT 6.3; WOW64; rv:46.0) Gecko/20100101 Firefox/46.0"
219.91.200.50 - - [13/May/2016:03:09:28 -0500] "GET /desktop/img/page-home/hot-cities/srinagar.jpg HTTP/2.0" 200 15107 "https://www.stayzilla.com/" "Mozilla/5.0 (Windows NT 6.3; WOW64; rv:46.0) Gecko/20100101 Firefox/46.0"
219.91.200.50 - - [13/May/2016:03:09:28 -0500] "GET /desktop/img/page-home/hot-cities/bangalore.jpg HTTP/2.0" 200 21745 "https://www.stayzilla.com/" "Mozilla/5.0 (Windows NT 6.3; WOW64; rv:46.0) Gecko/20100101 Firefox/46.0"
219.91.200.50 - - [13/May/2016:03:09:28 -0500] "GET /desktop/img/page-home/hot-cities/manali.jpg HTTP/2.0" 200 15329 "https://www.stayzilla.com/" "Mozilla/5.0 (Windows NT 6.3; WOW64; rv:46.0) Gecko/20100101 Firefox/46.0"
219.91.200.50 - - [13/May/2016:03:09:28 -0500] "GET /desktop/img/page-home/hot-cities/panchgani.jpg HTTP/2.0" 200 13674 "https://www.stayzilla.com/" "Mozilla/5.0 (Windows NT 6.3; WOW64; rv:46.0) Gecko/20100101 Firefox/46.0"
219.91.200.50 - - [13/May/2016:03:09:28 -0500] "GET /desktop/img/page-home/hot-cities/gangtok.jpg HTTP/2.0" 200 25141 "https://www.stayzilla.com/" "Mozilla/5.0 (Windows NT 6.3; WOW64; rv:46.0) Gecko/20100101 Firefox/46.0"
219.91.200.50 - - [13/May/2016:03:09:28 -0500] "GET /desktop/img/footer_playStore.png HTTP/2.0" 200 6277 "https://www.stayzilla.com/" "Mozilla/5.0 (Windows NT 6.3; WOW64; rv:46.0) Gecko/20100101 Firefox/46.0"
219.91.200.50 - - [13/May/2016:03:09:28 -0500] "GET /desktop/img/footer_appStore.png HTTP/2.0" 200 6938 "https://www.stayzilla.com/" "Mozilla/5.0 (Windows NT 6.3; WOW64; rv:46.0) Gecko/20100101 Firefox/46.0"
219.91.200.50 - - [13/May/2016:03:09:28 -0500] "GET /desktop/img/page-home/bg-banner.jpg HTTP/2.0" 200 117463 "https://www.stayzilla.com/desktop/bundles/61740c8f.main.cache.css" "Mozilla/5.0 (Windows NT 6.3; WOW64; rv:46.0) Gecko/20100101 Firefox/46.0"
219.91.200.50 - - [13/May/2016:03:09:28 -0500] "GET /desktop/img/page-home/bg-video.png HTTP/2.0" 200 18809 "https://www.stayzilla.com/desktop/bundles/61740c8f.main.cache.css" "Mozilla/5.0 (Windows NT 6.3; WOW64; rv:46.0) Gecko/20100101 Firefox/46.0"
219.91.200.50 - - [13/May/2016:03:09:29 -0500] "GET /desktop/img/page-home/hot-cities/polaroid-outer.png HTTP/2.0" 200 805 "https://www.stayzilla.com/desktop/bundles/61740c8f.main.cache.css" "Mozilla/5.0 (Windows NT 6.3; WOW64; rv:46.0) Gecko/20100101 Firefox/46.0"
219.91.200.50 - - [13/May/2016:03:09:29 -0500] "GET /desktop/img/page-home/bg-yaathum-oorey.jpg HTTP/2.0" 200 26885 "https://www.stayzilla.com/desktop/bundles/61740c8f.main.cache.css" "Mozilla/5.0 (Windows NT 6.3; WOW64; rv:46.0) Gecko/20100101 Firefox/46.0"
219.91.200.50 - - [13/May/2016:03:09:29 -0500] "GET /desktop/img/page-home/bg-ship.png HTTP/2.0" 200 52107 "https://www.stayzilla.com/desktop/bundles/61740c8f.main.cache.css" "Mozilla/5.0 (Windows NT 6.3; WOW64; rv:46.0) Gecko/20100101 Firefox/46.0"
219.91.200.50 - - [13/May/2016:03:09:29 -0500] "GET /desktop/img/page-home/img-ship.png HTTP/2.0" 200 96412 "https://www.stayzilla.com/desktop/bundles/61740c8f.main.cache.css" "Mozilla/5.0 (Windows NT 6.3; WOW64; rv:46.0) Gecko/20100101 Firefox/46.0"
219.91.200.50 - - [13/May/2016:03:09:29 -0500] "GET /desktop/img/footer-watermark.png HTTP/2.0" 200 31478 "https://www.stayzilla.com/desktop/bundles/61740c8f.main.cache.css" "Mozilla/5.0 (Windows NT 6.3; WOW64; rv:46.0) Gecko/20100101 Firefox/46.0"
219.91.200.50 - - [13/May/2016:03:09:29 -0500] "GET /desktop/fonts/CrimsonText-Regular.ttf HTTP/2.0" 200 98462 "https://www.stayzilla.com/desktop/bundles/61740c8f.main.cache.css" "Mozilla/5.0 (Windows NT 6.3; WOW64; rv:46.0) Gecko/20100101 Firefox/46.0"
219.91.200.50 - - [13/May/2016:03:09:29 -0500] "GET /desktop/fonts/sz-icon-font.woff?e25ad810c259ce05562f61038a802e30 HTTP/2.0" 200 48042 "https://www.stayzilla.com/desktop/bundles/61740c8f.main.cache.css" "Mozilla/5.0 (Windows NT 6.3; WOW64; rv:46.0) Gecko/20100101 Firefox/46.0"
223.31.116.202 - - [13/May/2016:03:09:29 -0500] "GET / HTTP/1.1" 200 1906 "-" "Mozilla/5.0 (X11; Ubuntu; Linux x86_64; rv:35.0) Gecko/20100101 Firefox/35.0"
182.69.72.188 - - [13/May/2016:03:09:30 -0500] "GET /desktop/bundles/61740c8f.main.cache.css HTTP/2.0" 200 25413 "https://www.stayzilla.com/search?&queryText=Jim+Corbett&utm_campaign=387584084&utm_medium=27549439604&utm_term=%2Bjim%20%2Bcorbett%20%2Bresort&utm_source=adwords&device=c&gclid=CJLX9dbM1swCFdckvQodDGUOmA" "Mozilla/5.0 (Windows NT 6.1) AppleWebKit/537.36 (KHTML, like Gecko) Chrome/50.0.2661.94 Safari/537.36"
182.69.72.188 - - [13/May/2016:03:09:30 -0500] "GET /common/jquery-2.1.4.min.js HTTP/2.0" 200 30700 "https://www.stayzilla.com/search?&queryText=Jim+Corbett&utm_campaign=387584084&utm_medium=27549439604&utm_term=%2Bjim%20%2Bcorbett%20%2Bresort&utm_source=adwords&device=c&gclid=CJLX9dbM1swCFdckvQodDGUOmA" "Mozilla/5.0 (Windows NT 6.1) AppleWebKit/537.36 (KHTML, like Gecko) Chrome/50.0.2661.94 Safari/537.36"
103.230.222.134 - - [13/May/2016:03:09:30 -0500] "GET /mobile/img/stay-default.png HTTP/2.0" 200 4440 "https://www.stayzilla.com/search?queryText=Madurai&checkInDate=15-05-2016&checkOutDate=16-05-2016&&&&&&&&filters=&sorting=id%3Drelevance%26order%3DDESC&np=1" "Mozilla/5.0 (Linux; Android 6.0; XT1068 Build/MPB24.65-34) AppleWebKit/537.36 (KHTML, like Gecko) Chrome/50.0.2661.89 Mobile Safari/537.36"
27.107.212.99 - - [13/May/2016:03:09:30 -0500] "GET /mobile/fonts/sz-icon-font.woff?88e901b9d2b11d7c459265418b164812 HTTP/1.1" 200 46720 "https://www.stayzilla.com/mobile/bundles/main.84659e23.css" "Mozilla/5.0 (Linux; Android 4.0.4; GT-S7562 Build/IMM76I) AppleWebKit/537.36 (KHTML, like Gecko) Chrome/42.0.2311.111 Mobile Safari/537.36"
223.31.116.202 - - [13/May/2016:03:09:31 -0500] "GET /desktop/img/page-home/homestory-book2.png HTTP/1.1" 200 82221 "https://www.stayzilla.com/" "Mozilla/5.0 (X11; Ubuntu; Linux x86_64; rv:35.0) Gecko/20100101 Firefox/35.0"
223.31.116.202 - - [13/May/2016:03:09:31 -0500] "GET /desktop/img/brand-logo-home.svg HTTP/1.1" 200 9012 "https://www.stayzilla.com/" "Mozilla/5.0 (X11; Ubuntu; Linux x86_64; rv:35.0) Gecko/20100101 Firefox/35.0"
223.31.116.202 - - [13/May/2016:03:09:31 -0500] "GET /desktop/img/brand-logo.svg HTTP/1.1" 304 0 "https://www.stayzilla.com/" "Mozilla/5.0 (X11; Ubuntu; Linux x86_64; rv:35.0) Gecko/20100101 Firefox/35.0"
203.100.75.147 - - [13/May/2016:03:09:31 -0500] "GET / HTTP/2.0" 200 2114 "-" "Mozilla/5.0 (Windows NT 6.3; WOW64; rv:46.0) Gecko/20100101 Firefox/46.0"
223.31.116.202 - - [13/May/2016:03:09:31 -0500] "GET /desktop/fonts/CrimsonText-Regular.ttf HTTP/1.1" 200 98248 "https://www.stayzilla.com/desktop/bundles/61740c8f.main.cache.css" "Mozilla/5.0 (X11; Ubuntu; Linux x86_64; rv:35.0) Gecko/20100101 Firefox/35.0"
223.31.116.202 - - [13/May/2016:03:09:31 -0500] "GET /desktop/fonts/sz-icon-font.woff?e25ad810c259ce05562f61038a802e30 HTTP/1.1" 200 47816 "https://www.stayzilla.com/desktop/bundles/61740c8f.main.cache.css" "Mozilla/5.0 (X11; Ubuntu; Linux x86_64; rv:35.0) Gecko/20100101 Firefox/35.0"
203.100.75.147 - - [13/May/2016:03:09:31 -0500] "GET /desktop/bundles/61740c8f.main.cache.css HTTP/2.0" 200 25413 "https://www.stayzilla.com/" "Mozilla/5.0 (Windows NT 6.3; WOW64; rv:46.0) Gecko/20100101 Firefox/46.0"
203.100.75.147 - - [13/May/2016:03:09:31 -0500] "GET /common/jquery-2.1.4.min.js HTTP/2.0" 200 30700 "https://www.stayzilla.com/" "Mozilla/5.0 (Windows NT 6.3; WOW64; rv:46.0) Gecko/20100101 Firefox/46.0"
103.230.222.134 - - [13/May/2016:03:09:31 -0500] "GET /mobile/img/sz-favicon.ico HTTP/2.0" 200 370364 "https://www.stayzilla.com/search?&queryText=Madurai&utm_campaign=384494564&utm_medium=27353604524&utm_term=%2Bmadurai%20%2Bhotel&utm_source=adwords&device=m&gclid=Cj0KEQjw9tW5BRDk29KDnqWu4fMBEiQAKj7sp_5K0lu4V3t9_p1I7418Ggn9JB79m5gCO78uS9c0w70aAt628P8HAQ" "Mozilla/5.0 (Linux; Android 6.0; XT1068 Build/MPB24.65-34) AppleWebKit/537.36 (KHTML, like Gecko) Chrome/50.0.2661.89 Mobile Safari/537.36"
203.100.75.147 - - [13/May/2016:03:09:31 -0500] "GET /desktop/bundles/86a46f2b.app.cache.js HTTP/2.0" 200 193151 "https://www.stayzilla.com/" "Mozilla/5.0 (Windows NT 6.3; WOW64; rv:46.0) Gecko/20100101 Firefox/46.0"
203.100.75.147 - - [13/May/2016:03:09:31 -0500] "GET /desktop/img/favicons/sz-favicon36x36.png HTTP/2.0" 200 3000 "-" "Mozilla/5.0 (Windows NT 6.3; WOW64; rv:46.0) Gecko/20100101 Firefox/46.0"
203.100.75.147 - - [13/May/2016:03:09:31 -0500] "GET /desktop/img/favicons/sz-favicon.ico HTTP/2.0" 200 32330 "-" "Mozilla/5.0 (Windows NT 6.3; WOW64; rv:46.0) Gecko/20100101 Firefox/46.0"
203.100.75.147 - - [13/May/2016:03:09:32 -0500] "GET /desktop/img/body-bg.png HTTP/2.0" 200 1476 "https://www.stayzilla.com/desktop/bundles/61740c8f.main.cache.css" "Mozilla/5.0 (Windows NT 6.3; WOW64; rv:46.0) Gecko/20100101 Firefox/46.0"
106.77.47.85 - - [13/May/2016:03:09:32 -0500] "GET /search?&queryText=Matheran&utm_campaign=387036044&utm_medium=27456901124&utm_term=%2Bmatheran%20%2Bresort&utm_source=adwords&device=m&gclid=Cj0KEQjw9tW5BRDk29KDnqWu4fMBEiQAKj7sp3gXISIiUlyykLYRa-U6Y8PrKydLtj52t_cPbJTCoe8aAg_A8P8HAQ HTTP/1.1" 200 1933 "-" "Mozilla/5.0 (Linux; Android 5.0.2; SAMSUNG SM-A500G Build/LRX22G) AppleWebKit/537.36 (KHTML, like Gecko) SamsungBrowser/3.3 Chrome/38.0.2125.102 Mobile Safari/537.36"
106.77.47.85 - - [13/May/2016:03:09:33 -0500] "GET /mobile/bundles/main.84659e23.css HTTP/1.1" 200 24639 "https://www.stayzilla.com/search?&queryText=Matheran&utm_campaign=387036044&utm_medium=27456901124&utm_term=%2Bmatheran%20%2Bresort&utm_source=adwords&device=m&gclid=Cj0KEQjw9tW5BRDk29KDnqWu4fMBEiQAKj7sp3gXISIiUlyykLYRa-U6Y8PrKydLtj52t_cPbJTCoe8aAg_A8P8HAQ" "Mozilla/5.0 (Linux; Android 5.0.2; SAMSUNG SM-A500G Build/LRX22G) AppleWebKit/537.36 (KHTML, like Gecko) SamsungBrowser/3.3 Chrome/38.0.2125.102 Mobile Safari/537.36"
120.56.244.97 - - [13/May/2016:03:09:33 -0500] "GET /search?&queryText=Ramnagar&utm_campaign=387498284&utm_medium=27532794644&utm_term=%2Bramnagar%20%2Bresort&utm_source=adwords&device=c&gclid=CN2P3tvM1swCFYKZvAodJqMIDw HTTP/2.0" 200 2114 "https://www.google.co.in/" "Mozilla/5.0 (Windows NT 10.0; WOW64) AppleWebKit/537.36 (KHTML, like Gecko) Chrome/51.0.2683.0 Safari/537.36"
120.56.244.97 - - [13/May/2016:03:09:33 -0500] "GET /desktop/bundles/61740c8f.main.cache.css HTTP/2.0" 200 25413 "https://www.stayzilla.com/search?&queryText=Ramnagar&utm_campaign=387498284&utm_medium=27532794644&utm_term=%2Bramnagar%20%2Bresort&utm_source=adwords&device=c&gclid=CN2P3tvM1swCFYKZvAodJqMIDw" "Mozilla/5.0 (Windows NT 10.0; WOW64) AppleWebKit/537.36 (KHTML, like Gecko) Chrome/51.0.2683.0 Safari/537.36"
120.56.244.97 - - [13/May/2016:03:09:33 -0500] "GET /common/jquery-2.1.4.min.js HTTP/2.0" 200 30700 "https://www.stayzilla.com/search?&queryText=Ramnagar&utm_campaign=387498284&utm_medium=27532794644&utm_term=%2Bramnagar%20%2Bresort&utm_source=adwords&device=c&gclid=CN2P3tvM1swCFYKZvAodJqMIDw" "Mozilla/5.0 (Windows NT 10.0; WOW64) AppleWebKit/537.36 (KHTML, like Gecko) Chrome/51.0.2683.0 Safari/537.36"
203.100.75.147 - - [13/May/2016:03:09:33 -0500] "GET /desktop/img/brand-logo-home.svg HTTP/2.0" 200 9229 "https://www.stayzilla.com/" "Mozilla/5.0 (Windows NT 6.3; WOW64; rv:46.0) Gecko/20100101 Firefox/46.0"
203.100.75.147 - - [13/May/2016:03:09:33 -0500] "GET /desktop/img/page-home/homestory-book2.png HTTP/2.0" 200 82511 "https://www.stayzilla.com/" "Mozilla/5.0 (Windows NT 6.3; WOW64; rv:46.0) Gecko/20100101 Firefox/46.0"
203.100.75.147 - - [13/May/2016:03:09:33 -0500] "GET /desktop/img/brand-logo.svg HTTP/2.0" 200 2857 "https://www.stayzilla.com/" "Mozilla/5.0 (Windows NT 6.3; WOW64; rv:46.0) Gecko/20100101 Firefox/46.0"
203.100.75.147 - - [13/May/2016:03:09:33 -0500] "GET /desktop/img/page-home/video-openup.jpg HTTP/2.0" 200 51342 "https://www.stayzilla.com/" "Mozilla/5.0 (Windows NT 6.3; WOW64; rv:46.0) Gecko/20100101 Firefox/46.0"
203.100.75.147 - - [13/May/2016:03:09:33 -0500] "GET /desktop/img/page-home/img-homestay-owner.jpg HTTP/2.0" 200 67322 "https://www.stayzilla.com/" "Mozilla/5.0 (Windows NT 6.3; WOW64; rv:46.0) Gecko/20100101 Firefox/46.0"
203.100.75.147 - - [13/May/2016:03:09:33 -0500] "GET /desktop/img/page-home/hot-cities/goa.jpg HTTP/2.0" 200 16291 "https://www.stayzilla.com/" "Mozilla/5.0 (Windows NT 6.3; WOW64; rv:46.0) Gecko/20100101 Firefox/46.0"
203.100.75.147 - - [13/May/2016:03:09:33 -0500] "GET /desktop/img/page-home/hot-cities/coorg.jpg HTTP/2.0" 200 32243 "https://www.stayzilla.com/" "Mozilla/5.0 (Windows NT 6.3; WOW64; rv:46.0) Gecko/20100101 Firefox/46.0"
203.100.75.147 - - [13/May/2016:03:09:33 -0500] "GET /desktop/img/page-home/hot-cities/alappuzha.jpg HTTP/2.0" 200 18592 "https://www.stayzilla.com/" "Mozilla/5.0 (Windows NT 6.3; WOW64; rv:46.0) Gecko/20100101 Firefox/46.0"
203.100.75.147 - - [13/May/2016:03:09:33 -0500] "GET /desktop/img/page-home/hot-cities/srinagar.jpg HTTP/2.0" 200 15107 "https://www.stayzilla.com/" "Mozilla/5.0 (Windows NT 6.3; WOW64; rv:46.0) Gecko/20100101 Firefox/46.0"
203.100.75.147 - - [13/May/2016:03:09:33 -0500] "GET /desktop/img/page-home/hot-cities/bangalore.jpg HTTP/2.0" 200 21745 "https://www.stayzilla.com/" "Mozilla/5.0 (Windows NT 6.3; WOW64; rv:46.0) Gecko/20100101 Firefox/46.0"
203.100.75.147 - - [13/May/2016:03:09:33 -0500] "GET /desktop/img/page-home/hot-cities/manali.jpg HTTP/2.0" 200 15329 "https://www.stayzilla.com/" "Mozilla/5.0 (Windows NT 6.3; WOW64; rv:46.0) Gecko/20100101 Firefox/46.0"
203.100.75.147 - - [13/May/2016:03:09:33 -0500] "GET /desktop/img/page-home/hot-cities/panchgani.jpg HTTP/2.0" 200 13674 "https://www.stayzilla.com/" "Mozilla/5.0 (Windows NT 6.3; WOW64; rv:46.0) Gecko/20100101 Firefox/46.0"
203.100.75.147 - - [13/May/2016:03:09:33 -0500] "GET /desktop/img/page-home/hot-cities/gangtok.jpg HTTP/2.0" 200 25141 "https://www.stayzilla.com/" "Mozilla/5.0 (Windows NT 6.3; WOW64; rv:46.0) Gecko/20100101 Firefox/46.0"
203.100.75.147 - - [13/May/2016:03:09:33 -0500] "GET /desktop/img/footer_playStore.png HTTP/2.0" 200 6277 "https://www.stayzilla.com/" "Mozilla/5.0 (Windows NT 6.3; WOW64; rv:46.0) Gecko/20100101 Firefox/46.0"
203.100.75.147 - - [13/May/2016:03:09:33 -0500] "GET /desktop/img/footer_appStore.png HTTP/2.0" 200 6938 "https://www.stayzilla.com/" "Mozilla/5.0 (Windows NT 6.3; WOW64; rv:46.0) Gecko/20100101 Firefox/46.0"
203.100.75.147 - - [13/May/2016:03:09:33 -0500] "GET /desktop/img/page-home/bg-banner.jpg HTTP/2.0" 200 117463 "https://www.stayzilla.com/desktop/bundles/61740c8f.main.cache.css" "Mozilla/5.0 (Windows NT 6.3; WOW64; rv:46.0) Gecko/20100101 Firefox/46.0"
203.100.75.147 - - [13/May/2016:03:09:33 -0500] "GET /desktop/img/page-home/bg-video.png HTTP/2.0" 200 18809 "https://www.stayzilla.com/desktop/bundles/61740c8f.main.cache.css" "Mozilla/5.0 (Windows NT 6.3; WOW64; rv:46.0) Gecko/20100101 Firefox/46.0"
203.100.75.147 - - [13/May/2016:03:09:33 -0500] "GET /desktop/img/page-home/hot-cities/polaroid-outer.png HTTP/2.0" 200 805 "https://www.stayzilla.com/desktop/bundles/61740c8f.main.cache.css" "Mozilla/5.0 (Windows NT 6.3; WOW64; rv:46.0) Gecko/20100101 Firefox/46.0"
203.100.75.147 - - [13/May/2016:03:09:33 -0500] "GET /desktop/img/page-home/bg-yaathum-oorey.jpg HTTP/2.0" 200 26885 "https://www.stayzilla.com/desktop/bundles/61740c8f.main.cache.css" "Mozilla/5.0 (Windows NT 6.3; WOW64; rv:46.0) Gecko/20100101 Firefox/46.0"
203.100.75.147 - - [13/May/2016:03:09:33 -0500] "GET /desktop/img/page-home/bg-ship.png HTTP/2.0" 200 52107 "https://www.stayzilla.com/desktop/bundles/61740c8f.main.cache.css" "Mozilla/5.0 (Windows NT 6.3; WOW64; rv:46.0) Gecko/20100101 Firefox/46.0"
203.100.75.147 - - [13/May/2016:03:09:33 -0500] "GET /desktop/img/page-home/img-ship.png HTTP/2.0" 200 96412 "https://www.stayzilla.com/desktop/bundles/61740c8f.main.cache.css" "Mozilla/5.0 (Windows NT 6.3; WOW64; rv:46.0) Gecko/20100101 Firefox/46.0"
203.100.75.147 - - [13/May/2016:03:09:33 -0500] "GET /desktop/img/footer-watermark.png HTTP/2.0" 200 31478 "https://www.stayzilla.com/desktop/bundles/61740c8f.main.cache.css" "Mozilla/5.0 (Windows NT 6.3; WOW64; rv:46.0) Gecko/20100101 Firefox/46.0"
203.100.75.147 - - [13/May/2016:03:09:33 -0500] "GET /desktop/fonts/CrimsonText-Regular.ttf HTTP/2.0" 200 98462 "https://www.stayzilla.com/desktop/bundles/61740c8f.main.cache.css" "Mozilla/5.0 (Windows NT 6.3; WOW64; rv:46.0) Gecko/20100101 Firefox/46.0"
120.56.244.97 - - [13/May/2016:03:09:33 -0500] "GET /desktop/bundles/86a46f2b.app.cache.js HTTP/2.0" 200 193151 "https://www.stayzilla.com/search?&queryText=Ramnagar&utm_campaign=387498284&utm_medium=27532794644&utm_term=%2Bramnagar%20%2Bresort&utm_source=adwords&device=c&gclid=CN2P3tvM1swCFYKZvAodJqMIDw" "Mozilla/5.0 (Windows NT 10.0; WOW64) AppleWebKit/537.36 (KHTML, like Gecko) Chrome/51.0.2683.0 Safari/537.36"
120.56.244.97 - - [13/May/2016:03:09:34 -0500] "GET /desktop/img/body-bg.png HTTP/2.0" 200 1476 "https://www.stayzilla.com/desktop/bundles/61740c8f.main.cache.css" "Mozilla/5.0 (Windows NT 10.0; WOW64) AppleWebKit/537.36 (KHTML, like Gecko) Chrome/51.0.2683.0 Safari/537.36"
203.100.75.147 - - [13/May/2016:03:09:34 -0500] "GET /desktop/fonts/sz-icon-font.woff?e25ad810c259ce05562f61038a802e30 HTTP/2.0" 200 48042 "https://www.stayzilla.com/desktop/bundles/61740c8f.main.cache.css" "Mozilla/5.0 (Windows NT 6.3; WOW64; rv:46.0) Gecko/20100101 Firefox/46.0"
103.230.222.134 - - [13/May/2016:03:09:34 -0500] "GET /mobile/img/svgIcons.svg?v=2 HTTP/2.0" 200 384794 "https://www.stayzilla.com/search?queryText=Madurai&checkInDate=15-05-2016&checkOutDate=16-05-2016&&&&&&&&filters=&sorting=id%3Drelevance%26order%3DDESC&np=1" "Mozilla/5.0 (Linux; Android 6.0; XT1068 Build/MPB24.65-34) AppleWebKit/537.36 (KHTML, like Gecko) Chrome/50.0.2661.89 Mobile Safari/537.36"
120.56.244.97 - - [13/May/2016:03:09:35 -0500] "GET /desktop/img/brand-logo.svg HTTP/2.0" 200 2857 "https://www.stayzilla.com/search?checkInDate=15-05-2016&checkOutDate=16-05-2016&np=1&queryText=Ramnagar&sorting=id%3Drelevance%26order%3DDESC" "Mozilla/5.0 (Windows NT 10.0; WOW64) AppleWebKit/537.36 (KHTML, like Gecko) Chrome/51.0.2683.0 Safari/537.36"
120.56.244.97 - - [13/May/2016:03:09:35 -0500] "GET /desktop/img/footer_playStore.png HTTP/2.0" 200 6277 "https://www.stayzilla.com/search?checkInDate=15-05-2016&checkOutDate=16-05-2016&np=1&queryText=Ramnagar&sorting=id%3Drelevance%26order%3DDESC" "Mozilla/5.0 (Windows NT 10.0; WOW64) AppleWebKit/537.36 (KHTML, like Gecko) Chrome/51.0.2683.0 Safari/537.36"
120.56.244.97 - - [13/May/2016:03:09:35 -0500] "GET /desktop/img/footer_appStore.png HTTP/2.0" 200 6938 "https://www.stayzilla.com/search?checkInDate=15-05-2016&checkOutDate=16-05-2016&np=1&queryText=Ramnagar&sorting=id%3Drelevance%26order%3DDESC" "Mozilla/5.0 (Windows NT 10.0; WOW64) AppleWebKit/537.36 (KHTML, like Gecko) Chrome/51.0.2683.0 Safari/537.36"
120.56.244.97 - - [13/May/2016:03:09:35 -0500] "GET /desktop/fonts/sz-icon-font.woff?e25ad810c259ce05562f61038a802e30 HTTP/2.0" 200 48042 "https://www.stayzilla.com/desktop/bundles/61740c8f.main.cache.css" "Mozilla/5.0 (Windows NT 10.0; WOW64) AppleWebKit/537.36 (KHTML, like Gecko) Chrome/51.0.2683.0 Safari/537.36"
120.56.244.97 - - [13/May/2016:03:09:35 -0500] "GET /desktop/img/page-search/mock-card.jpg HTTP/2.0" 200 5107 "https://www.stayzilla.com/desktop/bundles/61740c8f.main.cache.css" "Mozilla/5.0 (Windows NT 10.0; WOW64) AppleWebKit/537.36 (KHTML, like Gecko) Chrome/51.0.2683.0 Safari/537.36"
120.56.244.97 - - [13/May/2016:03:09:35 -0500] "GET /desktop/img/footer-watermark.png HTTP/2.0" 200 31478 "https://www.stayzilla.com/desktop/bundles/61740c8f.main.cache.css" "Mozilla/5.0 (Windows NT 10.0; WOW64) AppleWebKit/537.36 (KHTML, like Gecko) Chrome/51.0.2683.0 Safari/537.36"
122.15.80.195 - - [13/May/2016:03:09:35 -0500] "GET /search?area=Solan&queryText=Solan&np=3&checkInDate=20-7-2016&checkOutDate=21-7-2016 HTTP/2.0" 200 2114 "-" "Mozilla/5.0 (Windows NT 6.1; WOW64) AppleWebKit/537.36 (KHTML, like Gecko) Chrome/50.0.2661.94 Safari/537.36"
106.79.236.108 - - [13/May/2016:03:09:35 -0500] "GET /search?&queryText=Shimla&utm_campaign=384489764&utm_medium=27353602964&utm_term=%2Bshimla%20%2Bhotel&utm_source=adwords&device=m&gclid=Cj0KEQjw9tW5BRDk29KDnqWu4fMBEiQAKj7spzRs113R0KJCVwHzZaIVoRweAi5ZgUeL452R8cPXZqgaAqB88P8HAQ HTTP/1.1" 200 1926 "https://www.google.co.in/" "Mozilla/5.0 (Linux; Android 4.4.2; Micromax A102 Build/KOT49H) AppleWebKit/537.36 (KHTML, like Gecko) Chrome/34.0.1847.114 Mobile Safari/537.36"
182.69.72.188 - - [13/May/2016:03:09:35 -0500] "GET /desktop/bundles/86a46f2b.app.cache.js HTTP/2.0" 200 193151 "https://www.stayzilla.com/search?&queryText=Jim+Corbett&utm_campaign=387584084&utm_medium=27549439604&utm_term=%2Bjim%20%2Bcorbett%20%2Bresort&utm_source=adwords&device=c&gclid=CJLX9dbM1swCFdckvQodDGUOmA" "Mozilla/5.0 (Windows NT 6.1) AppleWebKit/537.36 (KHTML, like Gecko) Chrome/50.0.2661.94 Safari/537.36"
106.219.63.120 - - [13/May/2016:03:09:35 -0500] "GET /mobile/img/sz-loader.svg HTTP/2.0" 200 922 "https://www.stayzilla.com/search?&queryText=Mussoorie&utm_campaign=384496004&utm_medium=27353608244&utm_term=%2Bmussoorie%20%2Bhotel&utm_source=adwords&device=m&gclid=Cj0KEQjw9tW5BRDk29KDnqWu4fMBEiQAKj7sp1vsq6XL-kaE5mJDCVW1fBN0OJbg-q1CgeETFqkAiUkaArwS8P8HAQ" "Mozilla/5.0 (Linux; Android 5.1.1; A33f Build/LMY47V) AppleWebKit/537.36 (KHTML, like Gecko) Chrome/43.0.2357.93 Mobile Safari/537.36"
106.79.236.108 - - [13/May/2016:03:09:35 -0500] "GET /mobile/bundles/main.84659e23.css HTTP/1.1" 200 24639 "https://www.stayzilla.com/search?&queryText=Shimla&utm_campaign=384489764&utm_medium=27353602964&utm_term=%2Bshimla%20%2Bhotel&utm_source=adwords&device=m&gclid=Cj0KEQjw9tW5BRDk29KDnqWu4fMBEiQAKj7spzRs113R0KJCVwHzZaIVoRweAi5ZgUeL452R8cPXZqgaAqB88P8HAQ" "Mozilla/5.0 (Linux; Android 4.4.2; Micromax A102 Build/KOT49H) AppleWebKit/537.36 (KHTML, like Gecko) Chrome/34.0.1847.114 Mobile Safari/537.36"
120.56.244.97 - - [13/May/2016:03:09:36 -0500] "GET /desktop/img/fullscreenicon.svg HTTP/2.0" 200 1449 "https://www.stayzilla.com/search?checkInDate=15-05-2016&checkOutDate=16-05-2016&np=1&queryText=Ramnagar&sorting=id%3Drelevance%26order%3DDESC" "Mozilla/5.0 (Windows NT 10.0; WOW64) AppleWebKit/537.36 (KHTML, like Gecko) Chrome/51.0.2683.0 Safari/537.36"
66.249.71.53 - - [13/May/2016:03:09:36 -0500] "GET /hotels/sathuvachari-vellore/uls561391di HTTP/1.1" 200 1906 "-" "Mozilla/5.0 (compatible; Googlebot/2.1; +http://www.google.com/bot.html)"
106.77.47.85 - - [13/May/2016:03:09:36 -0500] "GET /mobile/bundles/vendors.99bc40dc.js HTTP/1.1" 200 64644 "https://www.stayzilla.com/search?&queryText=Matheran&utm_campaign=387036044&utm_medium=27456901124&utm_term=%2Bmatheran%20%2Bresort&utm_source=adwords&device=m&gclid=Cj0KEQjw9tW5BRDk29KDnqWu4fMBEiQAKj7sp3gXISIiUlyykLYRa-U6Y8PrKydLtj52t_cPbJTCoe8aAg_A8P8HAQ" "Mozilla/5.0 (Linux; Android 5.0.2; SAMSUNG SM-A500G Build/LRX22G) AppleWebKit/537.36 (KHTML, like Gecko) SamsungBrowser/3.3 Chrome/38.0.2125.102 Mobile Safari/537.36"
115.111.248.6 - - [13/May/2016:03:09:36 -0500] "GET /desktop/img/others/tick.svg HTTP/2.0" 200 1203 "https://www.stayzilla.com/desktop/bundles/61740c8f.main.cache.css" "Mozilla/5.0 (Windows NT 6.1) AppleWebKit/537.36 (KHTML, like Gecko) Chrome/50.0.2661.102 Safari/537.36"
182.69.72.188 - - [13/May/2016:03:09:36 -0500] "GET /desktop/img/body-bg.png HTTP/2.0" 200 1476 "https://www.stayzilla.com/desktop/bundles/61740c8f.main.cache.css" "Mozilla/5.0 (Windows NT 6.1) AppleWebKit/537.36 (KHTML, like Gecko) Chrome/50.0.2661.94 Safari/537.36"
223.31.116.202 - - [13/May/2016:03:09:37 -0500] "GET /sync_cookie.php?cookiecheck=yes;j=yes;jsonp=cback_cook HTTP/1.1" 200 1899 "http://legacy.stayzilla.com/" "Mozilla/5.0 (X11; Ubuntu; Linux x86_64; rv:35.0) Gecko/20100101 Firefox/35.0"
106.79.236.108 - - [13/May/2016:03:09:37 -0500] "GET /mobile/bundles/vendors.99bc40dc.js HTTP/1.1" 200 64644 "https://www.stayzilla.com/search?&queryText=Shimla&utm_campaign=384489764&utm_medium=27353602964&utm_term=%2Bshimla%20%2Bhotel&utm_source=adwords&device=m&gclid=Cj0KEQjw9tW5BRDk29KDnqWu4fMBEiQAKj7spzRs113R0KJCVwHzZaIVoRweAi5ZgUeL452R8cPXZqgaAqB88P8HAQ" "Mozilla/5.0 (Linux; Android 4.4.2; Micromax A102 Build/KOT49H) AppleWebKit/537.36 (KHTML, like Gecko) Chrome/34.0.1847.114 Mobile Safari/537.36"
106.79.236.108 - - [13/May/2016:03:09:37 -0500] "GET /mobile/bundles/szmtpl.e0d4848c.js HTTP/1.1" 200 46177 "https://www.stayzilla.com/search?&queryText=Shimla&utm_campaign=384489764&utm_medium=27353602964&utm_term=%2Bshimla%20%2Bhotel&utm_source=adwords&device=m&gclid=Cj0KEQjw9tW5BRDk29KDnqWu4fMBEiQAKj7spzRs113R0KJCVwHzZaIVoRweAi5ZgUeL452R8cPXZqgaAqB88P8HAQ" "Mozilla/5.0 (Linux; Android 4.4.2; Micromax A102 Build/KOT49H) AppleWebKit/537.36 (KHTML, like Gecko) Chrome/34.0.1847.114 Mobile Safari/537.36"
106.79.236.108 - - [13/May/2016:03:09:37 -0500] "GET /mobile/bundles/app.a55b1412.js HTTP/1.1" 200 50645 "https://www.stayzilla.com/search?&queryText=Shimla&utm_campaign=384489764&utm_medium=27353602964&utm_term=%2Bshimla%20%2Bhotel&utm_source=adwords&device=m&gclid=Cj0KEQjw9tW5BRDk29KDnqWu4fMBEiQAKj7spzRs113R0KJCVwHzZaIVoRweAi5ZgUeL452R8cPXZqgaAqB88P8HAQ" "Mozilla/5.0 (Linux; Android 4.4.2; Micromax A102 Build/KOT49H) AppleWebKit/537.36 (KHTML, like Gecko) Chrome/34.0.1847.114 Mobile Safari/537.36"
1.39.21.83 - - [13/May/2016:03:09:38 -0500] "GET /search?&queryText=Pune&utm_campaign=384491204&utm_medium=27353604644&utm_term=%2Bpune%20%2Bhotel&utm_source=adwords&device=c&gclid=CLPrj97M1swCFQt_vQodfCQJhQ HTTP/1.1" 200 1906 "https://www.google.co.in/" "Mozilla/5.0 (Windows NT 5.1) AppleWebKit/537.36 (KHTML, like Gecko) Chrome/40.0.2214.93 Safari/537.36"
106.79.236.108 - - [13/May/2016:03:09:38 -0500] "GET /mobile/bundles/app.a55b1412.js HTTP/1.1" 200 50645 "https://www.stayzilla.com/search?&queryText=Shimla&utm_campaign=384489764&utm_medium=27353602964&utm_term=%2Bshimla%20%2Bhotel&utm_source=adwords&device=m&gclid=Cj0KEQjw9tW5BRDk29KDnqWu4fMBEiQAKj7spzRs113R0KJCVwHzZaIVoRweAi5ZgUeL452R8cPXZqgaAqB88P8HAQ" "Mozilla/5.0 (Linux; Android 4.4.2; Micromax A102 Build/KOT49H) AppleWebKit/537.36 (KHTML, like Gecko) Chrome/34.0.1847.114 Mobile Safari/537.36"
1.39.21.83 - - [13/May/2016:03:09:38 -0500] "GET /desktop/bundles/61740c8f.main.cache.css HTTP/1.1" 200 25101 "https://www.stayzilla.com/search?&queryText=Pune&utm_campaign=384491204&utm_medium=27353604644&utm_term=%2Bpune%20%2Bhotel&utm_source=adwords&device=c&gclid=CLPrj97M1swCFQt_vQodfCQJhQ" "Mozilla/5.0 (Windows NT 5.1) AppleWebKit/537.36 (KHTML, like Gecko) Chrome/40.0.2214.93 Safari/537.36"
106.207.236.34 - - [13/May/2016:03:09:38 -0500] "GET /search?&queryText=Kodaikanal&utm_campaign=384496484&utm_medium=27353608964&utm_term=%2Bkodaikanal%20%2Bhotel&utm_source=adwords&device=m&gclid=Cj0KEQjw9tW5BRDk29KDnqWu4fMBEiQAKj7sp0rx7AiHsGMkSEXNjVWoiY-51ieOcEbJF-K9fJlOSXUaAre18P8HAQ HTTP/2.0" 200 2141 "https://www.google.co.in/" "Mozilla/5.0 (Linux; Android 4.4.4; HM 1S Build/KTU84P) AppleWebKit/537.36 (KHTML, like Gecko) Chrome/48.0.2564.95 Mobile Safari/537.36"
106.207.236.34 - - [13/May/2016:03:09:38 -0500] "GET /mobile/bundles/main.84659e23.css HTTP/2.0" 200 24951 "https://www.stayzilla.com/search?&queryText=Kodaikanal&utm_campaign=384496484&utm_medium=27353608964&utm_term=%2Bkodaikanal%20%2Bhotel&utm_source=adwords&device=m&gclid=Cj0KEQjw9tW5BRDk29KDnqWu4fMBEiQAKj7sp0rx7AiHsGMkSEXNjVWoiY-51ieOcEbJF-K9fJlOSXUaAre18P8HAQ" "Mozilla/5.0 (Linux; Android 4.4.4; HM 1S Build/KTU84P) AppleWebKit/537.36 (KHTML, like Gecko) Chrome/48.0.2564.95 Mobile Safari/537.36"
1.39.21.83 - - [13/May/2016:03:09:38 -0500] "GET /common/jquery-2.1.4.min.js HTTP/1.1" 200 30374 "https://www.stayzilla.com/search?&queryText=Pune&utm_campaign=384491204&utm_medium=27353604644&utm_term=%2Bpune%20%2Bhotel&utm_source=adwords&device=c&gclid=CLPrj97M1swCFQt_vQodfCQJhQ" "Mozilla/5.0 (Windows NT 5.1) AppleWebKit/537.36 (KHTML, like Gecko) Chrome/40.0.2214.93 Safari/537.36"
106.207.236.34 - - [13/May/2016:03:09:38 -0500] "GET /mobile/bundles/vendors.99bc40dc.js HTTP/2.0" 200 64970 "https://www.stayzilla.com/search?&queryText=Kodaikanal&utm_campaign=384496484&utm_medium=27353608964&utm_term=%2Bkodaikanal%20%2Bhotel&utm_source=adwords&device=m&gclid=Cj0KEQjw9tW5BRDk29KDnqWu4fMBEiQAKj7sp0rx7AiHsGMkSEXNjVWoiY-51ieOcEbJF-K9fJlOSXUaAre18P8HAQ" "Mozilla/5.0 (Linux; Android 4.4.4; HM 1S Build/KTU84P) AppleWebKit/537.36 (KHTML, like Gecko) Chrome/48.0.2564.95 Mobile Safari/537.36"
182.69.72.188 - - [13/May/2016:03:09:39 -0500] "GET /desktop/img/brand-logo.svg HTTP/2.0" 200 2857 "https://www.stayzilla.com/search?checkInDate=15-05-2016&checkOutDate=16-05-2016&np=1&queryText=Jim+Corbett&sorting=id%3Drelevance%26order%3DDESC" "Mozilla/5.0 (Windows NT 6.1) AppleWebKit/537.36 (KHTML, like Gecko) Chrome/50.0.2661.94 Safari/537.36"
182.69.72.188 - - [13/May/2016:03:09:39 -0500] "GET /desktop/img/footer_playStore.png HTTP/2.0" 200 6277 "https://www.stayzilla.com/search?checkInDate=15-05-2016&checkOutDate=16-05-2016&np=1&queryText=Jim+Corbett&sorting=id%3Drelevance%26order%3DDESC" "Mozilla/5.0 (Windows NT 6.1) AppleWebKit/537.36 (KHTML, like Gecko) Chrome/50.0.2661.94 Safari/537.36"
182.69.72.188 - - [13/May/2016:03:09:39 -0500] "GET /desktop/img/footer_appStore.png HTTP/2.0" 200 6938 "https://www.stayzilla.com/search?checkInDate=15-05-2016&checkOutDate=16-05-2016&np=1&queryText=Jim+Corbett&sorting=id%3Drelevance%26order%3DDESC" "Mozilla/5.0 (Windows NT 6.1) AppleWebKit/537.36 (KHTML, like Gecko) Chrome/50.0.2661.94 Safari/537.36"
106.207.236.34 - - [13/May/2016:03:09:39 -0500] "GET /mobile/bundles/szmtpl.e0d4848c.js HTTP/2.0" 200 46503 "https://www.stayzilla.com/search?&queryText=Kodaikanal&utm_campaign=384496484&utm_medium=27353608964&utm_term=%2Bkodaikanal%20%2Bhotel&utm_source=adwords&device=m&gclid=Cj0KEQjw9tW5BRDk29KDnqWu4fMBEiQAKj7sp0rx7AiHsGMkSEXNjVWoiY-51ieOcEbJF-K9fJlOSXUaAre18P8HAQ" "Mozilla/5.0 (Linux; Android 4.4.4; HM 1S Build/KTU84P) AppleWebKit/537.36 (KHTML, like Gecko) Chrome/48.0.2564.95 Mobile Safari/537.36"
120.56.244.97 - - [13/May/2016:03:09:39 -0500] "GET /desktop/img/favicons/sz-favicon.ico HTTP/2.0" 200 32330 "https://www.stayzilla.com/search?checkInDate=15-05-2016&checkOutDate=16-05-2016&np=1&queryText=Ramnagar&sorting=id%3Drelevance%26order%3DDESC" "Mozilla/5.0 (Windows NT 10.0; WOW64) AppleWebKit/537.36 (KHTML, like Gecko) Chrome/51.0.2683.0 Safari/537.36"
106.79.236.108 - - [13/May/2016:03:09:39 -0500] "GET /mobile/img/body-bg.png HTTP/1.1" 200 1189 "https://www.stayzilla.com/search?&queryText=Shimla&utm_campaign=384489764&utm_medium=27353602964&utm_term=%2Bshimla%20%2Bhotel&utm_source=adwords&device=m&gclid=Cj0KEQjw9tW5BRDk29KDnqWu4fMBEiQAKj7spzRs113R0KJCVwHzZaIVoRweAi5ZgUeL452R8cPXZqgaAqB88P8HAQ" "Mozilla/5.0 (Linux; Android 4.4.2; Micromax A102 Build/KOT49H) AppleWebKit/537.36 (KHTML, like Gecko) Chrome/34.0.1847.114 Mobile Safari/537.36"
106.207.236.34 - - [13/May/2016:03:09:39 -0500] "GET /mobile/bundles/app.a55b1412.js HTTP/2.0" 200 50971 "https://www.stayzilla.com/search?&queryText=Kodaikanal&utm_campaign=384496484&utm_medium=27353608964&utm_term=%2Bkodaikanal%20%2Bhotel&utm_source=adwords&device=m&gclid=Cj0KEQjw9tW5BRDk29KDnqWu4fMBEiQAKj7sp0rx7AiHsGMkSEXNjVWoiY-51ieOcEbJF-K9fJlOSXUaAre18P8HAQ" "Mozilla/5.0 (Linux; Android 4.4.4; HM 1S Build/KTU84P) AppleWebKit/537.36 (KHTML, like Gecko) Chrome/48.0.2564.95 Mobile Safari/537.36"
106.79.236.108 - - [13/May/2016:03:09:39 -0500] "GET /search?&queryText=Shimla&utm_campaign=384489764&utm_medium=27353602964&utm_term=%2Bshimla%20%2Bhotel&utm_source=adwords&device=m&gclid=Cj0KEQjw9tW5BRDk29KDnqWu4fMBEiQAKj7spzRs113R0KJCVwHzZaIVoRweAi5ZgUeL452R8cPXZqgaAqB88P8HAQ HTTP/1.1" 200 1933 "https://www.google.co.in/" "Mozilla/5.0 (Linux; Android 4.4.2; Micromax A102 Build/KOT49H) AppleWebKit/537.36 (KHTML, like Gecko) Chrome/34.0.1847.114 Mobile Safari/537.36"
106.77.47.85 - - [13/May/2016:03:09:39 -0500] "GET /mobile/bundles/szmtpl.e0d4848c.js HTTP/1.1" 200 46177 "https://www.stayzilla.com/search?&queryText=Matheran&utm_campaign=387036044&utm_medium=27456901124&utm_term=%2Bmatheran%20%2Bresort&utm_source=adwords&device=m&gclid=Cj0KEQjw9tW5BRDk29KDnqWu4fMBEiQAKj7sp3gXISIiUlyykLYRa-U6Y8PrKydLtj52t_cPbJTCoe8aAg_A8P8HAQ" "Mozilla/5.0 (Linux; Android 5.0.2; SAMSUNG SM-A500G Build/LRX22G) AppleWebKit/537.36 (KHTML, like Gecko) SamsungBrowser/3.3 Chrome/38.0.2125.102 Mobile Safari/537.36"
1.39.21.83 - - [13/May/2016:03:09:39 -0500] "GET /desktop/bundles/86a46f2b.app.cache.js HTTP/1.1" 200 192823 "https://www.stayzilla.com/search?&queryText=Pune&utm_campaign=384491204&utm_medium=27353604644&utm_term=%2Bpune%20%2Bhotel&utm_source=adwords&device=c&gclid=CLPrj97M1swCFQt_vQodfCQJhQ" "Mozilla/5.0 (Windows NT 5.1) AppleWebKit/537.36 (KHTML, like Gecko) Chrome/40.0.2214.93 Safari/537.36"
1.39.21.83 - - [13/May/2016:03:09:39 -0500] "GET /desktop/img/body-bg.png HTTP/1.1" 200 1189 "https://www.stayzilla.com/desktop/bundles/61740c8f.main.cache.css" "Mozilla/5.0 (Windows NT 5.1) AppleWebKit/537.36 (KHTML, like Gecko) Chrome/40.0.2214.93 Safari/537.36"
59.88.242.249 - - [13/May/2016:03:09:39 -0500] "GET /desktop/img/others/tick.svg HTTP/2.0" 200 1203 "https://www.stayzilla.com/desktop/bundles/61740c8f.main.cache.css" "Mozilla/5.0 (Windows NT 6.1) AppleWebKit/537.36 (KHTML, like Gecko) Chrome/50.0.2661.102 Safari/537.36"
27.58.42.118 - - [13/May/2016:03:09:40 -0500] "GET /search?queryText=Ahmedabad&checkInDate=12-05-2016&checkOutDate=13-05-2016&&&&&&&&filters=&sorting=id%3Drelevance%26order%3DDESC&np=1 HTTP/2.0" 200 2141 "https://www.google.co.in/" "Mozilla/5.0 (Linux; Android 5.0; SM-N900 Build/LRX21V) AppleWebKit/537.36 (KHTML, like Gecko) Chrome/50.0.2661.89 Mobile Safari/537.36"
106.219.63.120 - - [13/May/2016:03:09:40 -0500] "GET /mobile/fonts/sz-icon-font.woff?88e901b9d2b11d7c459265418b164812 HTTP/2.0" 200 46946 "https://www.stayzilla.com/mobile/bundles/main.84659e23.css" "Mozilla/5.0 (Linux; Android 5.1.1; A33f Build/LMY47V) AppleWebKit/537.36 (KHTML, like Gecko) Chrome/43.0.2357.93 Mobile Safari/537.36"
117.200.234.188 - - [13/May/2016:03:09:40 -0500] "GET /stays/m-p-lodge-72858?checkInDate=22-05-2016&checkOutDate=23-05-2016 HTTP/2.0" 200 2114 "https://www.stayzilla.com/search?checkInDate=22-05-2016&checkOutDate=23-05-2016&dist=5km&lat=21.2545065802&lng=81.6306085076&name=Station+Road&np=4&queryText=Station+Road%2C+Raipur&sorting=id%3Drelevance%26order%3DDESC&type=szloc" "Mozilla/5.0 (Windows NT 6.1) AppleWebKit/537.36 (KHTML, like Gecko) Chrome/50.0.2661.94 Safari/537.36"
106.207.236.34 - - [13/May/2016:03:09:40 -0500] "GET /mobile/img/body-bg.png HTTP/2.0" 200 1476 "https://www.stayzilla.com/mobile/bundles/main.84659e23.css" "Mozilla/5.0 (Linux; Android 4.4.4; HM 1S Build/KTU84P) AppleWebKit/537.36 (KHTML, like Gecko) Chrome/48.0.2564.95 Mobile Safari/537.36"
106.207.236.34 - - [13/May/2016:03:09:40 -0500] "GET /mobile/img/sz-loader.svg HTTP/2.0" 200 922 "https://www.stayzilla.com/search?&queryText=Kodaikanal&utm_campaign=384496484&utm_medium=27353608964&utm_term=%2Bkodaikanal%20%2Bhotel&utm_source=adwords&device=m&gclid=Cj0KEQjw9tW5BRDk29KDnqWu4fMBEiQAKj7sp0rx7AiHsGMkSEXNjVWoiY-51ieOcEbJF-K9fJlOSXUaAre18P8HAQ" "Mozilla/5.0 (Linux; Android 4.4.4; HM 1S Build/KTU84P) AppleWebKit/537.36 (KHTML, like Gecko) Chrome/48.0.2564.95 Mobile Safari/537.36"
106.77.47.85 - - [13/May/2016:03:09:40 -0500] "GET /mobile/bundles/app.a55b1412.js HTTP/1.1" 200 50645 "https://www.stayzilla.com/search?&queryText=Matheran&utm_campaign=387036044&utm_medium=27456901124&utm_term=%2Bmatheran%20%2Bresort&utm_source=adwords&device=m&gclid=Cj0KEQjw9tW5BRDk29KDnqWu4fMBEiQAKj7sp3gXISIiUlyykLYRa-U6Y8PrKydLtj52t_cPbJTCoe8aAg_A8P8HAQ" "Mozilla/5.0 (Linux; Android 5.0.2; SAMSUNG SM-A500G Build/LRX22G) AppleWebKit/537.36 (KHTML, like Gecko) SamsungBrowser/3.3 Chrome/38.0.2125.102 Mobile Safari/537.36"
106.79.236.108 - - [13/May/2016:03:09:41 -0500] "GET /search?&queryText=Shimla&utm_campaign=384489764&utm_medium=27353602964&utm_term=%2Bshimla%20%2Bhotel&utm_source=adwords&device=m&gclid=Cj0KEQjw9tW5BRDk29KDnqWu4fMBEiQAKj7spzRs113R0KJCVwHzZaIVoRweAi5ZgUeL452R8cPXZqgaAqB88P8HAQ HTTP/1.1" 200 1926 "https://www.google.co.in/" "Mozilla/5.0 (Linux; Android 4.4.2; Micromax A102 Build/KOT49H) AppleWebKit/537.36 (KHTML, like Gecko) Chrome/34.0.1847.114 Mobile Safari/537.36"
106.79.236.108 - - [13/May/2016:03:09:41 -0500] "GET /mobile/img/sz-favicon.ico HTTP/1.1" 200 370070 "-" "Mozilla/5.0 (Linux; Android 4.4.2; Micromax A102 Build/KOT49H) AppleWebKit/537.36 (KHTML, like Gecko) Chrome/34.0.1847.114 Mobile Safari/537.36"
27.58.42.118 - - [13/May/2016:03:09:41 -0500] "GET /mobile/bundles/main.84659e23.css HTTP/2.0" 200 24951 "https://www.stayzilla.com/search?queryText=Ahmedabad&checkInDate=12-05-2016&checkOutDate=13-05-2016&&&&&&&&filters=&sorting=id%3Drelevance%26order%3DDESC&np=1" "Mozilla/5.0 (Linux; Android 5.0; SM-N900 Build/LRX21V) AppleWebKit/537.36 (KHTML, like Gecko) Chrome/50.0.2661.89 Mobile Safari/537.36"
117.218.42.156 - - [13/May/2016:03:09:41 -0500] "GET /desktop/img/brand-logo.svg HTTP/2.0" 200 2857 "https://www.stayzilla.com/search?checkInDate=15-05-2016&checkOutDate=16-05-2016&np=1&queryText=Agra&sorting=id%3Drelevance%26order%3DDESC" "Mozilla/5.0 (Windows NT 6.1; WOW64) AppleWebKit/537.36 (KHTML, like Gecko) Chrome/48.0.2564.97 Safari/537.36"
117.218.42.156 - - [13/May/2016:03:09:41 -0500] "GET /desktop/fonts/sz-icon-font.woff?e25ad810c259ce05562f61038a802e30 HTTP/2.0" 200 48042 "https://www.stayzilla.com/desktop/bundles/61740c8f.main.cache.css" "Mozilla/5.0 (Windows NT 6.1; WOW64) AppleWebKit/537.36 (KHTML, like Gecko) Chrome/48.0.2564.97 Safari/537.36"
106.207.236.34 - - [13/May/2016:03:09:41 -0500] "GET /mobile/fonts/sz-icon-font.woff?88e901b9d2b11d7c459265418b164812 HTTP/2.0" 200 46946 "https://www.stayzilla.com/mobile/bundles/main.84659e23.css" "Mozilla/5.0 (Linux; Android 4.4.4; HM 1S Build/KTU84P) AppleWebKit/537.36 (KHTML, like Gecko) Chrome/48.0.2564.95 Mobile Safari/537.36"
