61.246.203.6 - - [13/May/2016:03:08:40 -0500] "GET /desktop/img/footer-watermark.png HTTP/1.1" 200 31189 "https://www.stayzilla.com/search?checkInDate=15-05-2016&checkOutDate=16-05-2016&np=1&queryText=Coonoor&sorting=id%3Drelevance%26order%3DDESC" "Mozilla/5.0 (Windows NT 6.1; WOW64; Trident/7.0; rv:11.0) like Gecko"
106.216.158.160 - - [13/May/2016:03:08:40 -0500] "GET /mobile/img/body-bg.png HTTP/2.0" 200 1476 "https://www.stayzilla.com/mobile/bundles/main.84659e23.css" "Mozilla/5.0 (Linux; Android 5.1.1; F1f Build/LMY47V) AppleWebKit/537.36 (KHTML, like Gecko) Chrome/50.0.2661.89 Mobile Safari/537.36"
61.246.203.6 - - [13/May/2016:03:08:41 -0500] "GET /desktop/img/page-search/mock-card.jpg HTTP/1.1" 200 4818 "https://www.stayzilla.com/search?checkInDate=15-05-2016&checkOutDate=16-05-2016&np=1&queryText=Coonoor&sorting=id%3Drelevance%26order%3DDESC" "Mozilla/5.0 (Windows NT 6.1; WOW64; Trident/7.0; rv:11.0) like Gecko"
106.216.158.160 - - [13/May/2016:03:08:41 -0500] "GET /mobile/img/sz-loader.svg HTTP/2.0" 200 922 "https://www.stayzilla.com/search?&queryText=Udupi&utm_campaign=387041564&utm_medium=27456896564&utm_term=%2Budupi%20%2Blodge&utm_source=adwords&device=m&gclid=CPqdncLM1swCFUMIvAodexUI1A" "Mozilla/5.0 (Linux; Android 5.1.1; F1f Build/LMY47V) AppleWebKit/537.36 (KHTML, like Gecko) Chrome/50.0.2661.89 Mobile Safari/537.36"
61.246.203.6 - - [13/May/2016:03:08:41 -0500] "GET /desktop/img/fullscreenicon.svg HTTP/1.1" 200 1233 "https://www.stayzilla.com/search?checkInDate=15-05-2016&checkOutDate=16-05-2016&np=1&queryText=Coonoor&sorting=id%3Drelevance%26order%3DDESC" "Mozilla/5.0 (Windows NT 6.1; WOW64; Trident/7.0; rv:11.0) like Gecko"
61.246.203.6 - - [13/May/2016:03:08:41 -0500] "GET /desktop/img/property-card/verified.svg HTTP/1.1" 200 508 "https://www.stayzilla.com/search?checkInDate=15-05-2016&checkOutDate=16-05-2016&np=1&queryText=Coonoor&sorting=id%3Drelevance%26order%3DDESC" "Mozilla/5.0 (Windows NT 6.1; WOW64; Trident/7.0; rv:11.0) like Gecko"
66.249.71.53 - - [13/May/2016:03:08:41 -0500] "GET /socket.io/?EIO=3&transport=polling&t=1457913611000-59&sid=nOLsuL10LT8UmkcpABda HTTP/1.1" 200 1906 "-" "Mozilla/5.0 (compatible; Googlebot/2.1; +http://www.google.com/bot.html)"
58.146.117.62 - - [13/May/2016:03:08:42 -0500] "GET /search?type=szloc&name=Mumbai%20Central&lat=18.970615&lng=72.82075&queryText=Mumbai%20Central%2C%20Mumbai&dist=5km&checkInDate=13-05-2016&checkOutDate=13-05-2016&&&filters=&sorting=id%3Drelevance%26order%3DDESC&np=3 HTTP/2.0" 200 2141 "https://www.google.co.in/" "Mozilla/5.0 (Linux; Android 5.0; SM-N900 Build/LRX21V) AppleWebKit/537.36 (KHTML, like Gecko) Chrome/50.0.2661.89 Mobile Safari/537.36"
66.249.71.53 - - [13/May/2016:03:08:42 -0500] "GET /socket.io/?EIO=3&transport=polling&t=1457913610000-52 HTTP/1.1" 200 1906 "-" "Mozilla/5.0 (compatible; Googlebot/2.1; +http://www.google.com/bot.html)"
106.216.158.160 - - [13/May/2016:03:08:42 -0500] "GET /mobile/img/sz-favicon.ico HTTP/2.0" 200 370364 "https://www.stayzilla.com/search?&queryText=Udupi&utm_campaign=387041564&utm_medium=27456896564&utm_term=%2Budupi%20%2Blodge&utm_source=adwords&device=m&gclid=CPqdncLM1swCFUMIvAodexUI1A" "Mozilla/5.0 (Linux; Android 5.1.1; F1f Build/LMY47V) AppleWebKit/537.36 (KHTML, like Gecko) Chrome/50.0.2661.89 Mobile Safari/537.36"
106.216.158.160 - - [13/May/2016:03:08:42 -0500] "GET /mobile/fonts/sz-icon-font.woff?88e901b9d2b11d7c459265418b164812 HTTP/2.0" 200 46946 "https://www.stayzilla.com/mobile/bundles/main.84659e23.css" "Mozilla/5.0 (Linux; Android 5.1.1; F1f Build/LMY47V) AppleWebKit/537.36 (KHTML, like Gecko) Chrome/50.0.2661.89 Mobile Safari/537.36"
101.212.96.96 - - [13/May/2016:03:08:42 -0500] "GET /mobile/img/sz-loader.svg HTTP/2.0" 200 922 "https://www.stayzilla.com/search?area=Bangalore&checkInDate=27-04-2016&checkOutDate=28-04-2016&dist=30km&lat=12.97194&lng=77.59369&name=Bangalore&np=1&queryText=Bangalore&sorting=id%3Drelevance%26order%3DDESC&type=szcity&utm_source=Google%20remarketing&utm_medium=Display%20remarketing&utm_term=Bangalore&utm_campaign=Bangalore%20remarketing&utm_campaign=390014204&utm_medium=27671775404&utm_term=&utm_source=adwords&device=m&gclid=CO6X6cHM1swCFYmCvQodyDQCbA" "Mozilla/5.0 (Linux; Android 5.1.1; SM-G531F Build/LMY48B) AppleWebKit/537.36 (KHTML, like Gecko) Chrome/47.0.2526.83 Mobile Safari/537.36"
66.249.71.53 - - [13/May/2016:03:08:42 -0500] "GET /socket.io/?EIO=3&transport=polling&t=1457913610000-53&sid=VyxpbVhOPOSvV17XAAPo HTTP/1.1" 200 1899 "-" "Mozilla/5.0 (compatible; Googlebot/2.1; +http://www.google.com/bot.html)"
106.216.158.160 - - [13/May/2016:03:08:42 -0500] "GET /mobile/img/svgIcons.svg?v=2 HTTP/2.0" 200 384794 "https://www.stayzilla.com/search?queryText=Udupi&checkInDate=15-05-2016&checkOutDate=16-05-2016&&&&&&&&filters=&sorting=id%3Drelevance%26order%3DDESC&np=1" "Mozilla/5.0 (Linux; Android 5.1.1; F1f Build/LMY47V) AppleWebKit/537.36 (KHTML, like Gecko) Chrome/50.0.2661.89 Mobile Safari/537.36"
106.216.158.160 - - [13/May/2016:03:08:42 -0500] "GET /mobile/img/stay-default.png HTTP/2.0" 200 4440 "https://www.stayzilla.com/search?queryText=Udupi&checkInDate=15-05-2016&checkOutDate=16-05-2016&&&&&&&&filters=&sorting=id%3Drelevance%26order%3DDESC&np=1" "Mozilla/5.0 (Linux; Android 5.1.1; F1f Build/LMY47V) AppleWebKit/537.36 (KHTML, like Gecko) Chrome/50.0.2661.89 Mobile Safari/537.36"
182.74.239.222 - - [13/May/2016:03:08:42 -0500] "GET /stays/the-pinewood-hotel-57276?checkInDate=08-06-2016&checkOutDate=11-06-2016 HTTP/1.1" 200 1906 "https://www.stayzilla.com/stays/hotel-yuma-11333?checkInDate=08-06-2016&checkOutDate=11-06-2016" "Mozilla/5.0 (Windows NT 6.1; WOW64) AppleWebKit/537.36 (KHTML, like Gecko) Chrome/50.0.2661.94 Safari/537.36"
66.249.71.53 - - [13/May/2016:03:08:43 -0500] "GET /socket.io/?EIO=3&transport=polling&t=1457913610000-55 HTTP/1.1" 200 1899 "-" "Mozilla/5.0 (compatible; Googlebot/2.1; +http://www.google.com/bot.html)"
101.212.96.96 - - [13/May/2016:03:08:43 -0500] "GET /mobile/fonts/sz-icon-font.woff?88e901b9d2b11d7c459265418b164812 HTTP/2.0" 200 46946 "https://www.stayzilla.com/mobile/bundles/main.84659e23.css" "Mozilla/5.0 (Linux; Android 5.1.1; SM-G531F Build/LMY48B) AppleWebKit/537.36 (KHTML, like Gecko) Chrome/47.0.2526.83 Mobile Safari/537.36"
66.249.71.53 - - [13/May/2016:03:08:43 -0500] "GET /socket.io/?EIO=3&transport=polling&t=1457913609000-46 HTTP/1.1" 200 1906 "-" "Mozilla/5.0 (compatible; Googlebot/2.1; +http://www.google.com/bot.html)"
175.100.147.17 - - [13/May/2016:03:08:43 -0500] "GET /search?&queryText=Coorg&utm_campaign=384489164&utm_medium=27353602244&utm_term=%2Bcoorg%20%2Bhotel&utm_source=adwords&device=m&gclid=Cj0KEQjw9tW5BRDk29KDnqWu4fMBEiQAKj7spwthd8wxwqYhsH0GVPUZaXKHw6zP-1cC5s34zjBa6dMaApEa8P8HAQ HTTP/2.0" 200 2141 "android-app://com.google.android.googlequicksearchbox" "Mozilla/5.0 (Linux; Android 5.1; E5363 Build/27.2.B.0.169) AppleWebKit/537.36 (KHTML, like Gecko) Chrome/50.0.2661.89 Mobile Safari/537.36"
125.20.38.65 - - [13/May/2016:03:08:44 -0500] "GET /search?area=Palampur&queryText=Palampur&np=28&checkInDate=20-7-2016&checkOutDate=21-7-2016 HTTP/2.0" 200 2114 "-" "Mozilla/5.0 (Windows NT 6.1; WOW64) AppleWebKit/537.36 (KHTML, like Gecko) Chrome/50.0.2661.94 Safari/537.36"
14.140.151.102 - - [13/May/2016:03:08:44 -0500] "POST /cloud_call_back_url.php HTTP/1.1" 405 176 "-" "python-requests/2.8.1"
66.249.71.53 - - [13/May/2016:03:08:44 -0500] "GET /socket.io/?EIO=3&transport=polling&t=1457913608000-43 HTTP/1.1" 200 1906 "-" "Mozilla/5.0 (compatible; Googlebot/2.1; +http://www.google.com/bot.html)"
175.100.147.17 - - [13/May/2016:03:08:44 -0500] "GET /mobile/bundles/main.84659e23.css HTTP/2.0" 200 24951 "https://www.stayzilla.com/search?&queryText=Coorg&utm_campaign=384489164&utm_medium=27353602244&utm_term=%2Bcoorg%20%2Bhotel&utm_source=adwords&device=m&gclid=Cj0KEQjw9tW5BRDk29KDnqWu4fMBEiQAKj7spwthd8wxwqYhsH0GVPUZaXKHw6zP-1cC5s34zjBa6dMaApEa8P8HAQ" "Mozilla/5.0 (Linux; Android 5.1; E5363 Build/27.2.B.0.169) AppleWebKit/537.36 (KHTML, like Gecko) Chrome/50.0.2661.89 Mobile Safari/537.36"
175.100.147.17 - - [13/May/2016:03:08:44 -0500] "GET /mobile/bundles/szmtpl.e0d4848c.js HTTP/2.0" 200 46503 "https://www.stayzilla.com/search?&queryText=Coorg&utm_campaign=384489164&utm_medium=27353602244&utm_term=%2Bcoorg%20%2Bhotel&utm_source=adwords&device=m&gclid=Cj0KEQjw9tW5BRDk29KDnqWu4fMBEiQAKj7spwthd8wxwqYhsH0GVPUZaXKHw6zP-1cC5s34zjBa6dMaApEa8P8HAQ" "Mozilla/5.0 (Linux; Android 5.1; E5363 Build/27.2.B.0.169) AppleWebKit/537.36 (KHTML, like Gecko) Chrome/50.0.2661.89 Mobile Safari/537.36"
101.212.96.96 - - [13/May/2016:03:08:45 -0500] "GET /mobile/img/svgIcons.svg?v=2 HTTP/2.0" 200 384794 "https://www.stayzilla.com/search?area=Bangalore&checkInDate=13-05-2016&checkOutDate=14-05-2016&dist=30km&lat=12.97194&lng=77.59369&name=Bangalore&queryText=Bangalore&type=szcity&&filters=&sorting=id%3Drelevance%26order%3DDESC&np=1" "Mozilla/5.0 (Linux; Android 5.1.1; SM-G531F Build/LMY48B) AppleWebKit/537.36 (KHTML, like Gecko) Chrome/47.0.2526.83 Mobile Safari/537.36"
1.39.37.187 - - [13/May/2016:03:08:45 -0500] "GET /stays/mayor-hotel-61708?checkInDate=21-05-2016&checkOutDate=22-05-2016&utm_source=wego&utm_campaign=Siliguri&utm_term=61708/mayor-hotel HTTP/2.0" 200 2141 "http://api.wego.com/hotels/continue/598262/53/1?currency=INR&search_id=71206631&site=www.holidayiq.com&sub_id=e8f4e_mhl&ts_code=6c47f&wgz=a7106" "Mozilla/5.0 (Linux; Android 5.0.2; SM-A500G Build/LRX22G) AppleWebKit/537.36 (KHTML, like Gecko) Chrome/50.0.2661.89 Mobile Safari/537.36"
66.249.71.53 - - [13/May/2016:03:08:45 -0500] "GET /hotels/Hotel-Surya/hlv51054di HTTP/1.1" 301 188 "-" "Mozilla/5.0 (compatible; Googlebot/2.1; +http://www.google.com/bot.html)"
1.39.37.187 - - [13/May/2016:03:08:45 -0500] "GET /mobile/bundles/main.84659e23.css HTTP/2.0" 200 24951 "https://www.stayzilla.com/stays/mayor-hotel-61708?checkInDate=21-05-2016&checkOutDate=22-05-2016&utm_source=wego&utm_campaign=Siliguri&utm_term=61708/mayor-hotel" "Mozilla/5.0 (Linux; Android 5.0.2; SM-A500G Build/LRX22G) AppleWebKit/537.36 (KHTML, like Gecko) Chrome/50.0.2661.89 Mobile Safari/537.36"
1.39.37.187 - - [13/May/2016:03:08:45 -0500] "GET /mobile/bundles/vendors.99bc40dc.js HTTP/2.0" 200 64970 "https://www.stayzilla.com/stays/mayor-hotel-61708?checkInDate=21-05-2016&checkOutDate=22-05-2016&utm_source=wego&utm_campaign=Siliguri&utm_term=61708/mayor-hotel" "Mozilla/5.0 (Linux; Android 5.0.2; SM-A500G Build/LRX22G) AppleWebKit/537.36 (KHTML, like Gecko) Chrome/50.0.2661.89 Mobile Safari/537.36"
1.39.37.187 - - [13/May/2016:03:08:45 -0500] "GET /mobile/bundles/szmtpl.e0d4848c.js HTTP/2.0" 200 46503 "https://www.stayzilla.com/stays/mayor-hotel-61708?checkInDate=21-05-2016&checkOutDate=22-05-2016&utm_source=wego&utm_campaign=Siliguri&utm_term=61708/mayor-hotel" "Mozilla/5.0 (Linux; Android 5.0.2; SM-A500G Build/LRX22G) AppleWebKit/537.36 (KHTML, like Gecko) Chrome/50.0.2661.89 Mobile Safari/537.36"
1.39.37.187 - - [13/May/2016:03:08:45 -0500] "GET /mobile/bundles/app.a55b1412.js HTTP/2.0" 200 50971 "https://www.stayzilla.com/stays/mayor-hotel-61708?checkInDate=21-05-2016&checkOutDate=22-05-2016&utm_source=wego&utm_campaign=Siliguri&utm_term=61708/mayor-hotel" "Mozilla/5.0 (Linux; Android 5.0.2; SM-A500G Build/LRX22G) AppleWebKit/537.36 (KHTML, like Gecko) Chrome/50.0.2661.89 Mobile Safari/537.36"
1.39.37.187 - - [13/May/2016:03:08:45 -0500] "GET /mobile/img/body-bg.png HTTP/2.0" 200 1476 "https://www.stayzilla.com/mobile/bundles/main.84659e23.css" "Mozilla/5.0 (Linux; Android 5.0.2; SM-A500G Build/LRX22G) AppleWebKit/537.36 (KHTML, like Gecko) Chrome/50.0.2661.89 Mobile Safari/537.36"
66.249.71.53 - - [13/May/2016:03:08:45 -0500] "GET /stays/Hotel-Surya-51054 HTTP/1.1" 200 1906 "-" "Mozilla/5.0 (compatible; Googlebot/2.1; +http://www.google.com/bot.html)"
175.100.147.17 - - [13/May/2016:03:08:46 -0500] "GET /mobile/bundles/vendors.99bc40dc.js HTTP/2.0" 200 64970 "https://www.stayzilla.com/search?&queryText=Coorg&utm_campaign=384489164&utm_medium=27353602244&utm_term=%2Bcoorg%20%2Bhotel&utm_source=adwords&device=m&gclid=Cj0KEQjw9tW5BRDk29KDnqWu4fMBEiQAKj7spwthd8wxwqYhsH0GVPUZaXKHw6zP-1cC5s34zjBa6dMaApEa8P8HAQ" "Mozilla/5.0 (Linux; Android 5.1; E5363 Build/27.2.B.0.169) AppleWebKit/537.36 (KHTML, like Gecko) Chrome/50.0.2661.89 Mobile Safari/537.36"
175.100.147.17 - - [13/May/2016:03:08:46 -0500] "GET /mobile/bundles/app.a55b1412.js HTTP/2.0" 200 50971 "https://www.stayzilla.com/search?&queryText=Coorg&utm_campaign=384489164&utm_medium=27353602244&utm_term=%2Bcoorg%20%2Bhotel&utm_source=adwords&device=m&gclid=Cj0KEQjw9tW5BRDk29KDnqWu4fMBEiQAKj7spwthd8wxwqYhsH0GVPUZaXKHw6zP-1cC5s34zjBa6dMaApEa8P8HAQ" "Mozilla/5.0 (Linux; Android 5.1; E5363 Build/27.2.B.0.169) AppleWebKit/537.36 (KHTML, like Gecko) Chrome/50.0.2661.89 Mobile Safari/537.36"
175.100.147.17 - - [13/May/2016:03:08:46 -0500] "GET /mobile/img/body-bg.png HTTP/2.0" 200 1476 "https://www.stayzilla.com/mobile/bundles/main.84659e23.css" "Mozilla/5.0 (Linux; Android 5.1; E5363 Build/27.2.B.0.169) AppleWebKit/537.36 (KHTML, like Gecko) Chrome/50.0.2661.89 Mobile Safari/537.36"
66.249.79.162 - - [13/May/2016:03:08:46 -0500] "GET /socket.io/?EIO=3&transport=polling&t=1457913607000-35&sid=Jd4ChkMaw2Eh1pKOAAP0 HTTP/1.1" 200 1899 "-" "Mozilla/5.0 (compatible; Googlebot/2.1; +http://www.google.com/bot.html)"
1.39.37.187 - - [13/May/2016:03:08:46 -0500] "GET /mobile/img/sz-loader.svg HTTP/2.0" 200 922 "https://www.stayzilla.com/stays/mayor-hotel-61708?checkInDate=21-05-2016&checkOutDate=22-05-2016&utm_source=wego&utm_campaign=Siliguri&utm_term=61708/mayor-hotel" "Mozilla/5.0 (Linux; Android 5.0.2; SM-A500G Build/LRX22G) AppleWebKit/537.36 (KHTML, like Gecko) Chrome/50.0.2661.89 Mobile Safari/537.36"
66.249.79.162 - - [13/May/2016:03:08:46 -0500] "GET /socket.io/?EIO=3&transport=polling&t=1457913611000-58 HTTP/1.1" 200 1906 "-" "Mozilla/5.0 (compatible; Googlebot/2.1; +http://www.google.com/bot.html)"
202.142.117.245 - - [13/May/2016:03:08:47 -0500] "GET /desktop/img/page-home/homestory-book1.png HTTP/2.0" 200 88297 "https://www.stayzilla.com/" "Mozilla/5.0 (Windows NT 6.1; WOW64; rv:47.0) Gecko/20100101 Firefox/47.0"
66.249.71.53 - - [13/May/2016:03:08:47 -0500] "GET /socket.io/?EIO=3&transport=polling&t=1457913608000-44&sid=6XIoLxk1XMA2-I3dADTT HTTP/1.1" 200 1899 "-" "Mozilla/5.0 (compatible; Googlebot/2.1; +http://www.google.com/bot.html)"
1.39.37.187 - - [13/May/2016:03:08:47 -0500] "GET /mobile/img/sz-favicon.ico HTTP/2.0" 200 370364 "https://www.stayzilla.com/stays/mayor-hotel-61708?checkInDate=21-05-2016&checkOutDate=22-05-2016&utm_source=wego&utm_campaign=Siliguri&utm_term=61708/mayor-hotel" "Mozilla/5.0 (Linux; Android 5.0.2; SM-A500G Build/LRX22G) AppleWebKit/537.36 (KHTML, like Gecko) Chrome/50.0.2661.89 Mobile Safari/537.36"
1.39.37.187 - - [13/May/2016:03:08:47 -0500] "GET /mobile/fonts/sz-icon-font.woff?88e901b9d2b11d7c459265418b164812 HTTP/2.0" 200 46946 "https://www.stayzilla.com/mobile/bundles/main.84659e23.css" "Mozilla/5.0 (Linux; Android 5.0.2; SM-A500G Build/LRX22G) AppleWebKit/537.36 (KHTML, like Gecko) Chrome/50.0.2661.89 Mobile Safari/537.36"
1.39.37.187 - - [13/May/2016:03:08:47 -0500] "GET /mobile/img/down-arrow.png HTTP/2.0" 200 550 "https://www.stayzilla.com/mobile/bundles/main.84659e23.css" "Mozilla/5.0 (Linux; Android 5.0.2; SM-A500G Build/LRX22G) AppleWebKit/537.36 (KHTML, like Gecko) Chrome/50.0.2661.89 Mobile Safari/537.36"
122.178.183.195 - - [13/May/2016:03:08:47 -0500] "GET /search?area=Kodaikanal&checkInDate=15-04-2016&checkOutDate=17-04-2016&dist=10km&lat=10.23925&lng=77.48932&name=Kodaikanal&np=1&queryText=Kodaikanal&sorting=id%3Drelevance%26order%3DDESC&type=szcity&utm_source=Facebook&utm_medium=Demand&utm_campaign=Demand_May10&utm_content=Chennai&utm_term=Chennai_Ad HTTP/2.0" 200 2114 "https://www.facebook.com/" "Mozilla/5.0 (Windows NT 6.1) AppleWebKit/537.36 (KHTML, like Gecko) Chrome/50.0.2661.94 Safari/537.36"
122.178.183.195 - - [13/May/2016:03:08:47 -0500] "GET /desktop/bundles/61740c8f.main.cache.css HTTP/2.0" 200 25413 "https://www.stayzilla.com/search?area=Kodaikanal&checkInDate=15-04-2016&checkOutDate=17-04-2016&dist=10km&lat=10.23925&lng=77.48932&name=Kodaikanal&np=1&queryText=Kodaikanal&sorting=id%3Drelevance%26order%3DDESC&type=szcity&utm_source=Facebook&utm_medium=Demand&utm_campaign=Demand_May10&utm_content=Chennai&utm_term=Chennai_Ad" "Mozilla/5.0 (Windows NT 6.1) AppleWebKit/537.36 (KHTML, like Gecko) Chrome/50.0.2661.94 Safari/537.36"
122.178.183.195 - - [13/May/2016:03:08:47 -0500] "GET /common/jquery-2.1.4.min.js HTTP/2.0" 200 30700 "https://www.stayzilla.com/search?area=Kodaikanal&checkInDate=15-04-2016&checkOutDate=17-04-2016&dist=10km&lat=10.23925&lng=77.48932&name=Kodaikanal&np=1&queryText=Kodaikanal&sorting=id%3Drelevance%26order%3DDESC&type=szcity&utm_source=Facebook&utm_medium=Demand&utm_campaign=Demand_May10&utm_content=Chennai&utm_term=Chennai_Ad" "Mozilla/5.0 (Windows NT 6.1) AppleWebKit/537.36 (KHTML, like Gecko) Chrome/50.0.2661.94 Safari/537.36"
66.249.71.53 - - [13/May/2016:03:08:47 -0500] "GET /socket.io/?EIO=3&transport=polling&t=1457913607000-34 HTTP/1.1" 200 1899 "-" "Mozilla/5.0 (compatible; Googlebot/2.1; +http://www.google.com/bot.html)"
122.178.183.195 - - [13/May/2016:03:08:48 -0500] "GET /desktop/bundles/86a46f2b.app.cache.js HTTP/2.0" 200 193151 "https://www.stayzilla.com/search?area=Kodaikanal&checkInDate=15-04-2016&checkOutDate=17-04-2016&dist=10km&lat=10.23925&lng=77.48932&name=Kodaikanal&np=1&queryText=Kodaikanal&sorting=id%3Drelevance%26order%3DDESC&type=szcity&utm_source=Facebook&utm_medium=Demand&utm_campaign=Demand_May10&utm_content=Chennai&utm_term=Chennai_Ad" "Mozilla/5.0 (Windows NT 6.1) AppleWebKit/537.36 (KHTML, like Gecko) Chrome/50.0.2661.94 Safari/537.36"
66.249.71.53 - - [13/May/2016:03:08:48 -0500] "GET /socket.io/?EIO=3&transport=polling&t=1457913606000-27&sid=O9XYo4BzueneP7uaAAXp HTTP/1.1" 200 1906 "-" "Mozilla/5.0 (compatible; Googlebot/2.1; +http://www.google.com/bot.html)"
175.100.147.17 - - [13/May/2016:03:08:48 -0500] "GET /mobile/img/sz-loader.svg HTTP/2.0" 200 922 "https://www.stayzilla.com/search?&queryText=Coorg&utm_campaign=384489164&utm_medium=27353602244&utm_term=%2Bcoorg%20%2Bhotel&utm_source=adwords&device=m&gclid=Cj0KEQjw9tW5BRDk29KDnqWu4fMBEiQAKj7spwthd8wxwqYhsH0GVPUZaXKHw6zP-1cC5s34zjBa6dMaApEa8P8HAQ" "Mozilla/5.0 (Linux; Android 5.1; E5363 Build/27.2.B.0.169) AppleWebKit/537.36 (KHTML, like Gecko) Chrome/50.0.2661.89 Mobile Safari/537.36"
122.178.183.195 - - [13/May/2016:03:08:48 -0500] "GET /desktop/img/body-bg.png HTTP/2.0" 200 1476 "https://www.stayzilla.com/desktop/bundles/61740c8f.main.cache.css" "Mozilla/5.0 (Windows NT 6.1) AppleWebKit/537.36 (KHTML, like Gecko) Chrome/50.0.2661.94 Safari/537.36"
180.215.121.185 - - [13/May/2016:03:08:48 -0500] "GET /stays/blumont-regalia-resorts-55686?checkInDate=15-05-2016&checkOutDate=16-05-2016 HTTP/2.0" 200 2114 "https://www.stayzilla.com/search?checkInDate=15-05-2016&checkOutDate=16-05-2016&filters=stay%255B%255D%3Dresort%26stay%255B%255D%3Dhotel&np=4&queryText=Munnar&sorting=id%3Drelevance%26order%3DDESC" "Mozilla/5.0 (Windows NT 5.1) AppleWebKit/537.36 (KHTML, like Gecko) Chrome/49.0.2623.112 Safari/537.36"
66.249.71.53 - - [13/May/2016:03:08:49 -0500] "GET /socket.io/?EIO=3&transport=polling&t=1457913609000-47&sid=e8RwLWpY2JHJnZ8eAB3n HTTP/1.1" 200 1906 "-" "Mozilla/5.0 (compatible; Googlebot/2.1; +http://www.google.com/bot.html)"
175.100.147.17 - - [13/May/2016:03:08:49 -0500] "GET /mobile/fonts/sz-icon-font.woff?88e901b9d2b11d7c459265418b164812 HTTP/2.0" 200 46946 "https://www.stayzilla.com/mobile/bundles/main.84659e23.css" "Mozilla/5.0 (Linux; Android 5.1; E5363 Build/27.2.B.0.169) AppleWebKit/537.36 (KHTML, like Gecko) Chrome/50.0.2661.89 Mobile Safari/537.36"
66.249.71.53 - - [13/May/2016:03:08:49 -0500] "GET /socket.io/?EIO=3&transport=polling&t=1457913611000-61 HTTP/1.1" 200 1899 "-" "Mozilla/5.0 (compatible; Googlebot/2.1; +http://www.google.com/bot.html)"
157.55.39.115 - - [13/May/2016:03:08:49 -0500] "GET /search?&queryText=Warangal?device= HTTP/1.1" 200 1906 "-" "Mozilla/5.0 (compatible; bingbot/2.0; +http://www.bing.com/bingbot.htm)"
122.178.183.195 - - [13/May/2016:03:08:49 -0500] "GET /desktop/img/brand-logo.svg HTTP/2.0" 200 2857 "https://www.stayzilla.com/search?area=Kodaikanal&checkInDate=13-05-2016&checkOutDate=14-05-2016&dist=10km&lat=10.23925&lng=77.48932&name=Kodaikanal&np=1&queryText=Kodaikanal&sorting=id%3Drelevance%26order%3DDESC&type=szcity" "Mozilla/5.0 (Windows NT 6.1) AppleWebKit/537.36 (KHTML, like Gecko) Chrome/50.0.2661.94 Safari/537.36"
122.178.183.195 - - [13/May/2016:03:08:49 -0500] "GET /desktop/img/footer_playStore.png HTTP/2.0" 200 6277 "https://www.stayzilla.com/search?area=Kodaikanal&checkInDate=13-05-2016&checkOutDate=14-05-2016&dist=10km&lat=10.23925&lng=77.48932&name=Kodaikanal&np=1&queryText=Kodaikanal&sorting=id%3Drelevance%26order%3DDESC&type=szcity" "Mozilla/5.0 (Windows NT 6.1) AppleWebKit/537.36 (KHTML, like Gecko) Chrome/50.0.2661.94 Safari/537.36"
122.178.183.195 - - [13/May/2016:03:08:49 -0500] "GET /desktop/img/footer_appStore.png HTTP/2.0" 200 6938 "https://www.stayzilla.com/search?area=Kodaikanal&checkInDate=13-05-2016&checkOutDate=14-05-2016&dist=10km&lat=10.23925&lng=77.48932&name=Kodaikanal&np=1&queryText=Kodaikanal&sorting=id%3Drelevance%26order%3DDESC&type=szcity" "Mozilla/5.0 (Windows NT 6.1) AppleWebKit/537.36 (KHTML, like Gecko) Chrome/50.0.2661.94 Safari/537.36"
117.218.42.156 - - [13/May/2016:03:08:49 -0500] "GET /search?&queryText=Agra&utm_campaign=384490244&utm_medium=27353603564&utm_term=%2Bagra%20%2Bhotel&utm_source=adwords&device=c&gclid=CLrzv8HM1swCFQsnvQod_osIzQ HTTP/2.0" 200 2114 "https://www.google.co.in/" "Mozilla/5.0 (Windows NT 6.1; WOW64) AppleWebKit/537.36 (KHTML, like Gecko) Chrome/48.0.2564.97 Safari/537.36"
122.178.183.195 - - [13/May/2016:03:08:49 -0500] "GET /desktop/fonts/sz-icon-font.woff?e25ad810c259ce05562f61038a802e30 HTTP/2.0" 200 48042 "https://www.stayzilla.com/desktop/bundles/61740c8f.main.cache.css" "Mozilla/5.0 (Windows NT 6.1) AppleWebKit/537.36 (KHTML, like Gecko) Chrome/50.0.2661.94 Safari/537.36"
122.178.183.195 - - [13/May/2016:03:08:49 -0500] "GET /desktop/img/page-search/mock-card.jpg HTTP/2.0" 200 5107 "https://www.stayzilla.com/desktop/bundles/61740c8f.main.cache.css" "Mozilla/5.0 (Windows NT 6.1) AppleWebKit/537.36 (KHTML, like Gecko) Chrome/50.0.2661.94 Safari/537.36"
122.178.183.195 - - [13/May/2016:03:08:49 -0500] "GET /desktop/img/footer-watermark.png HTTP/2.0" 200 31478 "https://www.stayzilla.com/desktop/bundles/61740c8f.main.cache.css" "Mozilla/5.0 (Windows NT 6.1) AppleWebKit/537.36 (KHTML, like Gecko) Chrome/50.0.2661.94 Safari/537.36"
66.249.71.53 - - [13/May/2016:03:08:50 -0500] "GET /socket.io/?EIO=3&transport=polling&t=1457913607000-38&sid=js66e4fmgkLB1_irADS6 HTTP/1.1" 200 1906 "-" "Mozilla/5.0 (compatible; Googlebot/2.1; +http://www.google.com/bot.html)"
66.249.71.53 - - [13/May/2016:03:08:50 -0500] "GET /socket.io/?EIO=3&transport=polling&t=1457913606000-32&sid=nDxPfHTD-_ZcFjPAACcf HTTP/1.1" 200 1899 "-" "Mozilla/5.0 (compatible; Googlebot/2.1; +http://www.google.com/bot.html)"
112.133.232.84 - - [13/May/2016:03:08:50 -0500] "GET /search?&queryText=Darjeeling&utm_campaign=384492284&utm_medium=27353605844&utm_term=%2Bdarjeeling%20%2Bhotel&utm_source=adwords&device=c&gclid=CIqpnsfM1swCFUYJvAod8nkH7Q HTTP/1.1" 200 1899 "https://www.google.co.in/" "Mozilla/5.0 (Windows NT 6.1) AppleWebKit/537.36 (KHTML, like Gecko) Chrome/50.0.2661.94 Safari/537.36"
122.178.183.195 - - [13/May/2016:03:08:50 -0500] "GET /desktop/img/fullscreenicon.svg HTTP/2.0" 200 1449 "https://www.stayzilla.com/search?area=Kodaikanal&checkInDate=13-05-2016&checkOutDate=14-05-2016&dist=10km&lat=10.23925&lng=77.48932&name=Kodaikanal&np=1&queryText=Kodaikanal&sorting=id%3Drelevance%26order%3DDESC&type=szcity" "Mozilla/5.0 (Windows NT 6.1) AppleWebKit/537.36 (KHTML, like Gecko) Chrome/50.0.2661.94 Safari/537.36"
122.178.183.195 - - [13/May/2016:03:08:50 -0500] "GET /desktop/img/property-card/verified.svg HTTP/2.0" 200 723 "https://www.stayzilla.com/search?area=Kodaikanal&checkInDate=13-05-2016&checkOutDate=14-05-2016&dist=10km&lat=10.23925&lng=77.48932&name=Kodaikanal&np=1&queryText=Kodaikanal&sorting=id%3Drelevance%26order%3DDESC&type=szcity" "Mozilla/5.0 (Windows NT 6.1) AppleWebKit/537.36 (KHTML, like Gecko) Chrome/50.0.2661.94 Safari/537.36"
117.234.40.229 - - [13/May/2016:03:08:50 -0500] "GET /search?&queryText=Siliguri&utm_campaign=384494684&utm_medium=27353605484&utm_term=%2Bsiliguri%20%2Bhotel&utm_source=adwords&device=m&gclid=CJW_msXM1swCFQt0vQodkAEEGQ HTTP/1.1" 200 1926 "http://www.google.co.in/search?q=siliguri+hotels&gws_rd=cr&ei=fos1V6ySOoHovASQpIDYBg" "Mozilla/5.0 (Mobile; Windows Phone 8.1; Android 4.0; ARM; Trident/7.0; Touch; rv:11.0; IEMobile/11.0; Microsoft; Lumia 535 Dual SIM) like iPhone OS 7_0_3 Mac OS X AppleWebKit/537 (KHTML, like Gecko) Mobile Safari/537"
66.249.71.53 - - [13/May/2016:03:08:51 -0500] "GET /socket.io/?EIO=3&transport=polling&t=1457913618000-95 HTTP/1.1" 200 1906 "-" "Mozilla/5.0 (compatible; Googlebot/2.1; +http://www.google.com/bot.html)"
66.249.71.53 - - [13/May/2016:03:08:51 -0500] "GET /socket.io/?EIO=3&transport=polling&t=1457913616000-86&sid=NyBs3zIj6U4ld38bAB4x HTTP/1.1" 200 1899 "-" "Mozilla/5.0 (compatible; Googlebot/2.1; +http://www.google.com/bot.html)"
117.234.40.229 - - [13/May/2016:03:08:51 -0500] "GET /mobile/bundles/szmtpl.e0d4848c.js HTTP/1.1" 200 46177 "https://www.stayzilla.com/search?&queryText=Siliguri&utm_campaign=384494684&utm_medium=27353605484&utm_term=%2Bsiliguri%20%2Bhotel&utm_source=adwords&device=m&gclid=CJW_msXM1swCFQt0vQodkAEEGQ" "Mozilla/5.0 (Mobile; Windows Phone 8.1; Android 4.0; ARM; Trident/7.0; Touch; rv:11.0; IEMobile/11.0; Microsoft; Lumia 535 Dual SIM) like iPhone OS 7_0_3 Mac OS X AppleWebKit/537 (KHTML, like Gecko) Mobile Safari/537"
117.234.40.229 - - [13/May/2016:03:08:51 -0500] "GET /mobile/bundles/vendors.99bc40dc.js HTTP/1.1" 200 64644 "https://www.stayzilla.com/search?&queryText=Siliguri&utm_campaign=384494684&utm_medium=27353605484&utm_term=%2Bsiliguri%20%2Bhotel&utm_source=adwords&device=m&gclid=CJW_msXM1swCFQt0vQodkAEEGQ" "Mozilla/5.0 (Mobile; Windows Phone 8.1; Android 4.0; ARM; Trident/7.0; Touch; rv:11.0; IEMobile/11.0; Microsoft; Lumia 535 Dual SIM) like iPhone OS 7_0_3 Mac OS X AppleWebKit/537 (KHTML, like Gecko) Mobile Safari/537"
66.249.71.53 - - [13/May/2016:03:08:52 -0500] "GET /socket.io/?EIO=3&transport=polling&t=1457913617000-91 HTTP/1.1" 200 1906 "-" "Mozilla/5.0 (compatible; Googlebot/2.1; +http://www.google.com/bot.html)"
117.247.218.214 - - [13/May/2016:03:08:52 -0500] "GET /desktop/img/body-bg.png HTTP/2.0" 200 287 "https://www.stayzilla.com/desktop/bundles/61740c8f.main.cache.css" "Mozilla/5.0 (Windows NT 5.1) AppleWebKit/537.36 (KHTML, like Gecko) Chrome/49.0.2623.112 Safari/537.36"
66.249.71.53 - - [13/May/2016:03:08:52 -0500] "GET /socket.io/?EIO=3&transport=polling&t=1457913616000-85 HTTP/1.1" 200 1899 "-" "Mozilla/5.0 (compatible; Googlebot/2.1; +http://www.google.com/bot.html)"
122.178.183.195 - - [13/May/2016:03:08:52 -0500] "GET /desktop/img/favicons/sz-favicon.ico HTTP/2.0" 200 32330 "https://www.stayzilla.com/search?area=Kodaikanal&checkInDate=13-05-2016&checkOutDate=14-05-2016&dist=10km&lat=10.23925&lng=77.48932&name=Kodaikanal&np=1&queryText=Kodaikanal&sorting=id%3Drelevance%26order%3DDESC&type=szcity" "Mozilla/5.0 (Windows NT 6.1) AppleWebKit/537.36 (KHTML, like Gecko) Chrome/50.0.2661.94 Safari/537.36"
66.249.71.53 - - [13/May/2016:03:08:53 -0500] "GET /hotels/Hotel-Harmony/hlv51056di HTTP/1.1" 301 188 "-" "Mozilla/5.0 (compatible; Googlebot/2.1; +http://www.google.com/bot.html)"
66.249.71.53 - - [13/May/2016:03:08:54 -0500] "GET /stays/Hotel-Harmony-51056 HTTP/1.1" 200 1906 "-" "Mozilla/5.0 (compatible; Googlebot/2.1; +http://www.google.com/bot.html)"
1.39.14.129 - - [13/May/2016:03:08:54 -0500] "GET /mobile/bundles/main.84659e23.css HTTP/2.0" 200 24951 "https://www.stayzilla.com/stays/37904?utm_campaign=389713124&utm_medium=27646606964&utm_term=hotel%20sarkar%20palace&utm_source=adwords&device=m&gclid=Cj0KEQjw09C5BRDy972s6q2y4egBEiQA5_guv__01D3rHVrssvFzu7SP-i-pQGBDX6GdyEB7wmgMD90aAiGN8P8HAQ" "Mozilla/5.0 (Linux; Android 5.0; Lenovo A7000-a Build/LRX21M) AppleWebKit/537.36 (KHTML, like Gecko) Chrome/49.0.2623.105 Mobile Safari/537.36"
1.39.14.129 - - [13/May/2016:03:08:54 -0500] "GET /mobile/bundles/app.a55b1412.js HTTP/2.0" 200 50971 "https://www.stayzilla.com/stays/37904?utm_campaign=389713124&utm_medium=27646606964&utm_term=hotel%20sarkar%20palace&utm_source=adwords&device=m&gclid=Cj0KEQjw09C5BRDy972s6q2y4egBEiQA5_guv__01D3rHVrssvFzu7SP-i-pQGBDX6GdyEB7wmgMD90aAiGN8P8HAQ" "Mozilla/5.0 (Linux; Android 5.0; Lenovo A7000-a Build/LRX21M) AppleWebKit/537.36 (KHTML, like Gecko) Chrome/49.0.2623.105 Mobile Safari/537.36"
1.39.14.129 - - [13/May/2016:03:08:54 -0500] "GET /mobile/bundles/szmtpl.e0d4848c.js HTTP/2.0" 200 46503 "https://www.stayzilla.com/stays/37904?utm_campaign=389713124&utm_medium=27646606964&utm_term=hotel%20sarkar%20palace&utm_source=adwords&device=m&gclid=Cj0KEQjw09C5BRDy972s6q2y4egBEiQA5_guv__01D3rHVrssvFzu7SP-i-pQGBDX6GdyEB7wmgMD90aAiGN8P8HAQ" "Mozilla/5.0 (Linux; Android 5.0; Lenovo A7000-a Build/LRX21M) AppleWebKit/537.36 (KHTML, like Gecko) Chrome/49.0.2623.105 Mobile Safari/537.36"
117.234.40.229 - - [13/May/2016:03:08:54 -0500] "GET /mobile/bundles/app.a55b1412.js HTTP/1.1" 200 50645 "https://www.stayzilla.com/search?&queryText=Siliguri&utm_campaign=384494684&utm_medium=27353605484&utm_term=%2Bsiliguri%20%2Bhotel&utm_source=adwords&device=m&gclid=CJW_msXM1swCFQt0vQodkAEEGQ" "Mozilla/5.0 (Mobile; Windows Phone 8.1; Android 4.0; ARM; Trident/7.0; Touch; rv:11.0; IEMobile/11.0; Microsoft; Lumia 535 Dual SIM) like iPhone OS 7_0_3 Mac OS X AppleWebKit/537 (KHTML, like Gecko) Mobile Safari/537"
1.39.14.129 - - [13/May/2016:03:08:54 -0500] "GET /mobile/bundles/vendors.99bc40dc.js HTTP/2.0" 200 64970 "https://www.stayzilla.com/stays/37904?utm_campaign=389713124&utm_medium=27646606964&utm_term=hotel%20sarkar%20palace&utm_source=adwords&device=m&gclid=Cj0KEQjw09C5BRDy972s6q2y4egBEiQA5_guv__01D3rHVrssvFzu7SP-i-pQGBDX6GdyEB7wmgMD90aAiGN8P8HAQ" "Mozilla/5.0 (Linux; Android 5.0; Lenovo A7000-a Build/LRX21M) AppleWebKit/537.36 (KHTML, like Gecko) Chrome/49.0.2623.105 Mobile Safari/537.36"
117.234.40.229 - - [13/May/2016:03:08:54 -0500] "GET /mobile/bundles/main.84659e23.css HTTP/1.1" 200 24639 "https://www.stayzilla.com/search?&queryText=Siliguri&utm_campaign=384494684&utm_medium=27353605484&utm_term=%2Bsiliguri%20%2Bhotel&utm_source=adwords&device=m&gclid=CJW_msXM1swCFQt0vQodkAEEGQ" "Mozilla/5.0 (Mobile; Windows Phone 8.1; Android 4.0; ARM; Trident/7.0; Touch; rv:11.0; IEMobile/11.0; Microsoft; Lumia 535 Dual SIM) like iPhone OS 7_0_3 Mac OS X AppleWebKit/537 (KHTML, like Gecko) Mobile Safari/537"
66.249.71.53 - - [13/May/2016:03:08:54 -0500] "GET /socket.io/?EIO=3&transport=polling&t=1457913616000-89&sid=vKpq1uQ3npk5BOi_ACEo HTTP/1.1" 200 1899 "-" "Mozilla/5.0 (compatible; Googlebot/2.1; +http://www.google.com/bot.html)"
1.39.14.129 - - [13/May/2016:03:08:54 -0500] "GET /mobile/img/body-bg.png HTTP/2.0" 200 1476 "https://www.stayzilla.com/mobile/bundles/main.84659e23.css" "Mozilla/5.0 (Linux; Android 5.0; Lenovo A7000-a Build/LRX21M) AppleWebKit/537.36 (KHTML, like Gecko) Chrome/49.0.2623.105 Mobile Safari/537.36"
60.254.85.93 - - [13/May/2016:03:08:55 -0500] "GET /search?&queryText=Delhi&filters=stay%255B%255D%3Dserviced_apartment&utm_campaign=385266644&utm_medium=27405435884&utm_term=%2Bdelhi%20%2Bserviced%20apartment&utm_source=adwords&device=c&gclid=CPDEqMnM1swCFdgsvQodnvIJyA HTTP/1.1" 200 1906 "-" "Mozilla/5.0 (Macintosh; Intel Mac OS X 10_10_5) AppleWebKit/601.4.4 (KHTML, like Gecko) Version/9.0.3 Safari/601.4.4"
60.254.85.93 - - [13/May/2016:03:08:55 -0500] "GET /desktop/bundles/61740c8f.main.cache.css HTTP/1.1" 200 25101 "https://www.stayzilla.com/search?&queryText=Delhi&filters=stay%255B%255D%3Dserviced_apartment&utm_campaign=385266644&utm_medium=27405435884&utm_term=%2Bdelhi%20%2Bserviced%20apartment&utm_source=adwords&device=c&gclid=CPDEqMnM1swCFdgsvQodnvIJyA" "Mozilla/5.0 (Macintosh; Intel Mac OS X 10_10_5) AppleWebKit/601.4.4 (KHTML, like Gecko) Version/9.0.3 Safari/601.4.4"
66.249.71.53 - - [13/May/2016:03:08:55 -0500] "GET /socket.io/?EIO=3&transport=polling&t=1457913609000-49 HTTP/1.1" 200 1899 "-" "Mozilla/5.0 (compatible; Googlebot/2.1; +http://www.google.com/bot.html)"
60.254.85.93 - - [13/May/2016:03:08:55 -0500] "GET /common/jquery-2.1.4.min.js HTTP/1.1" 200 30374 "https://www.stayzilla.com/search?&queryText=Delhi&filters=stay%255B%255D%3Dserviced_apartment&utm_campaign=385266644&utm_medium=27405435884&utm_term=%2Bdelhi%20%2Bserviced%20apartment&utm_source=adwords&device=c&gclid=CPDEqMnM1swCFdgsvQodnvIJyA" "Mozilla/5.0 (Macintosh; Intel Mac OS X 10_10_5) AppleWebKit/601.4.4 (KHTML, like Gecko) Version/9.0.3 Safari/601.4.4"
60.254.85.93 - - [13/May/2016:03:08:55 -0500] "GET /desktop/img/body-bg.png HTTP/1.1" 200 1189 "https://www.stayzilla.com/search?&queryText=Delhi&filters=stay%255B%255D%3Dserviced_apartment&utm_campaign=385266644&utm_medium=27405435884&utm_term=%2Bdelhi%20%2Bserviced%20apartment&utm_source=adwords&device=c&gclid=CPDEqMnM1swCFdgsvQodnvIJyA" "Mozilla/5.0 (Macintosh; Intel Mac OS X 10_10_5) AppleWebKit/601.4.4 (KHTML, like Gecko) Version/9.0.3 Safari/601.4.4"
60.254.85.93 - - [13/May/2016:03:08:55 -0500] "GET /desktop/bundles/86a46f2b.app.cache.js HTTP/1.1" 200 192823 "https://www.stayzilla.com/search?&queryText=Delhi&filters=stay%255B%255D%3Dserviced_apartment&utm_campaign=385266644&utm_medium=27405435884&utm_term=%2Bdelhi%20%2Bserviced%20apartment&utm_source=adwords&device=c&gclid=CPDEqMnM1swCFdgsvQodnvIJyA" "Mozilla/5.0 (Macintosh; Intel Mac OS X 10_10_5) AppleWebKit/601.4.4 (KHTML, like Gecko) Version/9.0.3 Safari/601.4.4"
117.234.40.229 - - [13/May/2016:03:08:55 -0500] "GET /mobile/img/body-bg.png HTTP/1.1" 200 1189 "https://www.stayzilla.com/search?&queryText=Siliguri&utm_campaign=384494684&utm_medium=27353605484&utm_term=%2Bsiliguri%20%2Bhotel&utm_source=adwords&device=m&gclid=CJW_msXM1swCFQt0vQodkAEEGQ" "Mozilla/5.0 (Mobile; Windows Phone 8.1; Android 4.0; ARM; Trident/7.0; Touch; rv:11.0; IEMobile/11.0; Microsoft; Lumia 535 Dual SIM) like iPhone OS 7_0_3 Mac OS X AppleWebKit/537 (KHTML, like Gecko) Mobile Safari/537"
66.249.71.53 - - [13/May/2016:03:08:55 -0500] "GET /socket.io/?EIO=3&transport=polling&t=1457913613000-71&sid=Xo4fTjdg6VL57jJaAMLo HTTP/1.1" 200 1906 "-" "Mozilla/5.0 (compatible; Googlebot/2.1; +http://www.google.com/bot.html)"
104.132.20.89 - - [13/May/2016:03:08:56 -0500] "GET /?ps.php&kw=Munnar&tag=adwords&campaign=368876444&adgroup=26173092884 HTTP/2.0" 200 2141 "https://www.google.com/url?=&rct=j&sert=1&uct=1463116418&url=https://www.stayzilla.com/%3Fps.php%26kw%3DMunnar%26tag%3Dadwords%26campaign%3D368876444%26adgroup%3D26173092884&usd=3&usg=AFQjCNFu732ZyDM-6RECm_YbDkvL-Ht2gA" "Mozilla/5.0 (Linux; Android 6.0; Nexus 5 Build/MRA58N) AppleWebKit/537.36 (KHTML, like Gecko) Chrome/46.0.2490.76 Mobile Safari/537.36"
125.20.38.65 - - [13/May/2016:03:08:56 -0500] "GET /search?area=Palampur&queryText=Palampur&np=29&checkInDate=20-7-2016&checkOutDate=21-7-2016 HTTP/2.0" 200 2114 "-" "Mozilla/5.0 (Windows NT 6.1; WOW64) AppleWebKit/537.36 (KHTML, like Gecko) Chrome/50.0.2661.94 Safari/537.36"
104.132.20.89 - - [13/May/2016:03:08:56 -0500] "GET /mobile/bundles/main.84659e23.css HTTP/2.0" 200 24951 "https://www.stayzilla.com/?ps.php&kw=Munnar&tag=adwords&campaign=368876444&adgroup=26173092884" "Mozilla/5.0 (Linux; Android 6.0; Nexus 5 Build/MRA58N) AppleWebKit/537.36 (KHTML, like Gecko) Chrome/46.0.2490.76 Mobile Safari/537.36"
104.132.20.89 - - [13/May/2016:03:08:56 -0500] "GET /mobile/bundles/vendors.99bc40dc.js HTTP/2.0" 200 64970 "https://www.stayzilla.com/?ps.php&kw=Munnar&tag=adwords&campaign=368876444&adgroup=26173092884" "Mozilla/5.0 (Linux; Android 6.0; Nexus 5 Build/MRA58N) AppleWebKit/537.36 (KHTML, like Gecko) Chrome/46.0.2490.76 Mobile Safari/537.36"
66.249.71.53 - - [13/May/2016:03:08:56 -0500] "GET /socket.io/?EIO=3&transport=polling&t=1457913614000-76 HTTP/1.1" 200 1899 "-" "Mozilla/5.0 (compatible; Googlebot/2.1; +http://www.google.com/bot.html)"
104.132.20.89 - - [13/May/2016:03:08:56 -0500] "GET /mobile/bundles/szmtpl.e0d4848c.js HTTP/2.0" 200 46503 "https://www.stayzilla.com/?ps.php&kw=Munnar&tag=adwords&campaign=368876444&adgroup=26173092884" "Mozilla/5.0 (Linux; Android 6.0; Nexus 5 Build/MRA58N) AppleWebKit/537.36 (KHTML, like Gecko) Chrome/46.0.2490.76 Mobile Safari/537.36"
104.132.20.89 - - [13/May/2016:03:08:56 -0500] "GET /mobile/bundles/app.a55b1412.js HTTP/2.0" 200 50971 "https://www.stayzilla.com/?ps.php&kw=Munnar&tag=adwords&campaign=368876444&adgroup=26173092884" "Mozilla/5.0 (Linux; Android 6.0; Nexus 5 Build/MRA58N) AppleWebKit/537.36 (KHTML, like Gecko) Chrome/46.0.2490.76 Mobile Safari/537.36"
104.132.20.89 - - [13/May/2016:03:08:56 -0500] "GET /mobile/img/sz-loader.svg HTTP/2.0" 200 922 "https://www.stayzilla.com/?ps.php&kw=Munnar&tag=adwords&campaign=368876444&adgroup=26173092884" "Mozilla/5.0 (Linux; Android 6.0; Nexus 5 Build/MRA58N) AppleWebKit/537.36 (KHTML, like Gecko) Chrome/46.0.2490.76 Mobile Safari/537.36"
104.132.20.89 - - [13/May/2016:03:08:56 -0500] "GET /mobile/img/body-bg.png HTTP/2.0" 200 1476 "https://www.stayzilla.com/mobile/bundles/main.84659e23.css" "Mozilla/5.0 (Linux; Android 6.0; Nexus 5 Build/MRA58N) AppleWebKit/537.36 (KHTML, like Gecko) Chrome/46.0.2490.76 Mobile Safari/537.36"
60.254.85.93 - - [13/May/2016:03:08:56 -0500] "GET /desktop/img/brand-logo.svg HTTP/1.1" 200 2641 "https://www.stayzilla.com/search?&queryText=Delhi&filters=stay%255B%255D%3Dserviced_apartment&utm_campaign=385266644&utm_medium=27405435884&utm_term=%2Bdelhi%20%2Bserviced%20apartment&utm_source=adwords&device=c&gclid=CPDEqMnM1swCFdgsvQodnvIJyA" "Mozilla/5.0 (Macintosh; Intel Mac OS X 10_10_5) AppleWebKit/601.4.4 (KHTML, like Gecko) Version/9.0.3 Safari/601.4.4"
60.254.85.93 - - [13/May/2016:03:08:56 -0500] "GET /desktop/img/footer_playStore.png HTTP/1.1" 200 5989 "https://www.stayzilla.com/search?&queryText=Delhi&filters=stay%255B%255D%3Dserviced_apartment&utm_campaign=385266644&utm_medium=27405435884&utm_term=%2Bdelhi%20%2Bserviced%20apartment&utm_source=adwords&device=c&gclid=CPDEqMnM1swCFdgsvQodnvIJyA" "Mozilla/5.0 (Macintosh; Intel Mac OS X 10_10_5) AppleWebKit/601.4.4 (KHTML, like Gecko) Version/9.0.3 Safari/601.4.4"
60.254.85.93 - - [13/May/2016:03:08:56 -0500] "GET /desktop/img/footer_appStore.png HTTP/1.1" 200 6650 "https://www.stayzilla.com/search?&queryText=Delhi&filters=stay%255B%255D%3Dserviced_apartment&utm_campaign=385266644&utm_medium=27405435884&utm_term=%2Bdelhi%20%2Bserviced%20apartment&utm_source=adwords&device=c&gclid=CPDEqMnM1swCFdgsvQodnvIJyA" "Mozilla/5.0 (Macintosh; Intel Mac OS X 10_10_5) AppleWebKit/601.4.4 (KHTML, like Gecko) Version/9.0.3 Safari/601.4.4"
60.254.85.93 - - [13/May/2016:03:08:56 -0500] "GET /desktop/img/favicons/sz-favicon.ico HTTP/1.1" 200 32038 "https://www.stayzilla.com/search?&queryText=Delhi&filters=stay%255B%255D%3Dserviced_apartment&utm_campaign=385266644&utm_medium=27405435884&utm_term=%2Bdelhi%20%2Bserviced%20apartment&utm_source=adwords&device=c&gclid=CPDEqMnM1swCFdgsvQodnvIJyA" "Mozilla/5.0 (Macintosh; Intel Mac OS X 10_10_5) AppleWebKit/601.4.4 (KHTML, like Gecko) Version/9.0.3 Safari/601.4.4"
1.39.14.129 - - [13/May/2016:03:08:56 -0500] "GET /mobile/img/sz-loader.svg HTTP/2.0" 200 922 "https://www.stayzilla.com/stays/37904?utm_campaign=389713124&utm_medium=27646606964&utm_term=hotel%20sarkar%20palace&utm_source=adwords&device=m&gclid=Cj0KEQjw09C5BRDy972s6q2y4egBEiQA5_guv__01D3rHVrssvFzu7SP-i-pQGBDX6GdyEB7wmgMD90aAiGN8P8HAQ" "Mozilla/5.0 (Linux; Android 5.0; Lenovo A7000-a Build/LRX21M) AppleWebKit/537.36 (KHTML, like Gecko) Chrome/49.0.2623.105 Mobile Safari/537.36"
66.249.71.53 - - [13/May/2016:03:08:56 -0500] "GET /socket.io/?EIO=3&transport=polling&t=1457913614000-73 HTTP/1.1" 200 1906 "-" "Mozilla/5.0 (compatible; Googlebot/2.1; +http://www.google.com/bot.html)"
104.132.20.89 - - [13/May/2016:03:08:56 -0500] "GET /mobile/img/sz-favicon.ico HTTP/2.0" 200 370364 "https://www.stayzilla.com/?ps.php&kw=Munnar&tag=adwords&campaign=368876444&adgroup=26173092884" "Mozilla/5.0 (X11; Linux x86_64) AppleWebKit/537.36 (KHTML, like Gecko) Chrome/50.0.2661.102 Safari/537.36"
60.254.85.93 - - [13/May/2016:03:08:56 -0500] "GET /desktop/fonts/sz-icon-font.woff?e25ad810c259ce05562f61038a802e30 HTTP/1.1" 200 47816 "https://www.stayzilla.com/search?checkInDate=15-05-2016&checkOutDate=16-05-2016&filters=stay%255B%255D%3Dserviced_apartment&np=1&queryText=Delhi&sorting=id%3Drelevance%26order%3DDESC" "Mozilla/5.0 (Macintosh; Intel Mac OS X 10_10_5) AppleWebKit/601.4.4 (KHTML, like Gecko) Version/9.0.3 Safari/601.4.4"
104.132.20.89 - - [13/May/2016:03:08:56 -0500] "GET /mobile/fonts/sz-icon-font.woff?88e901b9d2b11d7c459265418b164812 HTTP/2.0" 200 46946 "https://www.stayzilla.com/mobile/bundles/main.84659e23.css" "Mozilla/5.0 (X11; Linux x86_64) AppleWebKit/537.36 (KHTML, like Gecko) Chrome/50.0.2661.102 Safari/537.36"
104.132.20.89 - - [13/May/2016:03:08:56 -0500] "GET /mobile/img/homepage/logo.png HTTP/2.0" 200 6590 "https://www.stayzilla.com/?ps.php&kw=Munnar&tag=adwords&campaign=368876444&adgroup=26173092884" "Mozilla/5.0 (X11; Linux x86_64) AppleWebKit/537.36 (KHTML, like Gecko) Chrome/50.0.2661.102 Safari/537.36"
104.132.20.89 - - [13/May/2016:03:08:56 -0500] "GET /mobile/img/home-banner--2x.jpg HTTP/2.0" 200 80899 "https://www.stayzilla.com/?ps.php&kw=Munnar&tag=adwords&campaign=368876444&adgroup=26173092884" "Mozilla/5.0 (X11; Linux x86_64) AppleWebKit/537.36 (KHTML, like Gecko) Chrome/50.0.2661.102 Safari/537.36"
104.132.20.89 - - [13/May/2016:03:08:56 -0500] "GET /mobile/img/video-background.jpg HTTP/2.0" 200 21913 "https://www.stayzilla.com/?ps.php&kw=Munnar&tag=adwords&campaign=368876444&adgroup=26173092884" "Mozilla/5.0 (X11; Linux x86_64) AppleWebKit/537.36 (KHTML, like Gecko) Chrome/50.0.2661.102 Safari/537.36"
104.132.20.89 - - [13/May/2016:03:08:56 -0500] "GET /mobile/img/gplay.png HTTP/2.0" 200 7094 "https://www.stayzilla.com/?ps.php&kw=Munnar&tag=adwords&campaign=368876444&adgroup=26173092884" "Mozilla/5.0 (X11; Linux x86_64) AppleWebKit/537.36 (KHTML, like Gecko) Chrome/50.0.2661.102 Safari/537.36"
66.249.71.53 - - [13/May/2016:03:08:57 -0500] "GET /socket.io/?EIO=3&transport=polling&t=1457913613000-70 HTTP/1.1" 200 1899 "-" "Mozilla/5.0 (compatible; Googlebot/2.1; +http://www.google.com/bot.html)"
175.100.147.17 - - [13/May/2016:03:08:57 -0500] "GET /mobile/img/svgIcons.svg?v=2 HTTP/2.0" 200 384794 "https://www.stayzilla.com/search?queryText=Coorg&checkInDate=15-05-2016&checkOutDate=16-05-2016&&&&&&&&filters=&sorting=id%3Drelevance%26order%3DDESC&np=1" "Mozilla/5.0 (Linux; Android 5.1; E5363 Build/27.2.B.0.169) AppleWebKit/537.36 (KHTML, like Gecko) Chrome/50.0.2661.89 Mobile Safari/537.36"
60.254.85.93 - - [13/May/2016:03:08:57 -0500] "GET /desktop/img/footer-watermark.png HTTP/1.1" 200 31189 "https://www.stayzilla.com/search?checkInDate=15-05-2016&checkOutDate=16-05-2016&filters=stay%255B%255D%3Dserviced_apartment&np=1&queryText=Delhi&sorting=id%3Drelevance%26order%3DDESC" "Mozilla/5.0 (Macintosh; Intel Mac OS X 10_10_5) AppleWebKit/601.4.4 (KHTML, like Gecko) Version/9.0.3 Safari/601.4.4"
60.254.85.93 - - [13/May/2016:03:08:57 -0500] "GET /desktop/img/page-search/mock-card.jpg HTTP/1.1" 200 4818 "https://www.stayzilla.com/search?checkInDate=15-05-2016&checkOutDate=16-05-2016&filters=stay%255B%255D%3Dserviced_apartment&np=1&queryText=Delhi&sorting=id%3Drelevance%26order%3DDESC" "Mozilla/5.0 (Macintosh; Intel Mac OS X 10_10_5) AppleWebKit/601.4.4 (KHTML, like Gecko) Version/9.0.3 Safari/601.4.4"
66.249.71.53 - - [13/May/2016:03:08:57 -0500] "GET /socket.io/?EIO=3&transport=polling&t=1457913615000-82 HTTP/1.1" 200 1906 "-" "Mozilla/5.0 (compatible; Googlebot/2.1; +http://www.google.com/bot.html)"
1.39.14.129 - - [13/May/2016:03:08:58 -0500] "GET /mobile/img/sz-favicon.ico HTTP/2.0" 200 370364 "https://www.stayzilla.com/stays/37904?utm_campaign=389713124&utm_medium=27646606964&utm_term=hotel%20sarkar%20palace&utm_source=adwords&device=m&gclid=Cj0KEQjw09C5BRDy972s6q2y4egBEiQA5_guv__01D3rHVrssvFzu7SP-i-pQGBDX6GdyEB7wmgMD90aAiGN8P8HAQ" "Mozilla/5.0 (Linux; Android 5.0; Lenovo A7000-a Build/LRX21M) AppleWebKit/537.36 (KHTML, like Gecko) Chrome/49.0.2623.105 Mobile Safari/537.36"
1.39.14.129 - - [13/May/2016:03:08:58 -0500] "GET /mobile/fonts/sz-icon-font.woff?88e901b9d2b11d7c459265418b164812 HTTP/2.0" 200 46946 "https://www.stayzilla.com/mobile/bundles/main.84659e23.css" "Mozilla/5.0 (Linux; Android 5.0; Lenovo A7000-a Build/LRX21M) AppleWebKit/537.36 (KHTML, like Gecko) Chrome/49.0.2623.105 Mobile Safari/537.36"
60.254.85.93 - - [13/May/2016:03:08:58 -0500] "GET /desktop/img/fullscreenicon.svg HTTP/1.1" 200 1233 "https://www.stayzilla.com/search?checkInDate=15-05-2016&checkOutDate=16-05-2016&filters=stay%255B%255D%3Dserviced_apartment&np=1&queryText=Delhi&sorting=id%3Drelevance%26order%3DDESC" "Mozilla/5.0 (Macintosh; Intel Mac OS X 10_10_5) AppleWebKit/601.4.4 (KHTML, like Gecko) Version/9.0.3 Safari/601.4.4"
60.254.85.93 - - [13/May/2016:03:08:58 -0500] "GET /desktop/img/property-card/verified.svg HTTP/1.1" 200 508 "https://www.stayzilla.com/search?checkInDate=15-05-2016&checkOutDate=16-05-2016&filters=stay%255B%255D%3Dserviced_apartment&np=1&queryText=Delhi&sorting=id%3Drelevance%26order%3DDESC" "Mozilla/5.0 (Macintosh; Intel Mac OS X 10_10_5) AppleWebKit/601.4.4 (KHTML, like Gecko) Version/9.0.3 Safari/601.4.4"
1.39.14.129 - - [13/May/2016:03:08:58 -0500] "GET /mobile/img/down-arrow.png HTTP/2.0" 200 550 "https://www.stayzilla.com/mobile/bundles/main.84659e23.css" "Mozilla/5.0 (Linux; Android 5.0; Lenovo A7000-a Build/LRX21M) AppleWebKit/537.36 (KHTML, like Gecko) Chrome/49.0.2623.105 Mobile Safari/537.36"
60.254.85.93 - - [13/May/2016:03:08:58 -0500] "GET /desktop/img/others/tick.svg HTTP/1.1" 200 988 "https://www.stayzilla.com/search?checkInDate=15-05-2016&checkOutDate=16-05-2016&filters=stay%255B%255D%3Dserviced_apartment&np=1&queryText=Delhi&sorting=id%3Drelevance%26order%3DDESC" "Mozilla/5.0 (Macintosh; Intel Mac OS X 10_10_5) AppleWebKit/601.4.4 (KHTML, like Gecko) Version/9.0.3 Safari/601.4.4"
66.249.71.53 - - [13/May/2016:03:08:58 -0500] "GET /socket.io/?EIO=3&transport=polling&t=1457913615000-83&sid=fW4-73d7mNOEmHLlAEVg HTTP/1.1" 200 1899 "-" "Mozilla/5.0 (compatible; Googlebot/2.1; +http://www.google.com/bot.html)"
66.249.71.53 - - [13/May/2016:03:08:58 -0500] "GET /socket.io/?EIO=3&transport=polling&t=1457913614000-77&sid=3DnXuOlQUWKIjbAVAB4w HTTP/1.1" 200 1906 "-" "Mozilla/5.0 (compatible; Googlebot/2.1; +http://www.google.com/bot.html)"
66.249.71.53 - - [13/May/2016:03:08:59 -0500] "GET /socket.io/?EIO=3&transport=polling&t=1457913603000-8&sid=_Lzr_bXfPS8J7QM0ABs5 HTTP/1.1" 200 1899 "-" "Mozilla/5.0 (compatible; Googlebot/2.1; +http://www.google.com/bot.html)"
117.247.218.214 - - [13/May/2016:03:08:59 -0500] "GET /desktop/bundles/86a46f2b.app.cache.js HTTP/2.0" 200 65864 "https://www.stayzilla.com/search?&queryText=Ladakh&utm_campaign=387601124&utm_medium=27549408044&utm_term=%2Bladakh%20%2Bhotel&utm_source=adwords&device=c&gclid=Cj0KEQjw9tW5BRDk29KDnqWu4fMBEiQAKj7sp2ps85UyB8Sq7iFwCfhmn5fTieStn1qpddhRqzxmSvUaAveF8P8HAQ" "Mozilla/5.0 (Windows NT 5.1) AppleWebKit/537.36 (KHTML, like Gecko) Chrome/49.0.2623.112 Safari/537.36"
66.249.71.53 - - [13/May/2016:03:09:00 -0500] "GET /socket.io/?EIO=3&transport=polling&t=1457913616000-88 HTTP/1.1" 200 1906 "-" "Mozilla/5.0 (compatible; Googlebot/2.1; +http://www.google.com/bot.html)"
66.249.71.53 - - [13/May/2016:03:09:00 -0500] "GET /socket.io/?EIO=3&transport=polling&t=1457913619000-96 HTTP/1.1" 200 1899 "-" "Mozilla/5.0 (compatible; Googlebot/2.1; +http://www.google.com/bot.html)"
101.57.19.139 - - [13/May/2016:03:09:00 -0500] "GET /search?&queryText=Nainital&utm_campaign=384494204&utm_medium=27353609924&utm_term=%2Bnainital%20%2Bhotel&utm_source=adwords&device=m&gclid=Cj0KEQjw9tW5BRDk29KDnqWu4fMBEiQAKj7sp3jgeMH0Cko0uPGqNdlM-IpedD8rvsyZFniG1O253uIaAljy8P8HAQ HTTP/2.0" 200 2141 "https://www.google.co.in/" "Mozilla/5.0 (Linux; Android 5.1.1; SM-G531F Build/LMY48B) AppleWebKit/537.36 (KHTML, like Gecko) Chrome/43.0.2357.93 Mobile Safari/537.36"
101.57.19.139 - - [13/May/2016:03:09:01 -0500] "GET /mobile/bundles/main.84659e23.css HTTP/2.0" 200 24951 "https://www.stayzilla.com/search?&queryText=Nainital&utm_campaign=384494204&utm_medium=27353609924&utm_term=%2Bnainital%20%2Bhotel&utm_source=adwords&device=m&gclid=Cj0KEQjw9tW5BRDk29KDnqWu4fMBEiQAKj7sp3jgeMH0Cko0uPGqNdlM-IpedD8rvsyZFniG1O253uIaAljy8P8HAQ" "Mozilla/5.0 (Linux; Android 5.1.1; SM-G531F Build/LMY48B) AppleWebKit/537.36 (KHTML, like Gecko) Chrome/43.0.2357.93 Mobile Safari/537.36"
66.249.71.53 - - [13/May/2016:03:09:01 -0500] "GET /socket.io/?EIO=3&transport=polling&t=1457913617000-94 HTTP/1.1" 200 1899 "-" "Mozilla/5.0 (compatible; Googlebot/2.1; +http://www.google.com/bot.html)"
101.57.19.139 - - [13/May/2016:03:09:01 -0500] "GET /mobile/bundles/vendors.99bc40dc.js HTTP/2.0" 200 64970 "https://www.stayzilla.com/search?&queryText=Nainital&utm_campaign=384494204&utm_medium=27353609924&utm_term=%2Bnainital%20%2Bhotel&utm_source=adwords&device=m&gclid=Cj0KEQjw9tW5BRDk29KDnqWu4fMBEiQAKj7sp3jgeMH0Cko0uPGqNdlM-IpedD8rvsyZFniG1O253uIaAljy8P8HAQ" "Mozilla/5.0 (Linux; Android 5.1.1; SM-G531F Build/LMY48B) AppleWebKit/537.36 (KHTML, like Gecko) Chrome/43.0.2357.93 Mobile Safari/537.36"
