115.112.151.102 - - [13/May/2016:03:10:27 -0500] "GET /desktop/img/property-card/verified.svg HTTP/2.0" 200 723 "https://www.stayzilla.com/search?checkInDate=15-05-2016&checkOutDate=16-05-2016&np=1&queryText=Coorg&sorting=id%3Drelevance%26order%3DDESC" "Mozilla/5.0 (Windows NT 6.3; WOW64) AppleWebKit/537.36 (KHTML, like Gecko) Chrome/50.0.2661.94 Safari/537.36"
115.112.151.102 - - [13/May/2016:03:10:27 -0500] "GET /desktop/img/panaroma.svg HTTP/2.0" 200 7475 "https://www.stayzilla.com/search?checkInDate=15-05-2016&checkOutDate=16-05-2016&np=1&queryText=Coorg&sorting=id%3Drelevance%26order%3DDESC" "Mozilla/5.0 (Windows NT 6.3; WOW64) AppleWebKit/537.36 (KHTML, like Gecko) Chrome/50.0.2661.94 Safari/537.36"
117.223.215.79 - - [13/May/2016:03:10:27 -0500] "GET /mobile/img/down-arrow.png HTTP/2.0" 200 550 "https://www.stayzilla.com/mobile/bundles/main.84659e23.css" "Mozilla/5.0 (Linux; Android 4.4.4; vivo Y27L Build/KTU84P) AppleWebKit/537.36 (KHTML, like Gecko) Chrome/49.0.2623.91 Mobile Safari/537.36"
106.192.15.173 - - [13/May/2016:03:10:28 -0500] "GET /desktop/img/footer_appStore.png HTTP/1.1" 200 6650 "https://www.stayzilla.com/search?checkInDate=15-05-2016&checkOutDate=16-05-2016&np=1&queryText=Mohali&sorting=id%3Drelevance%26order%3DDESC" "Mozilla/5.0 (Windows NT 6.1; WOW64) AppleWebKit/537.36 (KHTML, like Gecko) Chrome/50.0.2661.102 Safari/537.36"
106.192.15.173 - - [13/May/2016:03:10:28 -0500] "GET /desktop/img/brand-logo.svg HTTP/1.1" 200 2641 "https://www.stayzilla.com/search?checkInDate=15-05-2016&checkOutDate=16-05-2016&np=1&queryText=Mohali&sorting=id%3Drelevance%26order%3DDESC" "Mozilla/5.0 (Windows NT 6.1; WOW64) AppleWebKit/537.36 (KHTML, like Gecko) Chrome/50.0.2661.102 Safari/537.36"
106.192.15.173 - - [13/May/2016:03:10:28 -0500] "GET /desktop/img/footer_playStore.png HTTP/1.1" 200 5989 "https://www.stayzilla.com/search?checkInDate=15-05-2016&checkOutDate=16-05-2016&np=1&queryText=Mohali&sorting=id%3Drelevance%26order%3DDESC" "Mozilla/5.0 (Windows NT 6.1; WOW64) AppleWebKit/537.36 (KHTML, like Gecko) Chrome/50.0.2661.102 Safari/537.36"
108.171.159.41 - - [13/May/2016:03:10:28 -0500] "GET /desktop/fonts/sz-icon-font.woff?e25ad810c259ce05562f61038a802e30 HTTP/2.0" 200 48042 "https://www.stayzilla.com/desktop/bundles/61740c8f.main.cache.css" "Mozilla/5.0 (Windows NT 6.1; WOW64) AppleWebKit/537.36 (KHTML, like Gecko) Chrome/47.0.2526.106 Safari/537.36"
106.192.15.173 - - [13/May/2016:03:10:28 -0500] "GET /desktop/fonts/sz-icon-font.woff?e25ad810c259ce05562f61038a802e30 HTTP/1.1" 200 47816 "https://www.stayzilla.com/desktop/bundles/61740c8f.main.cache.css" "Mozilla/5.0 (Windows NT 6.1; WOW64) AppleWebKit/537.36 (KHTML, like Gecko) Chrome/50.0.2661.102 Safari/537.36"
108.171.159.41 - - [13/May/2016:03:10:28 -0500] "GET /desktop/img/footer-watermark.png HTTP/2.0" 200 31478 "https://www.stayzilla.com/desktop/bundles/61740c8f.main.cache.css" "Mozilla/5.0 (Windows NT 6.1; WOW64) AppleWebKit/537.36 (KHTML, like Gecko) Chrome/47.0.2526.106 Safari/537.36"
108.171.159.41 - - [13/May/2016:03:10:28 -0500] "GET /desktop/img/brand-logo.svg HTTP/2.0" 200 2857 "https://www.stayzilla.com/stays/the-sana-beach---the-spa-resort-28621?checkInDate=04-06-2016&checkOutDate=06-06-2016&utm_source=wego&utm_campaign=Mandarmani&utm_term=28621/the-sana-beach---the-spa-resort" "Mozilla/5.0 (Windows NT 6.1; WOW64) AppleWebKit/537.36 (KHTML, like Gecko) Chrome/47.0.2526.106 Safari/537.36"
108.171.159.41 - - [13/May/2016:03:10:28 -0500] "GET /desktop/img/footer_playStore.png HTTP/2.0" 200 6277 "https://www.stayzilla.com/stays/the-sana-beach---the-spa-resort-28621?checkInDate=04-06-2016&checkOutDate=06-06-2016&utm_source=wego&utm_campaign=Mandarmani&utm_term=28621/the-sana-beach---the-spa-resort" "Mozilla/5.0 (Windows NT 6.1; WOW64) AppleWebKit/537.36 (KHTML, like Gecko) Chrome/47.0.2526.106 Safari/537.36"
108.171.159.41 - - [13/May/2016:03:10:28 -0500] "GET /desktop/img/footer_appStore.png HTTP/2.0" 200 6938 "https://www.stayzilla.com/stays/the-sana-beach---the-spa-resort-28621?checkInDate=04-06-2016&checkOutDate=06-06-2016&utm_source=wego&utm_campaign=Mandarmani&utm_term=28621/the-sana-beach---the-spa-resort" "Mozilla/5.0 (Windows NT 6.1; WOW64) AppleWebKit/537.36 (KHTML, like Gecko) Chrome/47.0.2526.106 Safari/537.36"
1.39.9.137 - - [13/May/2016:03:10:28 -0500] "GET /stays/kstdc-hotel-mayura-valley-view-madikeri-1375?checkInDate=21-05-2016&checkOutDate=23-05-2016&utm_source=wego&utm_campaign=Coorg&utm_term=1375/kstdc-hotel-mayura-valley-view-madikeri HTTP/2.0" 200 2141 "-" "Mozilla/5.0 (Linux; Android 6.0.1; SM-G925I Build/MMB29K; wv) AppleWebKit/537.36 (KHTML, like Gecko) Version/4.0 Chrome/50.0.2661.86 Mobile Safari/537.36"
49.15.183.54 - - [13/May/2016:03:10:28 -0500] "GET /mobile/bundles/app.a55b1412.js HTTP/2.0" 200 50971 "https://www.stayzilla.com/search?&queryText=Shimla&filters=stay%255B%255D%3Dresort&utm_campaign=384489764&utm_medium=27353612564&utm_term=%2Bshimla%20%2Bresort&utm_source=adwords&device=m&gclid=Cj0KEQjw9tW5BRDk29KDnqWu4fMBEiQAKj7sp5f5N30Su20XhgjYwzKPl_l1fiKJ7OLBU6uAK-qjlD0aAgi_8P8HAQ" "Mozilla/5.0 (Linux; Android 5.1.1; SM-A800F Build/LMY47X) AppleWebKit/537.36 (KHTML, like Gecko) Chrome/50.0.2661.89 Mobile Safari/537.36"
223.31.116.202 - - [13/May/2016:03:10:28 -0500] "GET /cloud_call_back_url.php?clound_inbound_phno=009330633111&ucid=245996312702821&did=914440172222&callerID=009330633111&skillName=0&agentUniqueID=27457&dataID=&campaignID=5090&monitorUcid=245996312702821&agentPhoneNumber=08904722732&phoneName=08904722732&type=Manual&uui=Manual%20Dial&agentID=Neelamg&customer=inasra HTTP/2.0" 200 2114 "http://cloudagent.in/OCCDV2/cloudagent/agent_toolbar.jsp" "Mozilla/5.0 (X11; Linux x86_64) AppleWebKit/537.36 (KHTML, like Gecko) Chrome/45.0.2454.101 Safari/537.36"
106.192.15.173 - - [13/May/2016:03:10:28 -0500] "GET /desktop/img/footer-watermark.png HTTP/1.1" 200 31189 "https://www.stayzilla.com/desktop/bundles/61740c8f.main.cache.css" "Mozilla/5.0 (Windows NT 6.1; WOW64) AppleWebKit/537.36 (KHTML, like Gecko) Chrome/50.0.2661.102 Safari/537.36"
1.39.9.137 - - [13/May/2016:03:10:28 -0500] "GET /mobile/bundles/main.84659e23.css HTTP/2.0" 200 24951 "https://www.stayzilla.com/stays/kstdc-hotel-mayura-valley-view-madikeri-1375?checkInDate=21-05-2016&checkOutDate=23-05-2016&utm_source=wego&utm_campaign=Coorg&utm_term=1375/kstdc-hotel-mayura-valley-view-madikeri" "Mozilla/5.0 (Linux; Android 6.0.1; SM-G925I Build/MMB29K; wv) AppleWebKit/537.36 (KHTML, like Gecko) Version/4.0 Chrome/50.0.2661.86 Mobile Safari/537.36"
1.39.9.137 - - [13/May/2016:03:10:28 -0500] "GET /mobile/bundles/vendors.99bc40dc.js HTTP/2.0" 200 64970 "https://www.stayzilla.com/stays/kstdc-hotel-mayura-valley-view-madikeri-1375?checkInDate=21-05-2016&checkOutDate=23-05-2016&utm_source=wego&utm_campaign=Coorg&utm_term=1375/kstdc-hotel-mayura-valley-view-madikeri" "Mozilla/5.0 (Linux; Android 6.0.1; SM-G925I Build/MMB29K; wv) AppleWebKit/537.36 (KHTML, like Gecko) Version/4.0 Chrome/50.0.2661.86 Mobile Safari/537.36"
1.39.9.137 - - [13/May/2016:03:10:28 -0500] "GET /mobile/bundles/szmtpl.e0d4848c.js HTTP/2.0" 200 46503 "https://www.stayzilla.com/stays/kstdc-hotel-mayura-valley-view-madikeri-1375?checkInDate=21-05-2016&checkOutDate=23-05-2016&utm_source=wego&utm_campaign=Coorg&utm_term=1375/kstdc-hotel-mayura-valley-view-madikeri" "Mozilla/5.0 (Linux; Android 6.0.1; SM-G925I Build/MMB29K; wv) AppleWebKit/537.36 (KHTML, like Gecko) Version/4.0 Chrome/50.0.2661.86 Mobile Safari/537.36"
1.39.9.137 - - [13/May/2016:03:10:28 -0500] "GET /mobile/bundles/app.a55b1412.js HTTP/2.0" 200 50971 "https://www.stayzilla.com/stays/kstdc-hotel-mayura-valley-view-madikeri-1375?checkInDate=21-05-2016&checkOutDate=23-05-2016&utm_source=wego&utm_campaign=Coorg&utm_term=1375/kstdc-hotel-mayura-valley-view-madikeri" "Mozilla/5.0 (Linux; Android 6.0.1; SM-G925I Build/MMB29K; wv) AppleWebKit/537.36 (KHTML, like Gecko) Version/4.0 Chrome/50.0.2661.86 Mobile Safari/537.36"
122.15.80.195 - - [13/May/2016:03:10:28 -0500] "GET /search?area=Solan&queryText=Solan&np=7&checkInDate=20-7-2016&checkOutDate=21-7-2016 HTTP/2.0" 200 2114 "-" "Mozilla/5.0 (Windows NT 6.1; WOW64) AppleWebKit/537.36 (KHTML, like Gecko) Chrome/50.0.2661.94 Safari/537.36"
106.192.15.173 - - [13/May/2016:03:10:29 -0500] "GET /desktop/img/page-search/mock-card.jpg HTTP/1.1" 200 4818 "https://www.stayzilla.com/desktop/bundles/61740c8f.main.cache.css" "Mozilla/5.0 (Windows NT 6.1; WOW64) AppleWebKit/537.36 (KHTML, like Gecko) Chrome/50.0.2661.102 Safari/537.36"
1.39.9.137 - - [13/May/2016:03:10:29 -0500] "GET /mobile/img/body-bg.png HTTP/2.0" 200 1476 "https://www.stayzilla.com/mobile/bundles/main.84659e23.css" "Mozilla/5.0 (Linux; Android 6.0.1; SM-G925I Build/MMB29K; wv) AppleWebKit/537.36 (KHTML, like Gecko) Version/4.0 Chrome/50.0.2661.86 Mobile Safari/537.36"
115.112.151.102 - - [13/May/2016:03:10:29 -0500] "GET /desktop/img/favicons/sz-favicon.ico HTTP/2.0" 200 32330 "https://www.stayzilla.com/search?checkInDate=15-05-2016&checkOutDate=16-05-2016&np=1&queryText=Coorg&sorting=id%3Drelevance%26order%3DDESC" "Mozilla/5.0 (Windows NT 6.3; WOW64) AppleWebKit/537.36 (KHTML, like Gecko) Chrome/50.0.2661.94 Safari/537.36"
103.246.197.12 - - [13/May/2016:03:10:29 -0500] "GET /stays/rain-forest-resort-44386?checkInDate=14-05-2016&checkOutDate=16-05-2016 HTTP/1.1" 200 1906 "-" "Mozilla/5.0 (Windows NT 6.1; WOW64; rv:38.0) Gecko/20100101 Firefox/38.0"
1.39.9.137 - - [13/May/2016:03:10:29 -0500] "GET /mobile/img/sz-loader.svg HTTP/2.0" 200 922 "https://www.stayzilla.com/stays/kstdc-hotel-mayura-valley-view-madikeri-1375?checkInDate=21-05-2016&checkOutDate=23-05-2016&utm_source=wego&utm_campaign=Coorg&utm_term=1375/kstdc-hotel-mayura-valley-view-madikeri" "Mozilla/5.0 (Linux; Android 6.0.1; SM-G925I Build/MMB29K; wv) AppleWebKit/537.36 (KHTML, like Gecko) Version/4.0 Chrome/50.0.2661.86 Mobile Safari/537.36"
106.192.15.173 - - [13/May/2016:03:10:30 -0500] "GET /desktop/img/property-card/verified.svg HTTP/1.1" 200 508 "https://www.stayzilla.com/search?checkInDate=15-05-2016&checkOutDate=16-05-2016&np=1&queryText=Mohali&sorting=id%3Drelevance%26order%3DDESC" "Mozilla/5.0 (Windows NT 6.1; WOW64) AppleWebKit/537.36 (KHTML, like Gecko) Chrome/50.0.2661.102 Safari/537.36"
106.192.15.173 - - [13/May/2016:03:10:30 -0500] "GET /desktop/img/fullscreenicon.svg HTTP/1.1" 200 1233 "https://www.stayzilla.com/search?checkInDate=15-05-2016&checkOutDate=16-05-2016&np=1&queryText=Mohali&sorting=id%3Drelevance%26order%3DDESC" "Mozilla/5.0 (Windows NT 6.1; WOW64) AppleWebKit/537.36 (KHTML, like Gecko) Chrome/50.0.2661.102 Safari/537.36"
1.39.9.137 - - [13/May/2016:03:10:30 -0500] "GET /mobile/img/sz-favicon.ico HTTP/2.0" 200 370364 "https://www.stayzilla.com/stays/kstdc-hotel-mayura-valley-view-madikeri-1375?checkInDate=21-05-2016&checkOutDate=23-05-2016&utm_source=wego&utm_campaign=Coorg&utm_term=1375/kstdc-hotel-mayura-valley-view-madikeri" "Mozilla/5.0 (Linux; Android 6.0.1; SM-G925I Build/MMB29K; wv) AppleWebKit/537.36 (KHTML, like Gecko) Version/4.0 Chrome/50.0.2661.86 Mobile Safari/537.36"
14.102.51.122 - - [13/May/2016:03:10:32 -0500] "GET /desktop/icons/angle-down.svg HTTP/2.0" 404 2025 "https://www.stayzilla.com/desktop/bundles/61740c8f.main.cache.css" "Mozilla/5.0 (Windows NT 6.3) AppleWebKit/537.36 (KHTML, like Gecko) Chrome/50.0.2661.102 Safari/537.36"
120.63.9.255 - - [13/May/2016:03:10:34 -0500] "GET / HTTP/2.0" 200 2114 "https://www.stayzilla.com/me" "Mozilla/5.0 (Windows NT 6.1) AppleWebKit/537.36 (KHTML, like Gecko) Chrome/50.0.2661.102 Safari/537.36"
66.249.71.53 - - [13/May/2016:03:10:35 -0500] "GET /india/Palghar-hotels/book-Silent_Hills_Resort-online.php HTTP/1.1" 200 1899 "-" "Mozilla/5.0 (compatible; Googlebot/2.1; +http://www.google.com/bot.html)"
120.63.9.255 - - [13/May/2016:03:10:36 -0500] "GET /desktop/img/page-home/bg-banner.jpg HTTP/2.0" 200 117463 "https://www.stayzilla.com/desktop/bundles/61740c8f.main.cache.css" "Mozilla/5.0 (Windows NT 6.1) AppleWebKit/537.36 (KHTML, like Gecko) Chrome/50.0.2661.102 Safari/537.36"
120.63.9.255 - - [13/May/2016:03:10:36 -0500] "GET /desktop/fonts/CrimsonText-Regular.ttf HTTP/2.0" 200 98462 "https://www.stayzilla.com/desktop/bundles/61740c8f.main.cache.css" "Mozilla/5.0 (Windows NT 6.1) AppleWebKit/537.36 (KHTML, like Gecko) Chrome/50.0.2661.102 Safari/537.36"
117.195.141.135 - - [13/May/2016:03:10:36 -0500] "GET / HTTP/1.1" 200 1899 "https://www.google.co.in/" "Mozilla/5.0 (Windows NT 6.1) AppleWebKit/537.36 (KHTML, like Gecko) Chrome/50.0.2661.102 Safari/537.36"
122.160.136.49 - - [13/May/2016:03:10:36 -0500] "GET /desktop/icons/angle-down.svg HTTP/2.0" 404 2025 "https://www.stayzilla.com/desktop/bundles/61740c8f.main.cache.css" "Mozilla/5.0 (Windows NT 10.0; WOW64) AppleWebKit/537.36 (KHTML, like Gecko) Chrome/50.0.2661.102 Safari/537.36"
49.15.183.54 - - [13/May/2016:03:10:36 -0500] "GET /mobile/img/sz-loader.svg HTTP/2.0" 200 922 "https://www.stayzilla.com/search?&queryText=Shimla&filters=stay%255B%255D%3Dresort&utm_campaign=384489764&utm_medium=27353612564&utm_term=%2Bshimla%20%2Bresort&utm_source=adwords&device=m&gclid=Cj0KEQjw9tW5BRDk29KDnqWu4fMBEiQAKj7sp5f5N30Su20XhgjYwzKPl_l1fiKJ7OLBU6uAK-qjlD0aAgi_8P8HAQ" "Mozilla/5.0 (Linux; Android 5.1.1; SM-A800F Build/LMY47X) AppleWebKit/537.36 (KHTML, like Gecko) Chrome/50.0.2661.89 Mobile Safari/537.36"
49.15.183.54 - - [13/May/2016:03:10:36 -0500] "GET /mobile/img/body-bg.png HTTP/2.0" 200 1476 "https://www.stayzilla.com/mobile/bundles/main.84659e23.css" "Mozilla/5.0 (Linux; Android 5.1.1; SM-A800F Build/LMY47X) AppleWebKit/537.36 (KHTML, like Gecko) Chrome/50.0.2661.89 Mobile Safari/537.36"
120.63.9.255 - - [13/May/2016:03:10:36 -0500] "GET /desktop/img/page-home/bg-video.png HTTP/2.0" 200 18809 "https://www.stayzilla.com/desktop/bundles/61740c8f.main.cache.css" "Mozilla/5.0 (Windows NT 6.1) AppleWebKit/537.36 (KHTML, like Gecko) Chrome/50.0.2661.102 Safari/537.36"
120.63.9.255 - - [13/May/2016:03:10:36 -0500] "GET /desktop/img/page-home/hot-cities/polaroid-outer.png HTTP/2.0" 200 805 "https://www.stayzilla.com/desktop/bundles/61740c8f.main.cache.css" "Mozilla/5.0 (Windows NT 6.1) AppleWebKit/537.36 (KHTML, like Gecko) Chrome/50.0.2661.102 Safari/537.36"
120.63.9.255 - - [13/May/2016:03:10:36 -0500] "GET /desktop/img/page-home/bg-yaathum-oorey.jpg HTTP/2.0" 200 26885 "https://www.stayzilla.com/desktop/bundles/61740c8f.main.cache.css" "Mozilla/5.0 (Windows NT 6.1) AppleWebKit/537.36 (KHTML, like Gecko) Chrome/50.0.2661.102 Safari/537.36"
117.195.141.135 - - [13/May/2016:03:10:36 -0500] "GET /desktop/bundles/61740c8f.main.cache.css HTTP/1.1" 200 25101 "https://www.stayzilla.com/" "Mozilla/5.0 (Windows NT 6.1) AppleWebKit/537.36 (KHTML, like Gecko) Chrome/50.0.2661.102 Safari/537.36"
120.63.9.255 - - [13/May/2016:03:10:36 -0500] "GET /desktop/img/page-home/bg-ship.png HTTP/2.0" 200 52107 "https://www.stayzilla.com/desktop/bundles/61740c8f.main.cache.css" "Mozilla/5.0 (Windows NT 6.1) AppleWebKit/537.36 (KHTML, like Gecko) Chrome/50.0.2661.102 Safari/537.36"
120.63.9.255 - - [13/May/2016:03:10:36 -0500] "GET /desktop/img/brand-logo-home.svg HTTP/2.0" 200 9229 "https://www.stayzilla.com/" "Mozilla/5.0 (Windows NT 6.1) AppleWebKit/537.36 (KHTML, like Gecko) Chrome/50.0.2661.102 Safari/537.36"
14.141.231.194 - - [13/May/2016:03:10:36 -0500] "GET /stays/suryakiran-guest-house-27335?checkInDate=15-05-2016&checkOutDate=16-05-2016 HTTP/1.1" 200 1906 "https://www.stayzilla.com/search?checkInDate=15-05-2016&checkOutDate=16-05-2016&np=1&queryText=Kashid&sorting=id%3Drelevance%26order%3DDESC" "Mozilla/5.0 (Windows NT 6.3; WOW64; Trident/7.0; LCJB; rv:11.0) like Gecko"
27.58.6.70 - - [13/May/2016:03:10:36 -0500] "GET /search?&queryText=Haridwar&utm_campaign=384498764&utm_medium=27353611364&utm_term=%2Bharidwar%20%2Bhotel&utm_source=adwords&device=m&gclid=CJu66_nM1swCFYUrvQodfFQHXw HTTP/1.1" 200 1926 "http://www.google.co.in/search?hl=en&redir_esc=&client=ms-unknown&source=android-launcher-search&v=141255454&qsubts=1463126997211&q=hotel+at+haridwar" "Mozilla/5.0 (Linux; U; Android 4.0.4; en-us; Micromax A110 Build/IMM76D) AppleWebKit/534.30 (KHTML, like Gecko) Version/4.0 Mobile Safari/534.30"
27.58.6.70 - - [13/May/2016:03:10:37 -0500] "GET /mobile/bundles/main.84659e23.css HTTP/1.1" 200 24639 "https://www.stayzilla.com/search?&queryText=Haridwar&utm_campaign=384498764&utm_medium=27353611364&utm_term=%2Bharidwar%20%2Bhotel&utm_source=adwords&device=m&gclid=CJu66_nM1swCFYUrvQodfFQHXw" "Mozilla/5.0 (Linux; U; Android 4.0.4; en-us; Micromax A110 Build/IMM76D) AppleWebKit/534.30 (KHTML, like Gecko) Version/4.0 Mobile Safari/534.30"
183.82.224.53 - - [13/May/2016:03:10:37 -0500] "GET /search?&queryText=Hyderabad&filters=stay%255B%255D%3Dhomestay&utm_campaign=384489644&utm_medium=27353897564&utm_term=%2Bhyderabad%20%2Bvillas&utm_source=adwords&device=c&gclid=CNvOtvnM1swCFQQsvQodW1wATA HTTP/2.0" 200 2114 "https://www.google.co.in/" "Mozilla/5.0 (Windows NT 6.1) AppleWebKit/537.36 (KHTML, like Gecko) Chrome/50.0.2661.102 Safari/537.36"
117.195.141.135 - - [13/May/2016:03:10:37 -0500] "GET /common/jquery-2.1.4.min.js HTTP/1.1" 200 30374 "https://www.stayzilla.com/" "Mozilla/5.0 (Windows NT 6.1) AppleWebKit/537.36 (KHTML, like Gecko) Chrome/50.0.2661.102 Safari/537.36"
183.82.224.53 - - [13/May/2016:03:10:37 -0500] "GET /desktop/bundles/61740c8f.main.cache.css HTTP/2.0" 200 25413 "https://www.stayzilla.com/search?&queryText=Hyderabad&filters=stay%255B%255D%3Dhomestay&utm_campaign=384489644&utm_medium=27353897564&utm_term=%2Bhyderabad%20%2Bvillas&utm_source=adwords&device=c&gclid=CNvOtvnM1swCFQQsvQodW1wATA" "Mozilla/5.0 (Windows NT 6.1) AppleWebKit/537.36 (KHTML, like Gecko) Chrome/50.0.2661.102 Safari/537.36"
183.82.224.53 - - [13/May/2016:03:10:37 -0500] "GET /common/jquery-2.1.4.min.js HTTP/2.0" 200 30700 "https://www.stayzilla.com/search?&queryText=Hyderabad&filters=stay%255B%255D%3Dhomestay&utm_campaign=384489644&utm_medium=27353897564&utm_term=%2Bhyderabad%20%2Bvillas&utm_source=adwords&device=c&gclid=CNvOtvnM1swCFQQsvQodW1wATA" "Mozilla/5.0 (Windows NT 6.1) AppleWebKit/537.36 (KHTML, like Gecko) Chrome/50.0.2661.102 Safari/537.36"
120.63.9.255 - - [13/May/2016:03:10:37 -0500] "GET /desktop/img/page-home/video-openup.jpg HTTP/2.0" 200 51342 "https://www.stayzilla.com/" "Mozilla/5.0 (Windows NT 6.1) AppleWebKit/537.36 (KHTML, like Gecko) Chrome/50.0.2661.102 Safari/537.36"
27.58.6.70 - - [13/May/2016:03:10:37 -0500] "GET /mobile/bundles/szmtpl.e0d4848c.js HTTP/1.1" 200 46177 "https://www.stayzilla.com/search?&queryText=Haridwar&utm_campaign=384498764&utm_medium=27353611364&utm_term=%2Bharidwar%20%2Bhotel&utm_source=adwords&device=m&gclid=CJu66_nM1swCFYUrvQodfFQHXw" "Mozilla/5.0 (Linux; U; Android 4.0.4; en-us; Micromax A110 Build/IMM76D) AppleWebKit/534.30 (KHTML, like Gecko) Version/4.0 Mobile Safari/534.30"
27.58.6.70 - - [13/May/2016:03:10:37 -0500] "GET /mobile/bundles/vendors.99bc40dc.js HTTP/1.1" 200 64644 "https://www.stayzilla.com/search?&queryText=Haridwar&utm_campaign=384498764&utm_medium=27353611364&utm_term=%2Bharidwar%20%2Bhotel&utm_source=adwords&device=m&gclid=CJu66_nM1swCFYUrvQodfFQHXw" "Mozilla/5.0 (Linux; U; Android 4.0.4; en-us; Micromax A110 Build/IMM76D) AppleWebKit/534.30 (KHTML, like Gecko) Version/4.0 Mobile Safari/534.30"
27.58.6.70 - - [13/May/2016:03:10:37 -0500] "GET /mobile/bundles/app.a55b1412.js HTTP/1.1" 200 50645 "https://www.stayzilla.com/search?&queryText=Haridwar&utm_campaign=384498764&utm_medium=27353611364&utm_term=%2Bharidwar%20%2Bhotel&utm_source=adwords&device=m&gclid=CJu66_nM1swCFYUrvQodfFQHXw" "Mozilla/5.0 (Linux; U; Android 4.0.4; en-us; Micromax A110 Build/IMM76D) AppleWebKit/534.30 (KHTML, like Gecko) Version/4.0 Mobile Safari/534.30"
120.63.9.255 - - [13/May/2016:03:10:37 -0500] "GET /desktop/img/page-home/hot-cities/goa.jpg HTTP/2.0" 200 16291 "https://www.stayzilla.com/" "Mozilla/5.0 (Windows NT 6.1) AppleWebKit/537.36 (KHTML, like Gecko) Chrome/50.0.2661.102 Safari/537.36"
120.63.9.255 - - [13/May/2016:03:10:37 -0500] "GET /desktop/img/page-home/hot-cities/coorg.jpg HTTP/2.0" 200 32243 "https://www.stayzilla.com/" "Mozilla/5.0 (Windows NT 6.1) AppleWebKit/537.36 (KHTML, like Gecko) Chrome/50.0.2661.102 Safari/537.36"
120.63.9.255 - - [13/May/2016:03:10:37 -0500] "GET /desktop/img/page-home/hot-cities/alappuzha.jpg HTTP/2.0" 200 18592 "https://www.stayzilla.com/" "Mozilla/5.0 (Windows NT 6.1) AppleWebKit/537.36 (KHTML, like Gecko) Chrome/50.0.2661.102 Safari/537.36"
120.63.9.255 - - [13/May/2016:03:10:37 -0500] "GET /desktop/img/page-home/hot-cities/srinagar.jpg HTTP/2.0" 200 15107 "https://www.stayzilla.com/" "Mozilla/5.0 (Windows NT 6.1) AppleWebKit/537.36 (KHTML, like Gecko) Chrome/50.0.2661.102 Safari/537.36"
120.63.9.255 - - [13/May/2016:03:10:37 -0500] "GET /desktop/img/page-home/hot-cities/bangalore.jpg HTTP/2.0" 200 21745 "https://www.stayzilla.com/" "Mozilla/5.0 (Windows NT 6.1) AppleWebKit/537.36 (KHTML, like Gecko) Chrome/50.0.2661.102 Safari/537.36"
120.63.9.255 - - [13/May/2016:03:10:37 -0500] "GET /desktop/img/page-home/hot-cities/manali.jpg HTTP/2.0" 200 15329 "https://www.stayzilla.com/" "Mozilla/5.0 (Windows NT 6.1) AppleWebKit/537.36 (KHTML, like Gecko) Chrome/50.0.2661.102 Safari/537.36"
120.63.9.255 - - [13/May/2016:03:10:37 -0500] "GET /desktop/img/page-home/hot-cities/panchgani.jpg HTTP/2.0" 200 13674 "https://www.stayzilla.com/" "Mozilla/5.0 (Windows NT 6.1) AppleWebKit/537.36 (KHTML, like Gecko) Chrome/50.0.2661.102 Safari/537.36"
115.112.151.102 - - [13/May/2016:03:10:38 -0500] "GET /desktop/img/others/tick.svg HTTP/2.0" 200 1203 "https://www.stayzilla.com/desktop/bundles/61740c8f.main.cache.css" "Mozilla/5.0 (Windows NT 6.3; WOW64) AppleWebKit/537.36 (KHTML, like Gecko) Chrome/50.0.2661.94 Safari/537.36"
120.63.9.255 - - [13/May/2016:03:10:38 -0500] "GET /desktop/img/page-home/hot-cities/gangtok.jpg HTTP/2.0" 200 25141 "https://www.stayzilla.com/" "Mozilla/5.0 (Windows NT 6.1) AppleWebKit/537.36 (KHTML, like Gecko) Chrome/50.0.2661.102 Safari/537.36"
120.63.9.255 - - [13/May/2016:03:10:38 -0500] "GET /desktop/img/page-home/img-ship.png HTTP/2.0" 200 96412 "https://www.stayzilla.com/desktop/bundles/61740c8f.main.cache.css" "Mozilla/5.0 (Windows NT 6.1) AppleWebKit/537.36 (KHTML, like Gecko) Chrome/50.0.2661.102 Safari/537.36"
120.63.9.255 - - [13/May/2016:03:10:38 -0500] "GET /desktop/img/page-home/homestory-book2.png HTTP/2.0" 200 82511 "https://www.stayzilla.com/" "Mozilla/5.0 (Windows NT 6.1) AppleWebKit/537.36 (KHTML, like Gecko) Chrome/50.0.2661.102 Safari/537.36"
120.63.9.255 - - [13/May/2016:03:10:38 -0500] "GET /desktop/img/page-home/img-homestay-owner.jpg HTTP/2.0" 200 67322 "https://www.stayzilla.com/" "Mozilla/5.0 (Windows NT 6.1) AppleWebKit/537.36 (KHTML, like Gecko) Chrome/50.0.2661.102 Safari/537.36"
117.195.141.135 - - [13/May/2016:03:10:38 -0500] "GET /desktop/bundles/86a46f2b.app.cache.js HTTP/1.1" 200 192823 "https://www.stayzilla.com/" "Mozilla/5.0 (Windows NT 6.1) AppleWebKit/537.36 (KHTML, like Gecko) Chrome/50.0.2661.102 Safari/537.36"
175.100.150.162 - - [13/May/2016:03:10:38 -0500] "GET /cloud_call_back_url.php?clound_inbound_phno=009376010097&ucid=402996312703861&did=914446946000&callerID=009376010097&skillName=0&agentUniqueID=36763&dataID=&campaignID=5609&monitorUcid=402996312703861&agentPhoneNumber=08892234806&phoneName=Manikandan&type=Manual&uui=Manual%20Dial&agentID=Manikandan&customer=Inasra HTTP/2.0" 200 2114 "http://ca.ozonetel.com/OCCDV2/cloudagent/agent_toolbar.jsp" "Mozilla/5.0 (X11; Linux x86_64) AppleWebKit/537.36 (KHTML, like Gecko) Chrome/50.0.2661.86 Safari/537.36"
103.246.197.12 - - [13/May/2016:03:10:38 -0500] "GET /desktop/bundles/61740c8f.main.cache.css HTTP/1.1" 200 25101 "https://www.stayzilla.com/stays/rain-forest-resort-44386?checkInDate=14-05-2016&checkOutDate=16-05-2016" "Mozilla/5.0 (Windows NT 6.1; WOW64; rv:38.0) Gecko/20100101 Firefox/38.0"
27.58.6.70 - - [13/May/2016:03:10:38 -0500] "GET /mobile/img/body-bg.png HTTP/1.1" 200 1189 "https://www.stayzilla.com/search?&queryText=Haridwar&utm_campaign=384498764&utm_medium=27353611364&utm_term=%2Bharidwar%20%2Bhotel&utm_source=adwords&device=m&gclid=CJu66_nM1swCFYUrvQodfFQHXw" "Mozilla/5.0 (Linux; U; Android 4.0.4; en-us; Micromax A110 Build/IMM76D) AppleWebKit/534.30 (KHTML, like Gecko) Version/4.0 Mobile Safari/534.30"
103.246.197.12 - - [13/May/2016:03:10:39 -0500] "GET /common/jquery-2.1.4.min.js HTTP/1.1" 200 30374 "https://www.stayzilla.com/stays/rain-forest-resort-44386?checkInDate=14-05-2016&checkOutDate=16-05-2016" "Mozilla/5.0 (Windows NT 6.1; WOW64; rv:38.0) Gecko/20100101 Firefox/38.0"
103.246.197.12 - - [13/May/2016:03:10:40 -0500] "GET /desktop/img/favicons/sz-favicon36x36.png HTTP/1.1" 200 2713 "-" "Mozilla/5.0 (Windows NT 6.1; WOW64; rv:38.0) Gecko/20100101 Firefox/38.0"
103.246.197.12 - - [13/May/2016:03:10:40 -0500] "GET /desktop/bundles/86a46f2b.app.cache.js HTTP/1.1" 200 192823 "https://www.stayzilla.com/stays/rain-forest-resort-44386?checkInDate=14-05-2016&checkOutDate=16-05-2016" "Mozilla/5.0 (Windows NT 6.1; WOW64; rv:38.0) Gecko/20100101 Firefox/38.0"
112.133.229.14 - - [13/May/2016:03:10:40 -0500] "GET /pg-response?isSuccessful=1&bookref=28fbf2d905ef648878205be321f22b84f8d4980e&hotelId=16548&paidAmount=313&sz_id=28fbf2d905ef648878205be321f22b84f8d4980e HTTP/2.0" 200 2114 "https://www.citruspay.com/d8cy8dvjif/MTY2NTkxNDIw/hdfc3d_acs_response" "Mozilla/5.0 (Windows NT 10.0) AppleWebKit/537.36 (KHTML, like Gecko) Chrome/50.0.2661.102 Safari/537.36"
117.195.141.135 - - [13/May/2016:03:10:40 -0500] "GET /desktop/img/body-bg.png HTTP/1.1" 200 1189 "https://www.stayzilla.com/desktop/bundles/61740c8f.main.cache.css" "Mozilla/5.0 (Windows NT 6.1) AppleWebKit/537.36 (KHTML, like Gecko) Chrome/50.0.2661.102 Safari/537.36"
183.82.224.53 - - [13/May/2016:03:10:40 -0500] "GET /desktop/img/body-bg.png HTTP/2.0" 200 1476 "https://www.stayzilla.com/desktop/bundles/61740c8f.main.cache.css" "Mozilla/5.0 (Windows NT 6.1) AppleWebKit/537.36 (KHTML, like Gecko) Chrome/50.0.2661.102 Safari/537.36"
27.58.6.70 - - [13/May/2016:03:10:41 -0500] "GET /mobile/img/sz-favicon.ico HTTP/1.1" 200 370070 "https://www.stayzilla.com/search?&queryText=Haridwar&utm_campaign=384498764&utm_medium=27353611364&utm_term=%2Bharidwar%20%2Bhotel&utm_source=adwords&device=m&gclid=CJu66_nM1swCFYUrvQodfFQHXw" "Mozilla/5.0 (Linux; U; Android 4.0.4; en-us; Micromax A110 Build/IMM76D) AppleWebKit/534.30 (KHTML, like Gecko) Version/4.0 Mobile Safari/534.30"
117.195.141.135 - - [13/May/2016:03:10:41 -0500] "GET /desktop/img/favicons/sz-favicon.ico HTTP/1.1" 200 32038 "https://www.stayzilla.com/" "Mozilla/5.0 (Windows NT 6.1) AppleWebKit/537.36 (KHTML, like Gecko) Chrome/50.0.2661.102 Safari/537.36"
116.202.22.149 - - [13/May/2016:03:10:41 -0500] "GET /search?&queryText=Coonoor&utm_campaign=387185804&utm_medium=27472267964&utm_term=%2Bcoonoor%20%2Bhomestay&utm_source=adwords&device=c&gclid=CKzkxPvM1swCFQqBvQodK8MDSw HTTP/2.0" 200 2114 "https://www.google.co.in/" "Mozilla/5.0 (Windows NT 6.1; WOW64) AppleWebKit/537.36 (KHTML, like Gecko) Chrome/50.0.2661.94 Safari/537.36"
116.202.22.149 - - [13/May/2016:03:10:41 -0500] "GET /desktop/bundles/61740c8f.main.cache.css HTTP/2.0" 200 25413 "https://www.stayzilla.com/search?&queryText=Coonoor&utm_campaign=387185804&utm_medium=27472267964&utm_term=%2Bcoonoor%20%2Bhomestay&utm_source=adwords&device=c&gclid=CKzkxPvM1swCFQqBvQodK8MDSw" "Mozilla/5.0 (Windows NT 6.1; WOW64) AppleWebKit/537.36 (KHTML, like Gecko) Chrome/50.0.2661.94 Safari/537.36"
116.202.22.149 - - [13/May/2016:03:10:41 -0500] "GET /common/jquery-2.1.4.min.js HTTP/2.0" 200 30700 "https://www.stayzilla.com/search?&queryText=Coonoor&utm_campaign=387185804&utm_medium=27472267964&utm_term=%2Bcoonoor%20%2Bhomestay&utm_source=adwords&device=c&gclid=CKzkxPvM1swCFQqBvQodK8MDSw" "Mozilla/5.0 (Windows NT 6.1; WOW64) AppleWebKit/537.36 (KHTML, like Gecko) Chrome/50.0.2661.94 Safari/537.36"
122.15.80.195 - - [13/May/2016:03:10:42 -0500] "GET /search?area=Solan&queryText=Solan&np=8&checkInDate=20-7-2016&checkOutDate=21-7-2016 HTTP/2.0" 200 2114 "-" "Mozilla/5.0 (Windows NT 6.1; WOW64) AppleWebKit/537.36 (KHTML, like Gecko) Chrome/50.0.2661.94 Safari/537.36"
116.202.22.149 - - [13/May/2016:03:10:42 -0500] "GET /desktop/bundles/86a46f2b.app.cache.js HTTP/2.0" 200 193151 "https://www.stayzilla.com/search?&queryText=Coonoor&utm_campaign=387185804&utm_medium=27472267964&utm_term=%2Bcoonoor%20%2Bhomestay&utm_source=adwords&device=c&gclid=CKzkxPvM1swCFQqBvQodK8MDSw" "Mozilla/5.0 (Windows NT 6.1; WOW64) AppleWebKit/537.36 (KHTML, like Gecko) Chrome/50.0.2661.94 Safari/537.36"
116.202.22.149 - - [13/May/2016:03:10:42 -0500] "GET /desktop/img/body-bg.png HTTP/2.0" 200 1476 "https://www.stayzilla.com/desktop/bundles/61740c8f.main.cache.css" "Mozilla/5.0 (Windows NT 6.1; WOW64) AppleWebKit/537.36 (KHTML, like Gecko) Chrome/50.0.2661.94 Safari/537.36"
183.82.224.53 - - [13/May/2016:03:10:42 -0500] "GET /desktop/bundles/86a46f2b.app.cache.js HTTP/2.0" 200 193151 "https://www.stayzilla.com/search?&queryText=Hyderabad&filters=stay%255B%255D%3Dhomestay&utm_campaign=384489644&utm_medium=27353897564&utm_term=%2Bhyderabad%20%2Bvillas&utm_source=adwords&device=c&gclid=CNvOtvnM1swCFQQsvQodW1wATA" "Mozilla/5.0 (Windows NT 6.1) AppleWebKit/537.36 (KHTML, like Gecko) Chrome/50.0.2661.102 Safari/537.36"
203.100.75.147 - - [13/May/2016:03:10:42 -0500] "GET /stays/new-vasantashram-lodge-19595?checkInDate=19-05-2016&checkOutDate=21-05-2016 HTTP/2.0" 200 2114 "https://www.stayzilla.com/search?checkInDate=19-05-2016&checkOutDate=21-05-2016&filters=pricerange%255B%255D%3D0-1000&np=2&queryText=Mumbai&sorting=id%3Dprice%26order%3DASC" "Mozilla/5.0 (Windows NT 6.3; WOW64; rv:46.0) Gecko/20100101 Firefox/46.0"
116.202.22.149 - - [13/May/2016:03:10:43 -0500] "GET /desktop/img/favicons/sz-favicon.ico HTTP/2.0" 200 32330 "https://www.stayzilla.com/search?&queryText=Coonoor&utm_campaign=387185804&utm_medium=27472267964&utm_term=%2Bcoonoor%20%2Bhomestay&utm_source=adwords&device=c&gclid=CKzkxPvM1swCFQqBvQodK8MDSw" "Mozilla/5.0 (Windows NT 6.1; WOW64) AppleWebKit/537.36 (KHTML, like Gecko) Chrome/50.0.2661.94 Safari/537.36"
116.202.22.149 - - [13/May/2016:03:10:43 -0500] "GET /desktop/img/brand-logo.svg HTTP/2.0" 200 2857 "https://www.stayzilla.com/search?checkInDate=15-05-2016&checkOutDate=16-05-2016&np=1&queryText=Coonoor&sorting=id%3Drelevance%26order%3DDESC" "Mozilla/5.0 (Windows NT 6.1; WOW64) AppleWebKit/537.36 (KHTML, like Gecko) Chrome/50.0.2661.94 Safari/537.36"
116.202.22.149 - - [13/May/2016:03:10:43 -0500] "GET /desktop/img/footer_playStore.png HTTP/2.0" 200 6277 "https://www.stayzilla.com/search?checkInDate=15-05-2016&checkOutDate=16-05-2016&np=1&queryText=Coonoor&sorting=id%3Drelevance%26order%3DDESC" "Mozilla/5.0 (Windows NT 6.1; WOW64) AppleWebKit/537.36 (KHTML, like Gecko) Chrome/50.0.2661.94 Safari/537.36"
116.202.22.149 - - [13/May/2016:03:10:43 -0500] "GET /desktop/img/footer_appStore.png HTTP/2.0" 200 6938 "https://www.stayzilla.com/search?checkInDate=15-05-2016&checkOutDate=16-05-2016&np=1&queryText=Coonoor&sorting=id%3Drelevance%26order%3DDESC" "Mozilla/5.0 (Windows NT 6.1; WOW64) AppleWebKit/537.36 (KHTML, like Gecko) Chrome/50.0.2661.94 Safari/537.36"
116.202.22.149 - - [13/May/2016:03:10:43 -0500] "GET /desktop/fonts/sz-icon-font.woff?e25ad810c259ce05562f61038a802e30 HTTP/2.0" 200 48042 "https://www.stayzilla.com/desktop/bundles/61740c8f.main.cache.css" "Mozilla/5.0 (Windows NT 6.1; WOW64) AppleWebKit/537.36 (KHTML, like Gecko) Chrome/50.0.2661.94 Safari/537.36"
116.202.22.149 - - [13/May/2016:03:10:43 -0500] "GET /desktop/img/page-search/mock-card.jpg HTTP/2.0" 200 5107 "https://www.stayzilla.com/desktop/bundles/61740c8f.main.cache.css" "Mozilla/5.0 (Windows NT 6.1; WOW64) AppleWebKit/537.36 (KHTML, like Gecko) Chrome/50.0.2661.94 Safari/537.36"
116.202.22.149 - - [13/May/2016:03:10:44 -0500] "GET /desktop/img/footer-watermark.png HTTP/2.0" 200 31478 "https://www.stayzilla.com/desktop/bundles/61740c8f.main.cache.css" "Mozilla/5.0 (Windows NT 6.1; WOW64) AppleWebKit/537.36 (KHTML, like Gecko) Chrome/50.0.2661.94 Safari/537.36"
27.49.72.57 - - [13/May/2016:03:10:44 -0500] "GET /desktop/img/page-search/mock-card.jpg HTTP/2.0" 200 5107 "https://www.stayzilla.com/desktop/bundles/61740c8f.main.cache.css" "Mozilla/5.0 (Windows NT 6.1) AppleWebKit/537.36 (KHTML, like Gecko) Chrome/50.0.2661.102 Safari/537.36"
106.216.158.160 - - [13/May/2016:03:10:44 -0500] "GET /mobile/img/down-arrow.png HTTP/2.0" 200 550 "https://www.stayzilla.com/mobile/bundles/main.84659e23.css" "Mozilla/5.0 (Linux; Android 5.1.1; F1f Build/LMY47V) AppleWebKit/537.36 (KHTML, like Gecko) Chrome/50.0.2661.89 Mobile Safari/537.36"
66.249.71.53 - - [13/May/2016:03:10:44 -0500] "GET /india/Andhra_Pradesh-hotels/book-Hyderabad-hotels.php HTTP/1.1" 200 1906 "-" "Mozilla/5.0 (compatible; Googlebot/2.1; +http://www.google.com/bot.html)"
106.207.236.34 - - [13/May/2016:03:10:44 -0500] "GET /mobile/img/down-arrow.png HTTP/2.0" 200 550 "https://www.stayzilla.com/mobile/bundles/main.84659e23.css" "Mozilla/5.0 (Linux; Android 4.4.4; HM 1S Build/KTU84P) AppleWebKit/537.36 (KHTML, like Gecko) Chrome/48.0.2564.95 Mobile Safari/537.36"
27.49.72.57 - - [13/May/2016:03:10:44 -0500] "GET /desktop/img/fullscreenicon.svg HTTP/2.0" 200 1449 "https://www.stayzilla.com/search?area=Madurai&checkInDate=05-06-2016&checkOutDate=07-06-2016&dist=30km&lat=9.91735&lng=78.11962&name=Madurai&np=1&queryText=Madurai&sorting=id%3Drelevance%26order%3DDESC&type=szcity" "Mozilla/5.0 (Windows NT 6.1) AppleWebKit/537.36 (KHTML, like Gecko) Chrome/50.0.2661.102 Safari/537.36"
27.49.72.57 - - [13/May/2016:03:10:44 -0500] "GET /desktop/img/property-card/verified.svg HTTP/2.0" 200 723 "https://www.stayzilla.com/search?area=Madurai&checkInDate=05-06-2016&checkOutDate=07-06-2016&dist=30km&lat=9.91735&lng=78.11962&name=Madurai&np=1&queryText=Madurai&sorting=id%3Drelevance%26order%3DDESC&type=szcity" "Mozilla/5.0 (Windows NT 6.1) AppleWebKit/537.36 (KHTML, like Gecko) Chrome/50.0.2661.102 Safari/537.36"
122.176.162.7 - - [13/May/2016:03:10:44 -0500] "GET /search?checkInDate=14-05-2016&checkOutDate=15-05-2016&np=1&queryText=Lansdowne&sorting=id%3Drelevance%26order%3DDESC HTTP/2.0" 200 2114 "https://www.google.co.in/" "Mozilla/5.0 (Windows NT 6.1) AppleWebKit/537.36 (KHTML, like Gecko) Chrome/50.0.2661.102 Safari/537.36"
116.202.22.149 - - [13/May/2016:03:10:45 -0500] "GET /desktop/img/fullscreenicon.svg HTTP/2.0" 200 1449 "https://www.stayzilla.com/search?checkInDate=15-05-2016&checkOutDate=16-05-2016&np=1&queryText=Coonoor&sorting=id%3Drelevance%26order%3DDESC" "Mozilla/5.0 (Windows NT 6.1; WOW64) AppleWebKit/537.36 (KHTML, like Gecko) Chrome/50.0.2661.94 Safari/537.36"
116.202.22.149 - - [13/May/2016:03:10:45 -0500] "GET /desktop/img/property-card/verified.svg HTTP/2.0" 200 723 "https://www.stayzilla.com/search?checkInDate=15-05-2016&checkOutDate=16-05-2016&np=1&queryText=Coonoor&sorting=id%3Drelevance%26order%3DDESC" "Mozilla/5.0 (Windows NT 6.1; WOW64) AppleWebKit/537.36 (KHTML, like Gecko) Chrome/50.0.2661.94 Safari/537.36"
122.173.132.71 - - [13/May/2016:03:10:45 -0500] "GET /search?&queryText=Mumbai&utm_campaign=384489404&utm_medium=27353602484&utm_term=%2Bmumbai%20%2Bhotel&utm_source=adwords&device=m&gclid=Cj0KEQjw9tW5BRDk29KDnqWu4fMBEiQAKj7sp9d3Ertr67-mvSuOyx9C6AQhR-e5ZFvssV2R-jS3bokaAq0W8P8HAQ HTTP/2.0" 200 2141 "android-app://com.google.android.googlequicksearchbox" "Mozilla/5.0 (Linux; Android 5.0; GiONEE S7 Build/LRX21M) AppleWebKit/537.36 (KHTML, like Gecko) Chrome/50.0.2661.89 Mobile Safari/537.36"
183.82.224.53 - - [13/May/2016:03:10:45 -0500] "GET /desktop/img/brand-logo.svg HTTP/2.0" 200 2857 "https://www.stayzilla.com/search?checkInDate=15-05-2016&checkOutDate=16-05-2016&filters=stay%255B%255D%3Dhomestay&np=1&queryText=Hyderabad&sorting=id%3Drelevance%26order%3DDESC" "Mozilla/5.0 (Windows NT 6.1) AppleWebKit/537.36 (KHTML, like Gecko) Chrome/50.0.2661.102 Safari/537.36"
183.82.224.53 - - [13/May/2016:03:10:45 -0500] "GET /desktop/img/footer_playStore.png HTTP/2.0" 200 6277 "https://www.stayzilla.com/search?checkInDate=15-05-2016&checkOutDate=16-05-2016&filters=stay%255B%255D%3Dhomestay&np=1&queryText=Hyderabad&sorting=id%3Drelevance%26order%3DDESC" "Mozilla/5.0 (Windows NT 6.1) AppleWebKit/537.36 (KHTML, like Gecko) Chrome/50.0.2661.102 Safari/537.36"
183.82.224.53 - - [13/May/2016:03:10:45 -0500] "GET /desktop/fonts/sz-icon-font.woff?e25ad810c259ce05562f61038a802e30 HTTP/2.0" 200 48042 "https://www.stayzilla.com/desktop/bundles/61740c8f.main.cache.css" "Mozilla/5.0 (Windows NT 6.1) AppleWebKit/537.36 (KHTML, like Gecko) Chrome/50.0.2661.102 Safari/537.36"
122.173.132.71 - - [13/May/2016:03:10:45 -0500] "GET /mobile/bundles/main.84659e23.css HTTP/2.0" 200 24951 "https://www.stayzilla.com/search?&queryText=Mumbai&utm_campaign=384489404&utm_medium=27353602484&utm_term=%2Bmumbai%20%2Bhotel&utm_source=adwords&device=m&gclid=Cj0KEQjw9tW5BRDk29KDnqWu4fMBEiQAKj7sp9d3Ertr67-mvSuOyx9C6AQhR-e5ZFvssV2R-jS3bokaAq0W8P8HAQ" "Mozilla/5.0 (Linux; Android 5.0; GiONEE S7 Build/LRX21M) AppleWebKit/537.36 (KHTML, like Gecko) Chrome/50.0.2661.89 Mobile Safari/537.36"
103.246.197.12 - - [13/May/2016:03:10:45 -0500] "GET /desktop/img/body-bg.png HTTP/1.1" 200 1189 "https://www.stayzilla.com/desktop/bundles/61740c8f.main.cache.css" "Mozilla/5.0 (Windows NT 6.1; WOW64; rv:38.0) Gecko/20100101 Firefox/38.0"
122.173.132.71 - - [13/May/2016:03:10:45 -0500] "GET /mobile/bundles/vendors.99bc40dc.js HTTP/2.0" 200 64970 "https://www.stayzilla.com/search?&queryText=Mumbai&utm_campaign=384489404&utm_medium=27353602484&utm_term=%2Bmumbai%20%2Bhotel&utm_source=adwords&device=m&gclid=Cj0KEQjw9tW5BRDk29KDnqWu4fMBEiQAKj7sp9d3Ertr67-mvSuOyx9C6AQhR-e5ZFvssV2R-jS3bokaAq0W8P8HAQ" "Mozilla/5.0 (Linux; Android 5.0; GiONEE S7 Build/LRX21M) AppleWebKit/537.36 (KHTML, like Gecko) Chrome/50.0.2661.89 Mobile Safari/537.36"
122.173.132.71 - - [13/May/2016:03:10:45 -0500] "GET /mobile/bundles/szmtpl.e0d4848c.js HTTP/2.0" 200 46503 "https://www.stayzilla.com/search?&queryText=Mumbai&utm_campaign=384489404&utm_medium=27353602484&utm_term=%2Bmumbai%20%2Bhotel&utm_source=adwords&device=m&gclid=Cj0KEQjw9tW5BRDk29KDnqWu4fMBEiQAKj7sp9d3Ertr67-mvSuOyx9C6AQhR-e5ZFvssV2R-jS3bokaAq0W8P8HAQ" "Mozilla/5.0 (Linux; Android 5.0; GiONEE S7 Build/LRX21M) AppleWebKit/537.36 (KHTML, like Gecko) Chrome/50.0.2661.89 Mobile Safari/537.36"
122.173.132.71 - - [13/May/2016:03:10:45 -0500] "GET /mobile/bundles/app.a55b1412.js HTTP/2.0" 200 50971 "https://www.stayzilla.com/search?&queryText=Mumbai&utm_campaign=384489404&utm_medium=27353602484&utm_term=%2Bmumbai%20%2Bhotel&utm_source=adwords&device=m&gclid=Cj0KEQjw9tW5BRDk29KDnqWu4fMBEiQAKj7sp9d3Ertr67-mvSuOyx9C6AQhR-e5ZFvssV2R-jS3bokaAq0W8P8HAQ" "Mozilla/5.0 (Linux; Android 5.0; GiONEE S7 Build/LRX21M) AppleWebKit/537.36 (KHTML, like Gecko) Chrome/50.0.2661.89 Mobile Safari/537.36"
122.173.132.71 - - [13/May/2016:03:10:46 -0500] "GET /mobile/img/body-bg.png HTTP/2.0" 200 1476 "https://www.stayzilla.com/mobile/bundles/main.84659e23.css" "Mozilla/5.0 (Linux; Android 5.0; GiONEE S7 Build/LRX21M) AppleWebKit/537.36 (KHTML, like Gecko) Chrome/50.0.2661.89 Mobile Safari/537.36"
183.82.224.53 - - [13/May/2016:03:10:46 -0500] "GET /desktop/img/page-search/mock-card.jpg HTTP/2.0" 200 5107 "https://www.stayzilla.com/desktop/bundles/61740c8f.main.cache.css" "Mozilla/5.0 (Windows NT 6.1) AppleWebKit/537.36 (KHTML, like Gecko) Chrome/50.0.2661.102 Safari/537.36"
183.82.224.53 - - [13/May/2016:03:10:46 -0500] "GET /desktop/img/footer_appStore.png HTTP/2.0" 200 6938 "https://www.stayzilla.com/search?checkInDate=15-05-2016&checkOutDate=16-05-2016&filters=stay%255B%255D%3Dhomestay&np=1&queryText=Hyderabad&sorting=id%3Drelevance%26order%3DDESC" "Mozilla/5.0 (Windows NT 6.1) AppleWebKit/537.36 (KHTML, like Gecko) Chrome/50.0.2661.102 Safari/537.36"
49.136.220.218 - - [13/May/2016:03:10:46 -0500] "GET /search?&queryText=Namchi&utm_campaign=387601004&utm_medium=27549690764&utm_term=%2Bnamchi%20%2Bbudget%20hotel&utm_source=adwords&device=c&gclid=CLm-q_3M1swCFZCXvQodlRgDQw HTTP/2.0" 200 2114 "https://www.google.co.in/" "Mozilla/5.0 (Windows NT 6.3; WOW64) AppleWebKit/537.36 (KHTML, like Gecko) Chrome/50.0.2661.102 Safari/537.36"
27.251.216.179 - - [13/May/2016:03:10:46 -0500] "GET /desktop/img/body-bg.png HTTP/2.0" 200 1476 "https://www.stayzilla.com/desktop/bundles/61740c8f.main.cache.css" "Mozilla/5.0 (Windows NT 6.3) AppleWebKit/537.36 (KHTML, like Gecko) Chrome/50.0.2661.102 Safari/537.36"
49.136.220.218 - - [13/May/2016:03:10:46 -0500] "GET /desktop/bundles/61740c8f.main.cache.css HTTP/2.0" 200 25413 "https://www.stayzilla.com/search?&queryText=Namchi&utm_campaign=387601004&utm_medium=27549690764&utm_term=%2Bnamchi%20%2Bbudget%20hotel&utm_source=adwords&device=c&gclid=CLm-q_3M1swCFZCXvQodlRgDQw" "Mozilla/5.0 (Windows NT 6.3; WOW64) AppleWebKit/537.36 (KHTML, like Gecko) Chrome/50.0.2661.102 Safari/537.36"
183.82.224.53 - - [13/May/2016:03:10:47 -0500] "GET /desktop/img/footer-watermark.png HTTP/2.0" 200 31478 "https://www.stayzilla.com/desktop/bundles/61740c8f.main.cache.css" "Mozilla/5.0 (Windows NT 6.1) AppleWebKit/537.36 (KHTML, like Gecko) Chrome/50.0.2661.102 Safari/537.36"
49.136.220.218 - - [13/May/2016:03:10:47 -0500] "GET /common/jquery-2.1.4.min.js HTTP/2.0" 200 30700 "https://www.stayzilla.com/search?&queryText=Namchi&utm_campaign=387601004&utm_medium=27549690764&utm_term=%2Bnamchi%20%2Bbudget%20hotel&utm_source=adwords&device=c&gclid=CLm-q_3M1swCFZCXvQodlRgDQw" "Mozilla/5.0 (Windows NT 6.3; WOW64) AppleWebKit/537.36 (KHTML, like Gecko) Chrome/50.0.2661.102 Safari/537.36"
123.236.51.111 - - [13/May/2016:03:10:47 -0500] "GET /stays/hotel-day-night-30247?checkInDate=15-05-2016&checkOutDate=17-05-2016 HTTP/2.0" 200 2141 "-" "Mozilla/5.0 (Linux; Android 6.0.1; SM-G928G Build/MMB29K) AppleWebKit/537.36 (KHTML, like Gecko) Chrome/50.0.2661.89 Mobile Safari/537.36"
117.231.15.209 - - [13/May/2016:03:10:47 -0500] "GET /mobile/img/svgIcons.svg?v=2 HTTP/2.0" 200 384794 "-" "Mozilla/5.0 (Android 4.1.2; Mobile; rv:45.0) Gecko/45.0 Firefox/45.0"
14.102.51.122 - - [13/May/2016:03:10:47 -0500] "GET /desktop/img/others/tick.svg HTTP/2.0" 200 1203 "https://www.stayzilla.com/desktop/bundles/61740c8f.main.cache.css" "Mozilla/5.0 (Windows NT 6.3) AppleWebKit/537.36 (KHTML, like Gecko) Chrome/50.0.2661.102 Safari/537.36"
103.52.221.230 - - [13/May/2016:03:10:47 -0500] "GET /search?area=Kodaikanal&checkInDate=27-04-2016&checkOutDate=28-04-2016&dist=10km&lat=10.23925&lng=77.48932&name=Kodaikanal&np=1&queryText=Kodaikanal&sorting=id%3Drelevance%26order%3DDESC&type=szcity&utm_source=Google%20remarketing&utm_medium=Display%20remarketing&utm_term=Kodaikanal&utm_campaign=Kodaikanal%20remarketing&utm_campaign=390123524&utm_medium=27674018084&utm_term=&utm_source=adwords&device=c&gclid=COTks_7M1swCFYJjvAodFSwERg HTTP/2.0" 200 2114 "http://imasdk.googleapis.com/js/core/bridge3.128.2_en.html" "Mozilla/5.0 (Windows NT 6.1; WOW64) AppleWebKit/537.36 (KHTML, like Gecko) Chrome/50.0.2661.94 Safari/537.36"
123.236.51.111 - - [13/May/2016:03:10:47 -0500] "GET /mobile/img/sz-loader.svg HTTP/2.0" 200 922 "https://www.stayzilla.com/stays/hotel-day-night-30247?checkInDate=15-05-2016&checkOutDate=17-05-2016" "Mozilla/5.0 (Linux; Android 6.0.1; SM-G928G Build/MMB29K) AppleWebKit/537.36 (KHTML, like Gecko) Chrome/50.0.2661.89 Mobile Safari/537.36"
115.112.151.102 - - [13/May/2016:03:10:48 -0500] "GET /desktop/img/page-search/quick-view-box-arrow.png HTTP/2.0" 200 770 "https://www.stayzilla.com/search?checkInDate=15-05-2016&checkOutDate=16-05-2016&filters=pricerange%255B%255D%3D0-1000&np=1&queryText=Coorg&sorting=id%3Drelevance%26order%3DDESC" "Mozilla/5.0 (Windows NT 6.3; WOW64) AppleWebKit/537.36 (KHTML, like Gecko) Chrome/50.0.2661.94 Safari/537.36"
122.173.132.71 - - [13/May/2016:03:10:48 -0500] "GET /mobile/img/sz-loader.svg HTTP/2.0" 200 922 "https://www.stayzilla.com/search?&queryText=Mumbai&utm_campaign=384489404&utm_medium=27353602484&utm_term=%2Bmumbai%20%2Bhotel&utm_source=adwords&device=m&gclid=Cj0KEQjw9tW5BRDk29KDnqWu4fMBEiQAKj7sp9d3Ertr67-mvSuOyx9C6AQhR-e5ZFvssV2R-jS3bokaAq0W8P8HAQ" "Mozilla/5.0 (Linux; Android 5.0; GiONEE S7 Build/LRX21M) AppleWebKit/537.36 (KHTML, like Gecko) Chrome/50.0.2661.89 Mobile Safari/537.36"
183.82.224.53 - - [13/May/2016:03:10:48 -0500] "GET /desktop/img/fullscreenicon.svg HTTP/2.0" 200 1449 "https://www.stayzilla.com/search?checkInDate=15-05-2016&checkOutDate=16-05-2016&filters=stay%255B%255D%3Dhomestay&np=1&queryText=Hyderabad&sorting=id%3Drelevance%26order%3DDESC" "Mozilla/5.0 (Windows NT 6.1) AppleWebKit/537.36 (KHTML, like Gecko) Chrome/50.0.2661.102 Safari/537.36"
183.82.224.53 - - [13/May/2016:03:10:48 -0500] "GET /desktop/img/property-card/verified.svg HTTP/2.0" 200 723 "https://www.stayzilla.com/search?checkInDate=15-05-2016&checkOutDate=16-05-2016&filters=stay%255B%255D%3Dhomestay&np=1&queryText=Hyderabad&sorting=id%3Drelevance%26order%3DDESC" "Mozilla/5.0 (Windows NT 6.1) AppleWebKit/537.36 (KHTML, like Gecko) Chrome/50.0.2661.102 Safari/537.36"
123.236.51.111 - - [13/May/2016:03:10:48 -0500] "GET /mobile/fonts/sz-icon-font.woff?88e901b9d2b11d7c459265418b164812 HTTP/2.0" 200 46946 "https://www.stayzilla.com/mobile/bundles/main.84659e23.css" "Mozilla/5.0 (Linux; Android 6.0.1; SM-G928G Build/MMB29K) AppleWebKit/537.36 (KHTML, like Gecko) Chrome/50.0.2661.89 Mobile Safari/537.36"
49.136.220.218 - - [13/May/2016:03:10:49 -0500] "GET /desktop/bundles/86a46f2b.app.cache.js HTTP/2.0" 200 193151 "https://www.stayzilla.com/search?&queryText=Namchi&utm_campaign=387601004&utm_medium=27549690764&utm_term=%2Bnamchi%20%2Bbudget%20hotel&utm_source=adwords&device=c&gclid=CLm-q_3M1swCFZCXvQodlRgDQw" "Mozilla/5.0 (Windows NT 6.3; WOW64) AppleWebKit/537.36 (KHTML, like Gecko) Chrome/50.0.2661.102 Safari/537.36"
14.141.156.34 - - [13/May/2016:03:10:49 -0500] "GET /search?&queryText=Dhanaulti&utm_campaign=387606164&utm_medium=27549412964&utm_term=%2Bdhanaulti%20%2Bhotel&utm_source=adwords&device=c&gclid=CNbquf_M1swCFQujvQodWTkL-g HTTP/1.1" 200 1906 "https://www.google.co.in/" "Mozilla/5.0 (Windows NT 6.3; WOW64) AppleWebKit/537.36 (KHTML, like Gecko) Chrome/50.0.2661.75 Safari/537.36"
14.141.156.34 - - [13/May/2016:03:10:49 -0500] "GET /desktop/bundles/61740c8f.main.cache.css HTTP/1.1" 200 25101 "https://www.stayzilla.com/search?&queryText=Dhanaulti&utm_campaign=387606164&utm_medium=27549412964&utm_term=%2Bdhanaulti%20%2Bhotel&utm_source=adwords&device=c&gclid=CNbquf_M1swCFQujvQodWTkL-g" "Mozilla/5.0 (Windows NT 6.3; WOW64) AppleWebKit/537.36 (KHTML, like Gecko) Chrome/50.0.2661.75 Safari/537.36"
14.141.156.34 - - [13/May/2016:03:10:49 -0500] "GET /common/jquery-2.1.4.min.js HTTP/1.1" 200 30374 "https://www.stayzilla.com/search?&queryText=Dhanaulti&utm_campaign=387606164&utm_medium=27549412964&utm_term=%2Bdhanaulti%20%2Bhotel&utm_source=adwords&device=c&gclid=CNbquf_M1swCFQujvQodWTkL-g" "Mozilla/5.0 (Windows NT 6.3; WOW64) AppleWebKit/537.36 (KHTML, like Gecko) Chrome/50.0.2661.75 Safari/537.36"
122.165.106.68 - - [13/May/2016:03:10:49 -0500] "GET /desktop/img/others/tick.svg HTTP/2.0" 200 1203 "https://www.stayzilla.com/desktop/bundles/61740c8f.main.cache.css" "Mozilla/5.0 (Windows NT 10.0; WOW64) AppleWebKit/537.36 (KHTML, like Gecko) Chrome/50.0.2661.102 Safari/537.36"
183.82.224.53 - - [13/May/2016:03:10:49 -0500] "GET /desktop/img/others/tick.svg HTTP/2.0" 200 1203 "https://www.stayzilla.com/desktop/bundles/61740c8f.main.cache.css" "Mozilla/5.0 (Windows NT 6.1) AppleWebKit/537.36 (KHTML, like Gecko) Chrome/50.0.2661.102 Safari/537.36"
123.201.91.70 - - [13/May/2016:03:10:49 -0500] "GET /desktop/img/others/tick.svg HTTP/2.0" 200 1203 "https://www.stayzilla.com/desktop/bundles/61740c8f.main.cache.css" "Mozilla/5.0 (Windows NT 6.3; WOW64) AppleWebKit/537.36 (KHTML, like Gecko) Chrome/50.0.2661.94 Safari/537.36"
14.141.156.34 - - [13/May/2016:03:10:50 -0500] "GET /desktop/bundles/86a46f2b.app.cache.js HTTP/1.1" 200 192823 "https://www.stayzilla.com/search?&queryText=Dhanaulti&utm_campaign=387606164&utm_medium=27549412964&utm_term=%2Bdhanaulti%20%2Bhotel&utm_source=adwords&device=c&gclid=CNbquf_M1swCFQujvQodWTkL-g" "Mozilla/5.0 (Windows NT 6.3; WOW64) AppleWebKit/537.36 (KHTML, like Gecko) Chrome/50.0.2661.75 Safari/537.36"
183.82.224.53 - - [13/May/2016:03:10:50 -0500] "GET /desktop/img/favicons/sz-favicon.ico HTTP/2.0" 200 32330 "https://www.stayzilla.com/search?checkInDate=15-05-2016&checkOutDate=16-05-2016&filters=stay%255B%255D%3Dhomestay&np=1&queryText=Hyderabad&sorting=id%3Drelevance%26order%3DDESC" "Mozilla/5.0 (Windows NT 6.1) AppleWebKit/537.36 (KHTML, like Gecko) Chrome/50.0.2661.102 Safari/537.36"
49.136.220.218 - - [13/May/2016:03:10:50 -0500] "GET /desktop/img/body-bg.png HTTP/2.0" 200 1476 "https://www.stayzilla.com/desktop/bundles/61740c8f.main.cache.css" "Mozilla/5.0 (Windows NT 6.3; WOW64) AppleWebKit/537.36 (KHTML, like Gecko) Chrome/50.0.2661.102 Safari/537.36"
14.141.156.34 - - [13/May/2016:03:10:50 -0500] "GET /desktop/img/body-bg.png HTTP/1.1" 200 1189 "https://www.stayzilla.com/desktop/bundles/61740c8f.main.cache.css" "Mozilla/5.0 (Windows NT 6.3; WOW64) AppleWebKit/537.36 (KHTML, like Gecko) Chrome/50.0.2661.75 Safari/537.36"
49.136.220.218 - - [13/May/2016:03:10:51 -0500] "GET /desktop/img/brand-logo.svg HTTP/2.0" 200 2857 "https://www.stayzilla.com/search?checkInDate=15-05-2016&checkOutDate=16-05-2016&np=1&queryText=Namchi&sorting=id%3Drelevance%26order%3DDESC" "Mozilla/5.0 (Windows NT 6.3; WOW64) AppleWebKit/537.36 (KHTML, like Gecko) Chrome/50.0.2661.102 Safari/537.36"
49.136.220.218 - - [13/May/2016:03:10:51 -0500] "GET /desktop/img/footer_playStore.png HTTP/2.0" 200 6277 "https://www.stayzilla.com/search?checkInDate=15-05-2016&checkOutDate=16-05-2016&np=1&queryText=Namchi&sorting=id%3Drelevance%26order%3DDESC" "Mozilla/5.0 (Windows NT 6.3; WOW64) AppleWebKit/537.36 (KHTML, like Gecko) Chrome/50.0.2661.102 Safari/537.36"
