1.39.63.238 - - [13/May/2016:03:11:08 -0500] "GET /mobile/img/body-bg.png HTTP/2.0" 200 1476 "https://www.stayzilla.com/mobile/bundles/main.84659e23.css" "Mozilla/5.0 (Linux; Android 5.1.1; ONE E1003 Build/LMY47V) AppleWebKit/537.36 (KHTML, like Gecko) Chrome/49.0.2623.105 Mobile Safari/537.36"
49.249.8.179 - - [13/May/2016:03:11:09 -0500] "GET /search?&queryText=Madikeri&filters=stay%255B%255D%3Dresort&utm_campaign=384492164&utm_medium=27353613284&utm_term=%2Bmadikeri%20%2Bresort&utm_source=adwords&device=m&gclid=Cj0KEQjw9tW5BRDk29KDnqWu4fMBEiQAKj7sp2vigjSLx1Xf0S2cVYMe7TZ_qZp6KgmISTjf_hBFNqwaAmks8P8HAQ HTTP/1.1" 200 1926 "-" "Mozilla/5.0 (Linux; Android 5.0.2; XT1068 Build/LXB22.46-28) AppleWebKit/537.36 (KHTML, like Gecko) Chrome/39.0.2171.59 Mobile Safari/537.36"
1.39.63.238 - - [13/May/2016:03:11:09 -0500] "GET /mobile/img/sz-loader.svg HTTP/2.0" 200 922 "https://www.stayzilla.com/search?&queryText=Coorg&utm_campaign=384489164&utm_medium=27353602244&utm_term=%2Bcoorg%20%2Bhotel&utm_source=adwords&device=m&gclid=Cj0KEQjw9tW5BRDk29KDnqWu4fMBEiQAKj7spz3eD0LnsDhUapn5Wedj6Tk8a982dYgL24-exohpp0MaAhOF8P8HAQ" "Mozilla/5.0 (Linux; Android 5.1.1; ONE E1003 Build/LMY47V) AppleWebKit/537.36 (KHTML, like Gecko) Chrome/49.0.2623.105 Mobile Safari/537.36"
49.249.8.179 - - [13/May/2016:03:11:09 -0500] "GET /mobile/bundles/main.84659e23.css HTTP/1.1" 200 24639 "https://www.stayzilla.com/search?&queryText=Madikeri&filters=stay%255B%255D%3Dresort&utm_campaign=384492164&utm_medium=27353613284&utm_term=%2Bmadikeri%20%2Bresort&utm_source=adwords&device=m&gclid=Cj0KEQjw9tW5BRDk29KDnqWu4fMBEiQAKj7sp2vigjSLx1Xf0S2cVYMe7TZ_qZp6KgmISTjf_hBFNqwaAmks8P8HAQ" "Mozilla/5.0 (Linux; Android 5.0.2; XT1068 Build/LXB22.46-28) AppleWebKit/537.36 (KHTML, like Gecko) Chrome/39.0.2171.59 Mobile Safari/537.36"
117.221.45.9 - - [13/May/2016:03:11:09 -0500] "GET /search?&queryText=Sangli&utm_campaign=389116004&utm_medium=27579374924&utm_term=%2Bsangli%20%2Bhotel&utm_source=adwords&device=c&gclid=CMj6honN1swCFQaSvQodGoQKYg HTTP/2.0" 200 2114 "https://www.google.co.in/" "Mozilla/5.0 (Windows NT 6.1; WOW64) AppleWebKit/537.36 (KHTML, like Gecko) Chrome/50.0.2661.94 Safari/537.36"
117.221.45.9 - - [13/May/2016:03:11:09 -0500] "GET /desktop/bundles/61740c8f.main.cache.css HTTP/2.0" 200 25413 "https://www.stayzilla.com/search?&queryText=Sangli&utm_campaign=389116004&utm_medium=27579374924&utm_term=%2Bsangli%20%2Bhotel&utm_source=adwords&device=c&gclid=CMj6honN1swCFQaSvQodGoQKYg" "Mozilla/5.0 (Windows NT 6.1; WOW64) AppleWebKit/537.36 (KHTML, like Gecko) Chrome/50.0.2661.94 Safari/537.36"
117.221.45.9 - - [13/May/2016:03:11:09 -0500] "GET /common/jquery-2.1.4.min.js HTTP/2.0" 200 30700 "https://www.stayzilla.com/search?&queryText=Sangli&utm_campaign=389116004&utm_medium=27579374924&utm_term=%2Bsangli%20%2Bhotel&utm_source=adwords&device=c&gclid=CMj6honN1swCFQaSvQodGoQKYg" "Mozilla/5.0 (Windows NT 6.1; WOW64) AppleWebKit/537.36 (KHTML, like Gecko) Chrome/50.0.2661.94 Safari/537.36"
49.249.8.179 - - [13/May/2016:03:11:09 -0500] "GET /mobile/bundles/szmtpl.e0d4848c.js HTTP/1.1" 200 46177 "https://www.stayzilla.com/search?&queryText=Madikeri&filters=stay%255B%255D%3Dresort&utm_campaign=384492164&utm_medium=27353613284&utm_term=%2Bmadikeri%20%2Bresort&utm_source=adwords&device=m&gclid=Cj0KEQjw9tW5BRDk29KDnqWu4fMBEiQAKj7sp2vigjSLx1Xf0S2cVYMe7TZ_qZp6KgmISTjf_hBFNqwaAmks8P8HAQ" "Mozilla/5.0 (Linux; Android 5.0.2; XT1068 Build/LXB22.46-28) AppleWebKit/537.36 (KHTML, like Gecko) Chrome/39.0.2171.59 Mobile Safari/537.36"
66.249.71.53 - - [13/May/2016:03:11:10 -0500] "GET /hotels/kerala-guruvayur/uls550di HTTP/1.1" 200 1899 "-" "Mozilla/5.0 (compatible; Googlebot/2.1; +http://www.google.com/bot.html)"
106.219.19.205 - - [13/May/2016:03:11:10 -0500] "GET /search?&queryText=Nainital&utm_campaign=384494204&utm_medium=27353609924&utm_term=%2Bnainital%20%2Bhotel&utm_source=adwords&device=m&gclid=COKz5MrM1swCFQF7vQodtWwHgw HTTP/1.1" 200 1933 "http://www.google.co.in/search?q=nainital+hotels&oq=nanita&gs_l=mobile-heirloom-serp.1.1.0i10l5.1044.3978.0.9771.6.6.0.0.0.0.750.2495.2-2j1j1j1j1.6.0....0...1c.1.34.mobile-heirloom-serp..3.3.854.CwPXd94-3aQ" "Mozilla/5.0 (Windows Phone 8.1; ARM; Trident/7.0; Touch; rv:11.0; IEMobile/11.0; NOKIA; Lumia 630) like Gecko"
49.249.8.179 - - [13/May/2016:03:11:10 -0500] "GET /mobile/bundles/vendors.99bc40dc.js HTTP/1.1" 200 64644 "https://www.stayzilla.com/search?&queryText=Madikeri&filters=stay%255B%255D%3Dresort&utm_campaign=384492164&utm_medium=27353613284&utm_term=%2Bmadikeri%20%2Bresort&utm_source=adwords&device=m&gclid=Cj0KEQjw9tW5BRDk29KDnqWu4fMBEiQAKj7sp2vigjSLx1Xf0S2cVYMe7TZ_qZp6KgmISTjf_hBFNqwaAmks8P8HAQ" "Mozilla/5.0 (Linux; Android 5.0.2; XT1068 Build/LXB22.46-28) AppleWebKit/537.36 (KHTML, like Gecko) Chrome/39.0.2171.59 Mobile Safari/537.36"
49.249.8.179 - - [13/May/2016:03:11:10 -0500] "GET /mobile/bundles/app.a55b1412.js HTTP/1.1" 200 50645 "https://www.stayzilla.com/search?&queryText=Madikeri&filters=stay%255B%255D%3Dresort&utm_campaign=384492164&utm_medium=27353613284&utm_term=%2Bmadikeri%20%2Bresort&utm_source=adwords&device=m&gclid=Cj0KEQjw9tW5BRDk29KDnqWu4fMBEiQAKj7sp2vigjSLx1Xf0S2cVYMe7TZ_qZp6KgmISTjf_hBFNqwaAmks8P8HAQ" "Mozilla/5.0 (Linux; Android 5.0.2; XT1068 Build/LXB22.46-28) AppleWebKit/537.36 (KHTML, like Gecko) Chrome/39.0.2171.59 Mobile Safari/537.36"
1.39.63.238 - - [13/May/2016:03:11:10 -0500] "GET /mobile/fonts/sz-icon-font.woff?88e901b9d2b11d7c459265418b164812 HTTP/2.0" 200 46946 "https://www.stayzilla.com/mobile/bundles/main.84659e23.css" "Mozilla/5.0 (Linux; Android 5.1.1; ONE E1003 Build/LMY47V) AppleWebKit/537.36 (KHTML, like Gecko) Chrome/49.0.2623.105 Mobile Safari/537.36"
124.253.8.79 - - [13/May/2016:03:11:10 -0500] "GET /search?&queryText=Manali&utm_campaign=384489044&utm_medium=27353602124&utm_term=%2Bmanali%20%2Bhotel&utm_source=adwords&device=c&gclid=Cj0KEQjw9tW5BRDk29KDnqWu4fMBEiQAKj7spzvuyVHq-u0cHwAx9IWB1pO-z3v1ZKDGuysekeELWs0aApZS8P8HAQ HTTP/2.0" 200 2114 "https://www.google.co.in/" "Mozilla/5.0 (Windows NT 6.1) AppleWebKit/537.36 (KHTML, like Gecko) Chrome/50.0.2661.102 Safari/537.36"
49.249.8.179 - - [13/May/2016:03:11:10 -0500] "GET /mobile/img/body-bg.png HTTP/1.1" 200 1189 "https://www.stayzilla.com/mobile/bundles/main.84659e23.css" "Mozilla/5.0 (Linux; Android 5.0.2; XT1068 Build/LXB22.46-28) AppleWebKit/537.36 (KHTML, like Gecko) Chrome/39.0.2171.59 Mobile Safari/537.36"
59.178.202.40 - - [13/May/2016:03:11:10 -0500] "GET /search?&queryText=Rishikesh&utm_campaign=384494804&utm_medium=27353605724&utm_term=%2Brishikesh%20%2Bhotel&utm_source=adwords&device=c&gclid=Cj0KEQjw9tW5BRDk29KDnqWu4fMBEiQAKj7sp-XeSzrY4RM4o2ZfXW2802wRUelJ234BRFuoqb0o6HYaAk_z8P8HAQ HTTP/2.0" 200 2114 "https://www.google.co.in/" "Mozilla/5.0 (Windows NT 6.1; WOW64) AppleWebKit/537.36 (KHTML, like Gecko) Chrome/50.0.2661.94 Safari/537.36"
117.221.45.9 - - [13/May/2016:03:11:11 -0500] "GET /desktop/bundles/86a46f2b.app.cache.js HTTP/2.0" 200 193151 "https://www.stayzilla.com/search?&queryText=Sangli&utm_campaign=389116004&utm_medium=27579374924&utm_term=%2Bsangli%20%2Bhotel&utm_source=adwords&device=c&gclid=CMj6honN1swCFQaSvQodGoQKYg" "Mozilla/5.0 (Windows NT 6.1; WOW64) AppleWebKit/537.36 (KHTML, like Gecko) Chrome/50.0.2661.94 Safari/537.36"
105.234.146.17 - - [13/May/2016:03:11:11 -0500] "GET /desktop/img/favicons/sz-favicon.ico HTTP/1.1" 200 32038 "-" "Mozilla/5.0 (Linux; Android 6.0; HTC One_M8 Build/MRA58K) AppleWebKit/537.36 (KHTML, like Gecko) Version/4.0 Chrome/33.0.0.0 Mobile Safari/537.36"
117.248.162.224 - - [13/May/2016:03:11:11 -0500] "GET /stays/hotel-deorali-54570?checkInDate=15-05-2016&checkOutDate=16-05-2016 HTTP/2.0" 200 2114 "https://www.stayzilla.com/search?checkInDate=15-05-2016&checkOutDate=16-05-2016&np=1&queryText=Gangtok&sorting=id%3Dprice%26order%3DASC" "Mozilla/5.0 (Windows NT 6.1) AppleWebKit/537.36 (KHTML, like Gecko) Chrome/50.0.2661.102 Safari/537.36"
1.39.63.238 - - [13/May/2016:03:11:11 -0500] "GET /mobile/img/svgIcons.svg?v=2 HTTP/2.0" 200 384794 "https://www.stayzilla.com/search?queryText=Coorg&checkInDate=15-05-2016&checkOutDate=16-05-2016&&&&&&&&filters=&sorting=id%3Drelevance%26order%3DDESC&np=1" "Mozilla/5.0 (Linux; Android 5.1.1; ONE E1003 Build/LMY47V) AppleWebKit/537.36 (KHTML, like Gecko) Chrome/49.0.2623.105 Mobile Safari/537.36"
59.178.202.40 - - [13/May/2016:03:11:11 -0500] "GET /desktop/bundles/61740c8f.main.cache.css HTTP/2.0" 200 25413 "https://www.stayzilla.com/search?&queryText=Rishikesh&utm_campaign=384494804&utm_medium=27353605724&utm_term=%2Brishikesh%20%2Bhotel&utm_source=adwords&device=c&gclid=Cj0KEQjw9tW5BRDk29KDnqWu4fMBEiQAKj7sp-XeSzrY4RM4o2ZfXW2802wRUelJ234BRFuoqb0o6HYaAk_z8P8HAQ" "Mozilla/5.0 (Windows NT 6.1; WOW64) AppleWebKit/537.36 (KHTML, like Gecko) Chrome/50.0.2661.94 Safari/537.36"
59.178.202.40 - - [13/May/2016:03:11:11 -0500] "GET /common/jquery-2.1.4.min.js HTTP/2.0" 200 30700 "https://www.stayzilla.com/search?&queryText=Rishikesh&utm_campaign=384494804&utm_medium=27353605724&utm_term=%2Brishikesh%20%2Bhotel&utm_source=adwords&device=c&gclid=Cj0KEQjw9tW5BRDk29KDnqWu4fMBEiQAKj7sp-XeSzrY4RM4o2ZfXW2802wRUelJ234BRFuoqb0o6HYaAk_z8P8HAQ" "Mozilla/5.0 (Windows NT 6.1; WOW64) AppleWebKit/537.36 (KHTML, like Gecko) Chrome/50.0.2661.94 Safari/537.36"
49.249.8.179 - - [13/May/2016:03:11:12 -0500] "GET /mobile/img/sz-loader.svg HTTP/1.1" 200 707 "https://www.stayzilla.com/search?&queryText=Madikeri&filters=stay%255B%255D%3Dresort&utm_campaign=384492164&utm_medium=27353613284&utm_term=%2Bmadikeri%20%2Bresort&utm_source=adwords&device=m&gclid=Cj0KEQjw9tW5BRDk29KDnqWu4fMBEiQAKj7sp2vigjSLx1Xf0S2cVYMe7TZ_qZp6KgmISTjf_hBFNqwaAmks8P8HAQ" "Mozilla/5.0 (Linux; Android 5.0.2; XT1068 Build/LXB22.46-28) AppleWebKit/537.36 (KHTML, like Gecko) Chrome/39.0.2171.59 Mobile Safari/537.36"
105.234.146.17 - - [13/May/2016:03:11:12 -0500] "GET /desktop/img/favicons/sz-favicon36x36.png HTTP/1.1" 200 2713 "-" "Mozilla/5.0 (Linux; Android 6.0; HTC One_M8 Build/MRA58K) AppleWebKit/537.36 (KHTML, like Gecko) Version/4.0 Chrome/33.0.0.0 Mobile Safari/537.36"
105.234.146.17 - - [13/May/2016:03:11:12 -0500] "GET /desktop/img/brand-logo.svg HTTP/1.1" 200 2641 "https://www.stayzilla.com/stays/hotel-regency-11719?checkInDate=21-05-2016&checkOutDate=22-05-2016&utm_source=wego&utm_campaign=Thiruvananthapuram&utm_term=11719/hotel-regency" "Mozilla/5.0 (X11; Linux x86_64) AppleWebKit/534.24 (KHTML, like Gecko) Chrome/33.0.0.0 Safari/534.24"
106.219.19.205 - - [13/May/2016:03:11:13 -0500] "GET /mobile/bundles/main.84659e23.css HTTP/1.1" 200 24639 "https://www.stayzilla.com/search?&queryText=Nainital&utm_campaign=384494204&utm_medium=27353609924&utm_term=%2Bnainital%20%2Bhotel&utm_source=adwords&device=m&gclid=COKz5MrM1swCFQF7vQodtWwHgw" "Mozilla/5.0 (Windows Phone 8.1; ARM; Trident/7.0; Touch; rv:11.0; IEMobile/11.0; NOKIA; Lumia 630) like Gecko"
1.39.85.85 - - [13/May/2016:03:11:13 -0500] "GET /desktop/img/body-bg.png HTTP/2.0" 200 1476 "https://www.stayzilla.com/desktop/bundles/61740c8f.main.cache.css" "Mozilla/5.0 (Windows NT 6.1) AppleWebKit/537.36 (KHTML, like Gecko) Chrome/50.0.2661.102 Safari/537.36"
105.234.146.17 - - [13/May/2016:03:11:13 -0500] "GET /desktop/img/favicons/sz-favicon36x36.png HTTP/1.1" 200 2713 "-" "Mozilla/5.0 (X11; Linux x86_64) AppleWebKit/534.24 (KHTML, like Gecko) Chrome/33.0.0.0 Safari/534.24"
105.234.146.17 - - [13/May/2016:03:11:13 -0500] "GET /desktop/fonts/sz-icon-font.woff?e25ad810c259ce05562f61038a802e30 HTTP/1.1" 200 47816 "https://www.stayzilla.com/stays/hotel-regency-11719?checkInDate=21-05-2016&checkOutDate=22-05-2016&utm_source=wego&utm_campaign=Thiruvananthapuram&utm_term=11719/hotel-regency" "Mozilla/5.0 (X11; Linux x86_64) AppleWebKit/534.24 (KHTML, like Gecko) Chrome/33.0.0.0 Safari/534.24"
49.249.8.179 - - [13/May/2016:03:11:13 -0500] "GET /mobile/fonts/sz-icon-font.woff?88e901b9d2b11d7c459265418b164812 HTTP/1.1" 200 46720 "https://www.stayzilla.com/mobile/bundles/main.84659e23.css" "Mozilla/5.0 (Linux; Android 5.0.2; XT1068 Build/LXB22.46-28) AppleWebKit/537.36 (KHTML, like Gecko) Chrome/39.0.2171.59 Mobile Safari/537.36"
1.39.63.238 - - [13/May/2016:03:11:13 -0500] "GET /mobile/img/sz-favicon.ico HTTP/2.0" 200 370364 "https://www.stayzilla.com/search?queryText=Coorg&checkInDate=15-05-2016&checkOutDate=16-05-2016&&&&&&&&filters=&sorting=id%3Drelevance%26order%3DDESC&np=1" "Mozilla/5.0 (Linux; Android 5.1.1; ONE E1003 Build/LMY47V) AppleWebKit/537.36 (KHTML, like Gecko) Chrome/49.0.2623.105 Mobile Safari/537.36"
106.219.19.205 - - [13/May/2016:03:11:13 -0500] "GET /mobile/bundles/vendors.99bc40dc.js HTTP/1.1" 200 64644 "https://www.stayzilla.com/search?&queryText=Nainital&utm_campaign=384494204&utm_medium=27353609924&utm_term=%2Bnainital%20%2Bhotel&utm_source=adwords&device=m&gclid=COKz5MrM1swCFQF7vQodtWwHgw" "Mozilla/5.0 (Windows Phone 8.1; ARM; Trident/7.0; Touch; rv:11.0; IEMobile/11.0; NOKIA; Lumia 630) like Gecko"
59.178.202.40 - - [13/May/2016:03:11:13 -0500] "GET /desktop/bundles/86a46f2b.app.cache.js HTTP/2.0" 200 193151 "https://www.stayzilla.com/search?&queryText=Rishikesh&utm_campaign=384494804&utm_medium=27353605724&utm_term=%2Brishikesh%20%2Bhotel&utm_source=adwords&device=c&gclid=Cj0KEQjw9tW5BRDk29KDnqWu4fMBEiQAKj7sp-XeSzrY4RM4o2ZfXW2802wRUelJ234BRFuoqb0o6HYaAk_z8P8HAQ" "Mozilla/5.0 (Windows NT 6.1; WOW64) AppleWebKit/537.36 (KHTML, like Gecko) Chrome/50.0.2661.94 Safari/537.36"
117.221.45.9 - - [13/May/2016:03:11:13 -0500] "GET /desktop/img/body-bg.png HTTP/2.0" 200 1476 "https://www.stayzilla.com/desktop/bundles/61740c8f.main.cache.css" "Mozilla/5.0 (Windows NT 6.1; WOW64) AppleWebKit/537.36 (KHTML, like Gecko) Chrome/50.0.2661.94 Safari/537.36"
106.219.19.205 - - [13/May/2016:03:11:13 -0500] "GET /mobile/bundles/szmtpl.e0d4848c.js HTTP/1.1" 200 46177 "https://www.stayzilla.com/search?&queryText=Nainital&utm_campaign=384494204&utm_medium=27353609924&utm_term=%2Bnainital%20%2Bhotel&utm_source=adwords&device=m&gclid=COKz5MrM1swCFQF7vQodtWwHgw" "Mozilla/5.0 (Windows Phone 8.1; ARM; Trident/7.0; Touch; rv:11.0; IEMobile/11.0; NOKIA; Lumia 630) like Gecko"
105.234.146.17 - - [13/May/2016:03:11:13 -0500] "GET /desktop/img/footer_playStore.png HTTP/1.1" 200 5989 "https://www.stayzilla.com/stays/hotel-regency-11719?checkInDate=21-05-2016&checkOutDate=22-05-2016&utm_source=wego&utm_campaign=Thiruvananthapuram&utm_term=11719/hotel-regency" "Mozilla/5.0 (X11; Linux x86_64) AppleWebKit/534.24 (KHTML, like Gecko) Chrome/33.0.0.0 Safari/534.24"
106.219.19.205 - - [13/May/2016:03:11:13 -0500] "GET /mobile/bundles/app.a55b1412.js HTTP/1.1" 200 50645 "https://www.stayzilla.com/search?&queryText=Nainital&utm_campaign=384494204&utm_medium=27353609924&utm_term=%2Bnainital%20%2Bhotel&utm_source=adwords&device=m&gclid=COKz5MrM1swCFQF7vQodtWwHgw" "Mozilla/5.0 (Windows Phone 8.1; ARM; Trident/7.0; Touch; rv:11.0; IEMobile/11.0; NOKIA; Lumia 630) like Gecko"
1.39.85.85 - - [13/May/2016:03:11:13 -0500] "GET /desktop/bundles/86a46f2b.app.cache.js HTTP/2.0" 200 193151 "https://www.stayzilla.com/search?&queryText=Diu&utm_campaign=387034844&utm_medium=27456879764&utm_term=%2Bdiu%20%2Bhotel&utm_source=adwords&device=c&gclid=CLrdsIXN1swCFdgnvQod4coGJw" "Mozilla/5.0 (Windows NT 6.1) AppleWebKit/537.36 (KHTML, like Gecko) Chrome/50.0.2661.102 Safari/537.36"
117.221.45.9 - - [13/May/2016:03:11:14 -0500] "GET /desktop/img/favicons/sz-favicon.ico HTTP/2.0" 200 32330 "https://www.stayzilla.com/search?&queryText=Sangli&utm_campaign=389116004&utm_medium=27579374924&utm_term=%2Bsangli%20%2Bhotel&utm_source=adwords&device=c&gclid=CMj6honN1swCFQaSvQodGoQKYg" "Mozilla/5.0 (Windows NT 6.1; WOW64) AppleWebKit/537.36 (KHTML, like Gecko) Chrome/50.0.2661.94 Safari/537.36"
105.234.146.17 - - [13/May/2016:03:11:14 -0500] "GET /desktop/img/footer_appStore.png HTTP/1.1" 200 6650 "https://www.stayzilla.com/stays/hotel-regency-11719?checkInDate=21-05-2016&checkOutDate=22-05-2016&utm_source=wego&utm_campaign=Thiruvananthapuram&utm_term=11719/hotel-regency" "Mozilla/5.0 (X11; Linux x86_64) AppleWebKit/534.24 (KHTML, like Gecko) Chrome/33.0.0.0 Safari/534.24"
105.234.146.17 - - [13/May/2016:03:11:14 -0500] "GET /desktop/img/footer-watermark.png HTTP/1.1" 200 31189 "https://www.stayzilla.com/stays/hotel-regency-11719?checkInDate=21-05-2016&checkOutDate=22-05-2016&utm_source=wego&utm_campaign=Thiruvananthapuram&utm_term=11719/hotel-regency" "Mozilla/5.0 (X11; Linux x86_64) AppleWebKit/534.24 (KHTML, like Gecko) Chrome/33.0.0.0 Safari/534.24"
182.156.160.198 - - [13/May/2016:03:11:14 -0500] "GET /search?&queryText=Nandi+Hills&utm_campaign=387593084&utm_medium=27549448004&utm_term=%2Bnandi%20hills%20%2Bresort&utm_source=adwords&device=m&gclid=Cj0KEQjw9tW5BRDk29KDnqWu4fMBEiQAKj7sp2gtw1rFoPyCpJWAsOUuoeDCcwn6awOPf7eMOaLhmm0aApEm8P8HAQ HTTP/2.0" 200 2141 "-" "Mozilla/5.0 (Linux; Android 5.1; TIT-AL00 Build/HONORTIT-AL00) AppleWebKit/537.36 (KHTML, like Gecko) Chrome/46.0.2490.76 Mobile Safari/537.36"
119.226.206.219 - - [13/May/2016:03:11:14 -0500] "GET /search?checkInDate=15-05-2016&checkOutDate=16-05-2016&np=2&queryText=Puri&sorting=id%3Drelevance%26order%3DDESC HTTP/2.0" 200 2114 "-" "Mozilla/5.0 (Windows NT 6.2; WOW64; rv:43.0) Gecko/20100101 Firefox/43.0"
42.99.164.59 - - [13/May/2016:03:11:14 -0500] "GET /search?area=Ooty&checkInDate=27-05-2016&checkOutDate=30-05-2016&dist=10km&lat=11.4134&lng=76.69521&name=Ooty&np=1&queryText=Ooty&sorting=id%3Drelevance%26order%3DDESC&type=szcity?utm_source=emailer&utm_campaign=uniquestays&utm_medium=050516&utm_content=rima&utm_term=AS HTTP/2.0" 200 2114 "-" "Mozilla/5.0 (Windows NT 6.1; WOW64) AppleWebKit/537.36 (KHTML, like Gecko) Chrome/50.0.2661.94 Safari/537.36"
182.156.160.198 - - [13/May/2016:03:11:14 -0500] "GET /mobile/bundles/main.84659e23.css HTTP/2.0" 200 24951 "https://www.stayzilla.com/search?&queryText=Nandi+Hills&utm_campaign=387593084&utm_medium=27549448004&utm_term=%2Bnandi%20hills%20%2Bresort&utm_source=adwords&device=m&gclid=Cj0KEQjw9tW5BRDk29KDnqWu4fMBEiQAKj7sp2gtw1rFoPyCpJWAsOUuoeDCcwn6awOPf7eMOaLhmm0aApEm8P8HAQ" "Mozilla/5.0 (Linux; Android 5.1; TIT-AL00 Build/HONORTIT-AL00) AppleWebKit/537.36 (KHTML, like Gecko) Chrome/46.0.2490.76 Mobile Safari/537.36"
42.99.164.59 - - [13/May/2016:03:11:14 -0500] "GET /desktop/bundles/61740c8f.main.cache.css HTTP/2.0" 200 25413 "https://www.stayzilla.com/search?area=Ooty&checkInDate=27-05-2016&checkOutDate=30-05-2016&dist=10km&lat=11.4134&lng=76.69521&name=Ooty&np=1&queryText=Ooty&sorting=id%3Drelevance%26order%3DDESC&type=szcity?utm_source=emailer&utm_campaign=uniquestays&utm_medium=050516&utm_content=rima&utm_term=AS" "Mozilla/5.0 (Windows NT 6.1; WOW64) AppleWebKit/537.36 (KHTML, like Gecko) Chrome/50.0.2661.94 Safari/537.36"
49.249.8.179 - - [13/May/2016:03:11:14 -0500] "GET /mobile/img/stay-default.png HTTP/1.1" 200 4152 "https://www.stayzilla.com/search?queryText=Madikeri&checkInDate=15-05-2016&checkOutDate=16-05-2016&&&&&&&&filters=stay%255B0%255D%3Dresort&sorting=id%3Drelevance%26order%3DDESC&np=1" "Mozilla/5.0 (Linux; Android 5.0.2; XT1068 Build/LXB22.46-28) AppleWebKit/537.36 (KHTML, like Gecko) Chrome/39.0.2171.59 Mobile Safari/537.36"
182.156.160.198 - - [13/May/2016:03:11:14 -0500] "GET /mobile/bundles/vendors.99bc40dc.js HTTP/2.0" 200 64970 "https://www.stayzilla.com/search?&queryText=Nandi+Hills&utm_campaign=387593084&utm_medium=27549448004&utm_term=%2Bnandi%20hills%20%2Bresort&utm_source=adwords&device=m&gclid=Cj0KEQjw9tW5BRDk29KDnqWu4fMBEiQAKj7sp2gtw1rFoPyCpJWAsOUuoeDCcwn6awOPf7eMOaLhmm0aApEm8P8HAQ" "Mozilla/5.0 (Linux; Android 5.1; TIT-AL00 Build/HONORTIT-AL00) AppleWebKit/537.36 (KHTML, like Gecko) Chrome/46.0.2490.76 Mobile Safari/537.36"
182.156.160.198 - - [13/May/2016:03:11:14 -0500] "GET /mobile/bundles/szmtpl.e0d4848c.js HTTP/2.0" 200 46503 "https://www.stayzilla.com/search?&queryText=Nandi+Hills&utm_campaign=387593084&utm_medium=27549448004&utm_term=%2Bnandi%20hills%20%2Bresort&utm_source=adwords&device=m&gclid=Cj0KEQjw9tW5BRDk29KDnqWu4fMBEiQAKj7sp2gtw1rFoPyCpJWAsOUuoeDCcwn6awOPf7eMOaLhmm0aApEm8P8HAQ" "Mozilla/5.0 (Linux; Android 5.1; TIT-AL00 Build/HONORTIT-AL00) AppleWebKit/537.36 (KHTML, like Gecko) Chrome/46.0.2490.76 Mobile Safari/537.36"
182.156.160.198 - - [13/May/2016:03:11:14 -0500] "GET /mobile/bundles/app.a55b1412.js HTTP/2.0" 200 50971 "https://www.stayzilla.com/search?&queryText=Nandi+Hills&utm_campaign=387593084&utm_medium=27549448004&utm_term=%2Bnandi%20hills%20%2Bresort&utm_source=adwords&device=m&gclid=Cj0KEQjw9tW5BRDk29KDnqWu4fMBEiQAKj7sp2gtw1rFoPyCpJWAsOUuoeDCcwn6awOPf7eMOaLhmm0aApEm8P8HAQ" "Mozilla/5.0 (Linux; Android 5.1; TIT-AL00 Build/HONORTIT-AL00) AppleWebKit/537.36 (KHTML, like Gecko) Chrome/46.0.2490.76 Mobile Safari/537.36"
117.221.45.9 - - [13/May/2016:03:11:14 -0500] "GET /desktop/img/brand-logo.svg HTTP/2.0" 200 2857 "https://www.stayzilla.com/search?checkInDate=15-05-2016&checkOutDate=16-05-2016&np=1&queryText=Sangli&sorting=id%3Drelevance%26order%3DDESC" "Mozilla/5.0 (Windows NT 6.1; WOW64) AppleWebKit/537.36 (KHTML, like Gecko) Chrome/50.0.2661.94 Safari/537.36"
117.221.45.9 - - [13/May/2016:03:11:14 -0500] "GET /desktop/img/footer_playStore.png HTTP/2.0" 200 6277 "https://www.stayzilla.com/search?checkInDate=15-05-2016&checkOutDate=16-05-2016&np=1&queryText=Sangli&sorting=id%3Drelevance%26order%3DDESC" "Mozilla/5.0 (Windows NT 6.1; WOW64) AppleWebKit/537.36 (KHTML, like Gecko) Chrome/50.0.2661.94 Safari/537.36"
117.221.45.9 - - [13/May/2016:03:11:14 -0500] "GET /desktop/img/footer_appStore.png HTTP/2.0" 200 6938 "https://www.stayzilla.com/search?checkInDate=15-05-2016&checkOutDate=16-05-2016&np=1&queryText=Sangli&sorting=id%3Drelevance%26order%3DDESC" "Mozilla/5.0 (Windows NT 6.1; WOW64) AppleWebKit/537.36 (KHTML, like Gecko) Chrome/50.0.2661.94 Safari/537.36"
103.246.197.12 - - [13/May/2016:03:11:14 -0500] "GET /desktop/fonts/sz-icon-font.woff?e25ad810c259ce05562f61038a802e30 HTTP/1.1" 200 47816 "https://www.stayzilla.com/desktop/bundles/61740c8f.main.cache.css" "Mozilla/5.0 (Windows NT 6.1; WOW64; rv:38.0) Gecko/20100101 Firefox/38.0"
117.221.45.9 - - [13/May/2016:03:11:14 -0500] "GET /desktop/fonts/sz-icon-font.woff?e25ad810c259ce05562f61038a802e30 HTTP/2.0" 200 48042 "https://www.stayzilla.com/desktop/bundles/61740c8f.main.cache.css" "Mozilla/5.0 (Windows NT 6.1; WOW64) AppleWebKit/537.36 (KHTML, like Gecko) Chrome/50.0.2661.94 Safari/537.36"
117.221.45.9 - - [13/May/2016:03:11:14 -0500] "GET /desktop/img/page-search/mock-card.jpg HTTP/2.0" 200 5107 "https://www.stayzilla.com/desktop/bundles/61740c8f.main.cache.css" "Mozilla/5.0 (Windows NT 6.1; WOW64) AppleWebKit/537.36 (KHTML, like Gecko) Chrome/50.0.2661.94 Safari/537.36"
117.221.45.9 - - [13/May/2016:03:11:14 -0500] "GET /desktop/img/footer-watermark.png HTTP/2.0" 200 31478 "https://www.stayzilla.com/desktop/bundles/61740c8f.main.cache.css" "Mozilla/5.0 (Windows NT 6.1; WOW64) AppleWebKit/537.36 (KHTML, like Gecko) Chrome/50.0.2661.94 Safari/537.36"
103.246.197.12 - - [13/May/2016:03:11:15 -0500] "GET /desktop/img/footer-watermark.png HTTP/1.1" 200 31189 "https://www.stayzilla.com/desktop/bundles/61740c8f.main.cache.css" "Mozilla/5.0 (Windows NT 6.1; WOW64; rv:38.0) Gecko/20100101 Firefox/38.0"
42.99.164.59 - - [13/May/2016:03:11:15 -0500] "GET /desktop/img/body-bg.png HTTP/2.0" 200 1476 "https://www.stayzilla.com/desktop/bundles/61740c8f.main.cache.css" "Mozilla/5.0 (Windows NT 6.1; WOW64) AppleWebKit/537.36 (KHTML, like Gecko) Chrome/50.0.2661.94 Safari/537.36"
59.178.202.40 - - [13/May/2016:03:11:15 -0500] "GET /desktop/img/body-bg.png HTTP/2.0" 200 1476 "https://www.stayzilla.com/desktop/bundles/61740c8f.main.cache.css" "Mozilla/5.0 (Windows NT 6.1; WOW64) AppleWebKit/537.36 (KHTML, like Gecko) Chrome/50.0.2661.94 Safari/537.36"
42.99.164.59 - - [13/May/2016:03:11:16 -0500] "GET /desktop/img/brand-logo.svg HTTP/2.0" 200 2857 "https://www.stayzilla.com/search?area=Ooty&checkInDate=27-05-2016&checkOutDate=30-05-2016&dist=10km&lat=11.4134&lng=76.69521&name=Ooty&np=1&queryText=Ooty&sorting=id%3Drelevance%26order%3DDESC&type=szcity?utm_source=emailer&utm_campaign=uniquestays&utm_medium=050516&utm_content=rima&utm_term=AS" "Mozilla/5.0 (Windows NT 6.1; WOW64) AppleWebKit/537.36 (KHTML, like Gecko) Chrome/50.0.2661.94 Safari/537.36"
42.99.164.59 - - [13/May/2016:03:11:16 -0500] "GET /desktop/img/footer_playStore.png HTTP/2.0" 200 6277 "https://www.stayzilla.com/search?area=Ooty&checkInDate=27-05-2016&checkOutDate=30-05-2016&dist=10km&lat=11.4134&lng=76.69521&name=Ooty&np=1&queryText=Ooty&sorting=id%3Drelevance%26order%3DDESC&type=szcity?utm_source=emailer&utm_campaign=uniquestays&utm_medium=050516&utm_content=rima&utm_term=AS" "Mozilla/5.0 (Windows NT 6.1; WOW64) AppleWebKit/537.36 (KHTML, like Gecko) Chrome/50.0.2661.94 Safari/537.36"
42.99.164.59 - - [13/May/2016:03:11:16 -0500] "GET /desktop/img/footer_appStore.png HTTP/2.0" 200 6938 "https://www.stayzilla.com/search?area=Ooty&checkInDate=27-05-2016&checkOutDate=30-05-2016&dist=10km&lat=11.4134&lng=76.69521&name=Ooty&np=1&queryText=Ooty&sorting=id%3Drelevance%26order%3DDESC&type=szcity?utm_source=emailer&utm_campaign=uniquestays&utm_medium=050516&utm_content=rima&utm_term=AS" "Mozilla/5.0 (Windows NT 6.1; WOW64) AppleWebKit/537.36 (KHTML, like Gecko) Chrome/50.0.2661.94 Safari/537.36"
42.99.164.59 - - [13/May/2016:03:11:16 -0500] "GET /desktop/fonts/sz-icon-font.woff?e25ad810c259ce05562f61038a802e30 HTTP/2.0" 200 48042 "https://www.stayzilla.com/desktop/bundles/61740c8f.main.cache.css" "Mozilla/5.0 (Windows NT 6.1; WOW64) AppleWebKit/537.36 (KHTML, like Gecko) Chrome/50.0.2661.94 Safari/537.36"
42.99.164.59 - - [13/May/2016:03:11:16 -0500] "GET /desktop/img/page-search/mock-card.jpg HTTP/2.0" 200 5107 "https://www.stayzilla.com/desktop/bundles/61740c8f.main.cache.css" "Mozilla/5.0 (Windows NT 6.1; WOW64) AppleWebKit/537.36 (KHTML, like Gecko) Chrome/50.0.2661.94 Safari/537.36"
42.99.164.59 - - [13/May/2016:03:11:16 -0500] "GET /desktop/img/footer-watermark.png HTTP/2.0" 200 31478 "https://www.stayzilla.com/desktop/bundles/61740c8f.main.cache.css" "Mozilla/5.0 (Windows NT 6.1; WOW64) AppleWebKit/537.36 (KHTML, like Gecko) Chrome/50.0.2661.94 Safari/537.36"
59.178.202.40 - - [13/May/2016:03:11:16 -0500] "GET /desktop/img/brand-logo.svg HTTP/2.0" 200 2857 "https://www.stayzilla.com/search?checkInDate=15-05-2016&checkOutDate=16-05-2016&np=1&queryText=Rishikesh&sorting=id%3Drelevance%26order%3DDESC" "Mozilla/5.0 (Windows NT 6.1; WOW64) AppleWebKit/537.36 (KHTML, like Gecko) Chrome/50.0.2661.94 Safari/537.36"
59.178.202.40 - - [13/May/2016:03:11:16 -0500] "GET /desktop/img/footer_playStore.png HTTP/2.0" 200 6277 "https://www.stayzilla.com/search?checkInDate=15-05-2016&checkOutDate=16-05-2016&np=1&queryText=Rishikesh&sorting=id%3Drelevance%26order%3DDESC" "Mozilla/5.0 (Windows NT 6.1; WOW64) AppleWebKit/537.36 (KHTML, like Gecko) Chrome/50.0.2661.94 Safari/537.36"
59.178.202.40 - - [13/May/2016:03:11:16 -0500] "GET /desktop/img/footer_appStore.png HTTP/2.0" 200 6938 "https://www.stayzilla.com/search?checkInDate=15-05-2016&checkOutDate=16-05-2016&np=1&queryText=Rishikesh&sorting=id%3Drelevance%26order%3DDESC" "Mozilla/5.0 (Windows NT 6.1; WOW64) AppleWebKit/537.36 (KHTML, like Gecko) Chrome/50.0.2661.94 Safari/537.36"
117.196.116.44 - - [13/May/2016:03:11:16 -0500] "GET /search?&queryText=Vadodara&utm_campaign=384495404&utm_medium=27353607284&utm_term=hotels%20in%20vadodara%20gujarat&utm_source=adwords&device=m&gclid=Cj0KEQjw9tW5BRDk29KDnqWu4fMBEiQAKj7spyP4SuONkegiJDII6LOd_tqpX9II9m9YvIpHYRR4EQYaAgms8P8HAQ HTTP/2.0" 200 2141 "https://www.google.co.in/" "Mozilla/5.0 (Linux; Android 4.4.4; Lenovo S90-A Build/KTU84P) AppleWebKit/537.36 (KHTML, like Gecko) Chrome/50.0.2661.89 Mobile Safari/537.36"
59.178.202.40 - - [13/May/2016:03:11:16 -0500] "GET /desktop/fonts/sz-icon-font.woff?e25ad810c259ce05562f61038a802e30 HTTP/2.0" 200 48042 "https://www.stayzilla.com/desktop/bundles/61740c8f.main.cache.css" "Mozilla/5.0 (Windows NT 6.1; WOW64) AppleWebKit/537.36 (KHTML, like Gecko) Chrome/50.0.2661.94 Safari/537.36"
59.178.202.40 - - [13/May/2016:03:11:16 -0500] "GET /desktop/img/page-search/mock-card.jpg HTTP/2.0" 200 5107 "https://www.stayzilla.com/desktop/bundles/61740c8f.main.cache.css" "Mozilla/5.0 (Windows NT 6.1; WOW64) AppleWebKit/537.36 (KHTML, like Gecko) Chrome/50.0.2661.94 Safari/537.36"
59.178.202.40 - - [13/May/2016:03:11:16 -0500] "GET /desktop/img/footer-watermark.png HTTP/2.0" 200 31478 "https://www.stayzilla.com/desktop/bundles/61740c8f.main.cache.css" "Mozilla/5.0 (Windows NT 6.1; WOW64) AppleWebKit/537.36 (KHTML, like Gecko) Chrome/50.0.2661.94 Safari/537.36"
117.221.45.9 - - [13/May/2016:03:11:16 -0500] "GET /desktop/img/fullscreenicon.svg HTTP/2.0" 200 1449 "https://www.stayzilla.com/search?checkInDate=15-05-2016&checkOutDate=16-05-2016&np=1&queryText=Sangli&sorting=id%3Drelevance%26order%3DDESC" "Mozilla/5.0 (Windows NT 6.1; WOW64) AppleWebKit/537.36 (KHTML, like Gecko) Chrome/50.0.2661.94 Safari/537.36"
182.156.160.198 - - [13/May/2016:03:11:17 -0500] "GET /mobile/img/sz-loader.svg HTTP/2.0" 200 922 "https://www.stayzilla.com/search?&queryText=Nandi+Hills&utm_campaign=387593084&utm_medium=27549448004&utm_term=%2Bnandi%20hills%20%2Bresort&utm_source=adwords&device=m&gclid=Cj0KEQjw9tW5BRDk29KDnqWu4fMBEiQAKj7sp2gtw1rFoPyCpJWAsOUuoeDCcwn6awOPf7eMOaLhmm0aApEm8P8HAQ" "Mozilla/5.0 (Linux; Android 5.1; TIT-AL00 Build/HONORTIT-AL00) AppleWebKit/537.36 (KHTML, like Gecko) Chrome/46.0.2490.76 Mobile Safari/537.36"
182.156.160.198 - - [13/May/2016:03:11:17 -0500] "GET /mobile/img/body-bg.png HTTP/2.0" 200 1476 "https://www.stayzilla.com/mobile/bundles/main.84659e23.css" "Mozilla/5.0 (Linux; Android 5.1; TIT-AL00 Build/HONORTIT-AL00) AppleWebKit/537.36 (KHTML, like Gecko) Chrome/46.0.2490.76 Mobile Safari/537.36"
42.99.164.59 - - [13/May/2016:03:11:17 -0500] "GET /desktop/img/fullscreenicon.svg HTTP/2.0" 200 1449 "https://www.stayzilla.com/search?area=Ooty&checkInDate=27-05-2016&checkOutDate=30-05-2016&dist=10km&lat=11.4134&lng=76.69521&name=Ooty&np=1&queryText=Ooty&sorting=id%3Drelevance%26order%3DDESC&type=szcity?utm_source=emailer&utm_campaign=uniquestays&utm_medium=050516&utm_content=rima&utm_term=AS" "Mozilla/5.0 (Windows NT 6.1; WOW64) AppleWebKit/537.36 (KHTML, like Gecko) Chrome/50.0.2661.94 Safari/537.36"
42.99.164.59 - - [13/May/2016:03:11:17 -0500] "GET /desktop/img/property-card/verified.svg HTTP/2.0" 200 723 "https://www.stayzilla.com/search?area=Ooty&checkInDate=27-05-2016&checkOutDate=30-05-2016&dist=10km&lat=11.4134&lng=76.69521&name=Ooty&np=1&queryText=Ooty&sorting=id%3Drelevance%26order%3DDESC&type=szcity?utm_source=emailer&utm_campaign=uniquestays&utm_medium=050516&utm_content=rima&utm_term=AS" "Mozilla/5.0 (Windows NT 6.1; WOW64) AppleWebKit/537.36 (KHTML, like Gecko) Chrome/50.0.2661.94 Safari/537.36"
1.39.85.85 - - [13/May/2016:03:11:17 -0500] "GET /desktop/img/brand-logo.svg HTTP/2.0" 200 2857 "https://www.stayzilla.com/search?checkInDate=15-05-2016&checkOutDate=16-05-2016&np=1&queryText=Diu&sorting=id%3Drelevance%26order%3DDESC" "Mozilla/5.0 (Windows NT 6.1) AppleWebKit/537.36 (KHTML, like Gecko) Chrome/50.0.2661.102 Safari/537.36"
1.39.85.85 - - [13/May/2016:03:11:17 -0500] "GET /desktop/img/footer_playStore.png HTTP/2.0" 200 6277 "https://www.stayzilla.com/search?checkInDate=15-05-2016&checkOutDate=16-05-2016&np=1&queryText=Diu&sorting=id%3Drelevance%26order%3DDESC" "Mozilla/5.0 (Windows NT 6.1) AppleWebKit/537.36 (KHTML, like Gecko) Chrome/50.0.2661.102 Safari/537.36"
1.39.85.85 - - [13/May/2016:03:11:17 -0500] "GET /desktop/img/footer_appStore.png HTTP/2.0" 200 6938 "https://www.stayzilla.com/search?checkInDate=15-05-2016&checkOutDate=16-05-2016&np=1&queryText=Diu&sorting=id%3Drelevance%26order%3DDESC" "Mozilla/5.0 (Windows NT 6.1) AppleWebKit/537.36 (KHTML, like Gecko) Chrome/50.0.2661.102 Safari/537.36"
1.39.85.85 - - [13/May/2016:03:11:17 -0500] "GET /desktop/fonts/sz-icon-font.woff?e25ad810c259ce05562f61038a802e30 HTTP/2.0" 200 48042 "https://www.stayzilla.com/desktop/bundles/61740c8f.main.cache.css" "Mozilla/5.0 (Windows NT 6.1) AppleWebKit/537.36 (KHTML, like Gecko) Chrome/50.0.2661.102 Safari/537.36"
1.39.85.85 - - [13/May/2016:03:11:17 -0500] "GET /desktop/img/page-search/mock-card.jpg HTTP/2.0" 200 5107 "https://www.stayzilla.com/desktop/bundles/61740c8f.main.cache.css" "Mozilla/5.0 (Windows NT 6.1) AppleWebKit/537.36 (KHTML, like Gecko) Chrome/50.0.2661.102 Safari/537.36"
1.39.85.85 - - [13/May/2016:03:11:17 -0500] "GET /desktop/img/footer-watermark.png HTTP/2.0" 200 31478 "https://www.stayzilla.com/desktop/bundles/61740c8f.main.cache.css" "Mozilla/5.0 (Windows NT 6.1) AppleWebKit/537.36 (KHTML, like Gecko) Chrome/50.0.2661.102 Safari/537.36"
59.178.202.40 - - [13/May/2016:03:11:17 -0500] "GET /desktop/img/favicons/sz-favicon.ico HTTP/2.0" 200 32330 "https://www.stayzilla.com/search?checkInDate=15-05-2016&checkOutDate=16-05-2016&np=1&queryText=Rishikesh&sorting=id%3Drelevance%26order%3DDESC" "Mozilla/5.0 (Windows NT 6.1; WOW64) AppleWebKit/537.36 (KHTML, like Gecko) Chrome/50.0.2661.94 Safari/537.36"
182.156.160.198 - - [13/May/2016:03:11:18 -0500] "GET /mobile/fonts/sz-icon-font.woff?88e901b9d2b11d7c459265418b164812 HTTP/2.0" 200 46946 "https://www.stayzilla.com/mobile/bundles/main.84659e23.css" "Mozilla/5.0 (Linux; Android 5.1; TIT-AL00 Build/HONORTIT-AL00) AppleWebKit/537.36 (KHTML, like Gecko) Chrome/46.0.2490.76 Mobile Safari/537.36"
59.178.202.40 - - [13/May/2016:03:11:18 -0500] "GET /desktop/img/fullscreenicon.svg HTTP/2.0" 200 1449 "https://www.stayzilla.com/search?checkInDate=15-05-2016&checkOutDate=16-05-2016&np=1&queryText=Rishikesh&sorting=id%3Drelevance%26order%3DDESC" "Mozilla/5.0 (Windows NT 6.1; WOW64) AppleWebKit/537.36 (KHTML, like Gecko) Chrome/50.0.2661.94 Safari/537.36"
59.178.202.40 - - [13/May/2016:03:11:18 -0500] "GET /desktop/img/property-card/verified.svg HTTP/2.0" 200 723 "https://www.stayzilla.com/search?checkInDate=15-05-2016&checkOutDate=16-05-2016&np=1&queryText=Rishikesh&sorting=id%3Drelevance%26order%3DDESC" "Mozilla/5.0 (Windows NT 6.1; WOW64) AppleWebKit/537.36 (KHTML, like Gecko) Chrome/50.0.2661.94 Safari/537.36"
49.202.149.53 - - [13/May/2016:03:11:18 -0500] "GET /stays/33430?utm_campaign=395129564&utm_medium=28503191084&utm_term=hotel%20elegant%20classique%20indore&utm_source=adwords&device=m&gclid=CIfei4vN1swCFRFwvAodU9wDJA HTTP/2.0" 200 2141 "https://www.google.co.in/" "Mozilla/5.0 (Linux; Android 5.0.2; Lenovo A6000 Build/LRX22G) AppleWebKit/537.36 (KHTML, like Gecko) Chrome/47.0.2526.83 Mobile Safari/537.36"
66.249.71.53 - - [13/May/2016:03:11:18 -0500] "GET /india/Rameswaram-hotels/book-Hotel_Siva_Sakthi-online.php HTTP/1.1" 200 1899 "-" "Mozilla/5.0 (compatible; Googlebot/2.1; +http://www.google.com/bot.html)"
14.140.151.102 - - [13/May/2016:03:11:18 -0500] "POST /cloud_call_back_url.php HTTP/1.1" 405 176 "-" "python-requests/2.8.1"
27.251.216.179 - - [13/May/2016:03:11:19 -0500] "GET /desktop/img/fullscreenicon.svg HTTP/2.0" 200 1449 "https://www.stayzilla.com/search?checkInDate=15-05-2016&checkOutDate=16-05-2016&np=1&queryText=Nainital&sorting=id%3Drelevance%26order%3DDESC" "Mozilla/5.0 (Windows NT 6.3) AppleWebKit/537.36 (KHTML, like Gecko) Chrome/50.0.2661.102 Safari/537.36"
27.251.216.179 - - [13/May/2016:03:11:19 -0500] "GET /desktop/img/property-card/verified.svg HTTP/2.0" 200 723 "https://www.stayzilla.com/search?checkInDate=15-05-2016&checkOutDate=16-05-2016&np=1&queryText=Nainital&sorting=id%3Drelevance%26order%3DDESC" "Mozilla/5.0 (Windows NT 6.3) AppleWebKit/537.36 (KHTML, like Gecko) Chrome/50.0.2661.102 Safari/537.36"
49.202.149.53 - - [13/May/2016:03:11:19 -0500] "GET /mobile/bundles/main.84659e23.css HTTP/2.0" 200 24951 "https://www.stayzilla.com/stays/33430?utm_campaign=395129564&utm_medium=28503191084&utm_term=hotel%20elegant%20classique%20indore&utm_source=adwords&device=m&gclid=CIfei4vN1swCFRFwvAodU9wDJA" "Mozilla/5.0 (Linux; Android 5.0.2; Lenovo A6000 Build/LRX22G) AppleWebKit/537.36 (KHTML, like Gecko) Chrome/47.0.2526.83 Mobile Safari/537.36"
106.219.63.120 - - [13/May/2016:03:11:19 -0500] "GET /mobile/img/down-arrow.png HTTP/2.0" 200 550 "https://www.stayzilla.com/mobile/bundles/main.84659e23.css" "Mozilla/5.0 (Linux; Android 5.1.1; A33f Build/LMY47V) AppleWebKit/537.36 (KHTML, like Gecko) Chrome/43.0.2357.93 Mobile Safari/537.36"
125.19.78.90 - - [13/May/2016:03:11:19 -0500] "GET /desktop/img/page-search/mock-card.jpg HTTP/1.1" 200 4818 "https://www.stayzilla.com/" "Mozilla/5.0 (Windows NT 10.0; WOW64; Trident/7.0; rv:11.0) like Gecko"
125.19.78.90 - - [13/May/2016:03:11:20 -0500] "GET /desktop/img/fullscreenicon.svg HTTP/1.1" 200 1233 "https://www.stayzilla.com/" "Mozilla/5.0 (Windows NT 10.0; WOW64; Trident/7.0; rv:11.0) like Gecko"
125.19.78.90 - - [13/May/2016:03:11:20 -0500] "GET /desktop/img/property-card/verified.svg HTTP/1.1" 200 508 "https://www.stayzilla.com/" "Mozilla/5.0 (Windows NT 10.0; WOW64; Trident/7.0; rv:11.0) like Gecko"
1.39.85.85 - - [13/May/2016:03:11:20 -0500] "GET /desktop/img/fullscreenicon.svg HTTP/2.0" 200 1449 "https://www.stayzilla.com/search?checkInDate=15-05-2016&checkOutDate=16-05-2016&np=1&queryText=Diu&sorting=id%3Drelevance%26order%3DDESC" "Mozilla/5.0 (Windows NT 6.1) AppleWebKit/537.36 (KHTML, like Gecko) Chrome/50.0.2661.102 Safari/537.36"
1.39.85.85 - - [13/May/2016:03:11:20 -0500] "GET /desktop/img/property-card/verified.svg HTTP/2.0" 200 723 "https://www.stayzilla.com/search?checkInDate=15-05-2016&checkOutDate=16-05-2016&np=1&queryText=Diu&sorting=id%3Drelevance%26order%3DDESC" "Mozilla/5.0 (Windows NT 6.1) AppleWebKit/537.36 (KHTML, like Gecko) Chrome/50.0.2661.102 Safari/537.36"
49.249.8.179 - - [13/May/2016:03:11:20 -0500] "GET /mobile/img/svgIcons.svg?v=2 HTTP/1.1" 200 384574 "https://www.stayzilla.com/search?queryText=Madikeri&checkInDate=15-05-2016&checkOutDate=16-05-2016&&&&&&&&filters=stay%255B0%255D%3Dresort&sorting=id%3Drelevance%26order%3DDESC&np=1" "Mozilla/5.0 (Linux; Android 5.0.2; XT1068 Build/LXB22.46-28) AppleWebKit/537.36 (KHTML, like Gecko) Chrome/39.0.2171.59 Mobile Safari/537.36"
49.202.149.53 - - [13/May/2016:03:11:21 -0500] "GET /mobile/bundles/vendors.99bc40dc.js HTTP/2.0" 200 64970 "https://www.stayzilla.com/stays/33430?utm_campaign=395129564&utm_medium=28503191084&utm_term=hotel%20elegant%20classique%20indore&utm_source=adwords&device=m&gclid=CIfei4vN1swCFRFwvAodU9wDJA" "Mozilla/5.0 (Linux; Android 5.0.2; Lenovo A6000 Build/LRX22G) AppleWebKit/537.36 (KHTML, like Gecko) Chrome/47.0.2526.83 Mobile Safari/537.36"
101.212.71.67 - - [13/May/2016:03:11:21 -0500] "GET /search?&queryText=Lucknow&utm_campaign=384495764&utm_medium=27353607764&utm_term=%2Blucknow%20%2Bhotel&utm_source=adwords&device=m&gclid=COuVno7N1swCFYKWvAod9jIM4A HTTP/1.1" 200 1926 "-" "Mozilla/5.0 (Linux; Android 4.4.2; SpiceMI-520N Build/SpiceMi520N) AppleWebKit/537.36 (KHTML, like Gecko) Chrome/33.0.1750.136 Mobile Safari/537.36"
117.218.42.156 - - [13/May/2016:03:11:21 -0500] "GET /search?checkInDate=15-05-2016&checkOutDate=16-05-2016&filters=amenities%255B%255D%3Dswimming_pool&np=1&queryText=Agra&sorting=id%3Drelevance%26order%3DDESC HTTP/2.0" 200 2114 "https://www.google.co.in/" "Mozilla/5.0 (Windows NT 6.1; WOW64) AppleWebKit/537.36 (KHTML, like Gecko) Chrome/48.0.2564.97 Safari/537.36"
182.156.160.198 - - [13/May/2016:03:11:21 -0500] "GET /mobile/img/sz-favicon.ico HTTP/2.0" 200 370364 "https://www.stayzilla.com/search?queryText=Nandi%2BHills&checkInDate=15-05-2016&checkOutDate=16-05-2016&&&&&&&&filters=&sorting=id%3Drelevance%26order%3DDESC&np=1" "Mozilla/5.0 (Linux; Android 5.1; TIT-AL00 Build/HONORTIT-AL00) AppleWebKit/537.36 (KHTML, like Gecko) Chrome/46.0.2490.76 Mobile Safari/537.36"
182.156.160.198 - - [13/May/2016:03:11:21 -0500] "GET /mobile/img/stay-default.png HTTP/2.0" 200 4440 "https://www.stayzilla.com/search?queryText=Nandi%2BHills&checkInDate=15-05-2016&checkOutDate=16-05-2016&&&&&&&&filters=&sorting=id%3Drelevance%26order%3DDESC&np=1" "Mozilla/5.0 (Linux; Android 5.1; TIT-AL00 Build/HONORTIT-AL00) AppleWebKit/537.36 (KHTML, like Gecko) Chrome/46.0.2490.76 Mobile Safari/537.36"
27.49.72.57 - - [13/May/2016:03:11:21 -0500] "GET /desktop/icons/angle-down.svg HTTP/2.0" 404 2025 "https://www.stayzilla.com/desktop/bundles/61740c8f.main.cache.css" "Mozilla/5.0 (Windows NT 6.1) AppleWebKit/537.36 (KHTML, like Gecko) Chrome/50.0.2661.102 Safari/537.36"
101.212.71.67 - - [13/May/2016:03:11:22 -0500] "GET /mobile/bundles/main.84659e23.css HTTP/1.1" 200 24639 "https://www.stayzilla.com/search?&queryText=Lucknow&utm_campaign=384495764&utm_medium=27353607764&utm_term=%2Blucknow%20%2Bhotel&utm_source=adwords&device=m&gclid=COuVno7N1swCFYKWvAod9jIM4A" "Mozilla/5.0 (Linux; Android 4.4.2; SpiceMI-520N Build/SpiceMi520N) AppleWebKit/537.36 (KHTML, like Gecko) Chrome/33.0.1750.136 Mobile Safari/537.36"
14.139.155.243 - - [13/May/2016:03:11:22 -0500] "GET /stays/hotel-mathura-residency-13125?checkInDate=15-05-2016&checkOutDate=16-05-2016 HTTP/2.0" 200 2114 "https://www.stayzilla.com/search?checkInDate=15-05-2016&checkOutDate=16-05-2016&np=2&queryText=Shimoga&sorting=id%3Drelevance%26order%3DDESC" "Mozilla/5.0 (Windows NT 5.1) AppleWebKit/537.36 (KHTML, like Gecko) Chrome/49.0.2623.112 Safari/537.36"
202.54.232.135 - - [13/May/2016:03:11:22 -0500] "GET /search?area=Solan&queryText=Solan&np=11&checkInDate=20-7-2016&checkOutDate=21-7-2016 HTTP/2.0" 200 2114 "-" "Mozilla/5.0 (Windows NT 6.1; WOW64) AppleWebKit/537.36 (KHTML, like Gecko) Chrome/50.0.2661.94 Safari/537.36"
1.39.85.85 - - [13/May/2016:03:11:22 -0500] "GET /desktop/img/favicons/sz-favicon.ico HTTP/2.0" 200 32330 "https://www.stayzilla.com/search?checkInDate=15-05-2016&checkOutDate=16-05-2016&np=1&queryText=Diu&sorting=id%3Drelevance%26order%3DDESC" "Mozilla/5.0 (Windows NT 6.1) AppleWebKit/537.36 (KHTML, like Gecko) Chrome/50.0.2661.102 Safari/537.36"
101.212.71.67 - - [13/May/2016:03:11:23 -0500] "GET /mobile/bundles/app.a55b1412.js HTTP/1.1" 200 50645 "https://www.stayzilla.com/search?&queryText=Lucknow&utm_campaign=384495764&utm_medium=27353607764&utm_term=%2Blucknow%20%2Bhotel&utm_source=adwords&device=m&gclid=COuVno7N1swCFYKWvAod9jIM4A" "Mozilla/5.0 (Linux; Android 4.4.2; SpiceMI-520N Build/SpiceMi520N) AppleWebKit/537.36 (KHTML, like Gecko) Chrome/33.0.1750.136 Mobile Safari/537.36"
101.212.71.67 - - [13/May/2016:03:11:23 -0500] "GET /mobile/img/body-bg.png HTTP/1.1" 200 1189 "https://www.stayzilla.com/search?&queryText=Lucknow&utm_campaign=384495764&utm_medium=27353607764&utm_term=%2Blucknow%20%2Bhotel&utm_source=adwords&device=m&gclid=COuVno7N1swCFYKWvAod9jIM4A" "Mozilla/5.0 (Linux; Android 4.4.2; SpiceMI-520N Build/SpiceMi520N) AppleWebKit/537.36 (KHTML, like Gecko) Chrome/33.0.1750.136 Mobile Safari/537.36"
182.156.160.198 - - [13/May/2016:03:11:23 -0500] "GET /mobile/img/svgIcons.svg?v=2 HTTP/2.0" 200 384794 "https://www.stayzilla.com/search?queryText=Nandi%2BHills&checkInDate=15-05-2016&checkOutDate=16-05-2016&&&&&&&&filters=&sorting=id%3Drelevance%26order%3DDESC&np=1" "Mozilla/5.0 (Linux; Android 5.1; TIT-AL00 Build/HONORTIT-AL00) AppleWebKit/537.36 (KHTML, like Gecko) Chrome/46.0.2490.76 Mobile Safari/537.36"
120.60.162.242 - - [13/May/2016:03:11:24 -0500] "GET /search?&queryText=Igatpuri&utm_campaign=387053324&utm_medium=27458878244&utm_term=%2Bigatpuri%20%2Bresort&utm_source=adwords&device=m&gclid=Cj0KEQjw9tW5BRDk29KDnqWu4fMBEiQAKj7sp0Sr0lbipKjcwoezxA5GbAeLZwXw5nb3AoRNPabqjiUaAg6a8P8HAQ HTTP/2.0" 200 2141 "-" "Mozilla/5.0 (iPhone; CPU iPhone OS 9_3_1 like Mac OS X) AppleWebKit/600.1.4 (KHTML, like Gecko) GSA/14.1.119979954 Mobile/13E238 Safari/600.1.4"
101.212.71.67 - - [13/May/2016:03:11:24 -0500] "GET /mobile/bundles/szmtpl.e0d4848c.js HTTP/1.1" 200 46177 "https://www.stayzilla.com/search?&queryText=Lucknow&utm_campaign=384495764&utm_medium=27353607764&utm_term=%2Blucknow%20%2Bhotel&utm_source=adwords&device=m&gclid=COuVno7N1swCFYKWvAod9jIM4A" "Mozilla/5.0 (Linux; Android 4.4.2; SpiceMI-520N Build/SpiceMi520N) AppleWebKit/537.36 (KHTML, like Gecko) Chrome/33.0.1750.136 Mobile Safari/537.36"
117.221.45.9 - - [13/May/2016:03:11:24 -0500] "GET /desktop/img/others/tick.svg HTTP/2.0" 200 1203 "https://www.stayzilla.com/desktop/bundles/61740c8f.main.cache.css" "Mozilla/5.0 (Windows NT 6.1; WOW64) AppleWebKit/537.36 (KHTML, like Gecko) Chrome/50.0.2661.94 Safari/537.36"
49.202.149.53 - - [13/May/2016:03:11:24 -0500] "GET /mobile/bundles/szmtpl.e0d4848c.js HTTP/2.0" 200 46503 "https://www.stayzilla.com/stays/33430?utm_campaign=395129564&utm_medium=28503191084&utm_term=hotel%20elegant%20classique%20indore&utm_source=adwords&device=m&gclid=CIfei4vN1swCFRFwvAodU9wDJA" "Mozilla/5.0 (Linux; Android 5.0.2; Lenovo A6000 Build/LRX22G) AppleWebKit/537.36 (KHTML, like Gecko) Chrome/47.0.2526.83 Mobile Safari/537.36"
15.203.233.81 - - [13/May/2016:03:11:25 -0500] "GET /stays/the-peak-resorts-58028?checkInDate=27-05-2016&checkOutDate=29-05-2016&pageAction=initiateBooking HTTP/2.0" 200 2114 "https://sso.stayzilla.com/register?returnurl=https%3A%2F%2Fwww.stayzilla.com%2Fstays%2Fthe-peak-resorts-58028%3FcheckInDate%3D27-05-2016%26checkOutDate%3D29-05-2016%26pageAction%3DinitiateBooking&sessionid=YcBT1DHYEuQmwFsMhsS85w_N1si_s4iG" "Mozilla/5.0 (Windows NT 6.1; WOW64) AppleWebKit/537.36 (KHTML, like Gecko) Chrome/50.0.2661.94 Safari/537.36"
117.217.27.240 - - [13/May/2016:03:11:25 -0500] "GET /desktop/img/page-search/quick-view-box-arrow.png HTTP/2.0" 200 770 "https://www.stayzilla.com/search?checkInDate=15-05-2016&checkOutDate=16-05-2016&np=1&queryText=mount+abu&sorting=id%3Drelevance%26order%3DDESC" "Mozilla/5.0 (Windows NT 5.1) AppleWebKit/537.36 (KHTML, like Gecko) Chrome/49.0.2623.112 Safari/537.36"
27.54.172.156 - - [13/May/2016:03:11:26 -0500] "GET /desktop/img/sz-loader.svg HTTP/2.0" 200 831 "https://www.stayzilla.com/stays/savshanti-hill-resort-44582?checkInDate=21-05-2016&checkOutDate=23-05-2016&pageAction=initiateBooking" "Mozilla/5.0 (Windows NT 5.1; rv:46.0) Gecko/20100101 Firefox/46.0"
49.249.8.179 - - [13/May/2016:03:11:26 -0500] "GET /mobile/img/sz-favicon.ico HTTP/1.1" 200 370070 "-" "Mozilla/5.0 (Linux; Android 5.0.2; XT1068 Build/LXB22.46-28) AppleWebKit/537.36 (KHTML, like Gecko) Chrome/39.0.2171.59 Mobile Safari/537.36"
15.203.233.81 - - [13/May/2016:03:11:27 -0500] "GET /desktop/img/sz-loader.svg HTTP/2.0" 200 831 "https://www.stayzilla.com/stays/the-peak-resorts-58028?checkInDate=27-05-2016&checkOutDate=29-05-2016&pageAction=initiateBooking" "Mozilla/5.0 (Windows NT 6.1; WOW64) AppleWebKit/537.36 (KHTML, like Gecko) Chrome/50.0.2661.94 Safari/537.36"
106.219.63.120 - - [13/May/2016:03:11:27 -0500] "GET /mobile/img/svgIcons.svg?v=2 HTTP/2.0" 200 384794 "https://www.stayzilla.com/search?queryText=Mussoorie&checkInDate=15-05-2016&checkOutDate=16-05-2016&&&&&&&&filters=&sorting=id%3Drelevance%26order%3DDESC&np=1" "Mozilla/5.0 (Linux; Android 5.1.1; A33f Build/LMY47V) AppleWebKit/537.36 (KHTML, like Gecko) Chrome/43.0.2357.93 Mobile Safari/537.36"
202.167.192.36 - - [13/May/2016:03:11:27 -0500] "GET /search?&queryText=Mumbai&utm_campaign=384489404&utm_medium=27353602484&utm_term=%2Bmumbai%20%2Bhotel&utm_source=adwords&device=c&gclid=CICSh5LN1swCFYcrvQodx3MONQ HTTP/2.0" 200 2114 "https://www.google.co.in/" "Mozilla/5.0 (Windows NT 6.1; WOW64) AppleWebKit/537.36 (KHTML, like Gecko) Chrome/50.0.2661.102 Safari/537.36"
66.249.79.162 - - [13/May/2016:03:11:27 -0500] "GET /hotels/tamil-nadu-kumbakonam/uls318di HTTP/1.1" 200 1899 "-" "Mozilla/5.0 (compatible; Googlebot/2.1; +http://www.google.com/bot.html)"
202.167.192.36 - - [13/May/2016:03:11:27 -0500] "GET /desktop/bundles/61740c8f.main.cache.css HTTP/2.0" 200 25413 "https://www.stayzilla.com/search?&queryText=Mumbai&utm_campaign=384489404&utm_medium=27353602484&utm_term=%2Bmumbai%20%2Bhotel&utm_source=adwords&device=c&gclid=CICSh5LN1swCFYcrvQodx3MONQ" "Mozilla/5.0 (Windows NT 6.1; WOW64) AppleWebKit/537.36 (KHTML, like Gecko) Chrome/50.0.2661.102 Safari/537.36"
202.167.192.36 - - [13/May/2016:03:11:27 -0500] "GET /common/jquery-2.1.4.min.js HTTP/2.0" 200 30700 "https://www.stayzilla.com/search?&queryText=Mumbai&utm_campaign=384489404&utm_medium=27353602484&utm_term=%2Bmumbai%20%2Bhotel&utm_source=adwords&device=c&gclid=CICSh5LN1swCFYcrvQodx3MONQ" "Mozilla/5.0 (Windows NT 6.1; WOW64) AppleWebKit/537.36 (KHTML, like Gecko) Chrome/50.0.2661.102 Safari/537.36"
124.253.8.79 - - [13/May/2016:03:11:27 -0500] "GET /desktop/icons/angle-down.svg HTTP/2.0" 404 2025 "https://www.stayzilla.com/desktop/bundles/61740c8f.main.cache.css" "Mozilla/5.0 (Windows NT 6.1) AppleWebKit/537.36 (KHTML, like Gecko) Chrome/50.0.2661.102 Safari/537.36"
101.212.71.67 - - [13/May/2016:03:11:27 -0500] "GET /mobile/bundles/vendors.99bc40dc.js HTTP/1.1" 200 64644 "https://www.stayzilla.com/search?&queryText=Lucknow&utm_campaign=384495764&utm_medium=27353607764&utm_term=%2Blucknow%20%2Bhotel&utm_source=adwords&device=m&gclid=COuVno7N1swCFYKWvAod9jIM4A" "Mozilla/5.0 (Linux; Android 4.4.2; SpiceMI-520N Build/SpiceMi520N) AppleWebKit/537.36 (KHTML, like Gecko) Chrome/33.0.1750.136 Mobile Safari/537.36"
202.167.192.36 - - [13/May/2016:03:11:27 -0500] "GET /desktop/bundles/86a46f2b.app.cache.js HTTP/2.0" 200 193151 "https://www.stayzilla.com/search?&queryText=Mumbai&utm_campaign=384489404&utm_medium=27353602484&utm_term=%2Bmumbai%20%2Bhotel&utm_source=adwords&device=c&gclid=CICSh5LN1swCFYcrvQodx3MONQ" "Mozilla/5.0 (Windows NT 6.1; WOW64) AppleWebKit/537.36 (KHTML, like Gecko) Chrome/50.0.2661.102 Safari/537.36"
117.213.71.247 - - [13/May/2016:03:11:28 -0500] "GET /search?queryText=Kodaikanal&checkInDate=15-05-2016&checkOutDate=16-05-2016&&&&&&&&filters=stay%255B0%255D%3Dresort&sorting=id%3Drelevance%26order%3DDESC&np=1 HTTP/2.0" 200 2141 "https://www.google.co.in/" "Mozilla/5.0 (iPhone; CPU iPhone OS 9_3_1 like Mac OS X) AppleWebKit/601.1.46 (KHTML, like Gecko) Version/9.0 Mobile/13E238 Safari/601.1"
